'IUTThreeClosures.ABCBidirectionalPrimeTransportSuccessor20260903.BidirectionalWeightedFlow' depends on axioms: [propext,
 Classical.choice,
 Quot.sound]
'IUTThreeClosures.ABCBidirectionalPrimeTransportSuccessor20260903.zeroBidirectionalWeightedFlow' depends on axioms: [propext,
 Classical.choice,
 Quot.sound]
'IUTThreeClosures.ABCBidirectionalPrimeTransportSuccessor20260903.singleEdgeBidirectionalWeightedFlow' depends on axioms: [propext,
 Classical.choice,
 Quot.sound]
'IUTThreeClosures.ABCBidirectionalPrimeTransportSuccessor20260903.singleEdgeBidirectionalWeightedFlow_selected' depends on axioms: [propext,
 Classical.choice,
 Quot.sound]
'IUTThreeClosures.ABCBidirectionalPrimeTransportSuccessor20260903.UnorderedMassRelaxation' depends on axioms: [propext,
 Classical.choice,
 Quot.sound]
'IUTThreeClosures.ABCBidirectionalPrimeTransportSuccessor20260903.UnorderedMassRelaxation.unmatched' depends on axioms: [propext,
 Classical.choice,
 Quot.sound]
'IUTThreeClosures.ABCBidirectionalPrimeTransportSuccessor20260903.UnorderedMassRelaxation.positivePart_le_unmatched' depends on axioms: [propext,
 Classical.choice,
 Quot.sound]
'IUTThreeClosures.ABCBidirectionalPrimeTransportSuccessor20260903.UnorderedMassRelaxation.optimal' depends on axioms: [propext,
 Classical.choice,
 Quot.sound]
'IUTThreeClosures.ABCBidirectionalPrimeTransportSuccessor20260903.UnorderedMassRelaxation.optimal_unmatched_eq_positivePart' depends on axioms: [propext,
 Classical.choice,
 Quot.sound]
'IUTThreeClosures.ABCBidirectionalPrimeTransportSuccessor20260903.BidirectionalWeightedFlow.toUnorderedMassRelaxation' depends on axioms: [propext,
 Classical.choice,
 Quot.sound]
'IUTThreeClosures.ABCBidirectionalPrimeTransportSuccessor20260903.BidirectionalWeightedFlow.positivePart_source_sub_sink_le_unmatchedMass' depends on axioms: [propext,
 Classical.choice,
 Quot.sound]
'IUTThreeClosures.ABCBidirectionalPrimeTransportSuccessor20260903.EndpointBidirectionalFlow' depends on axioms: [propext,
 Classical.choice,
 Quot.sound]
'IUTThreeClosures.ABCBidirectionalPrimeTransportSuccessor20260903.primeExcessTokenWeight_nonneg' depends on axioms: [propext,
 Classical.choice,
 Quot.sound]
'IUTThreeClosures.ABCBidirectionalPrimeTransportSuccessor20260903.primeSupportTokenWeight_nonneg' depends on axioms: [propext,
 Classical.choice,
 Quot.sound]
'IUTThreeClosures.ABCBidirectionalPrimeTransportSuccessor20260903.zeroEndpointBidirectionalFlow' depends on axioms: [propext,
 Classical.choice,
 Quot.sound]
'IUTThreeClosures.ABCBidirectionalPrimeTransportSuccessor20260903.endpointBidirectionalFlow_nonempty' depends on axioms: [propext,
 Classical.choice,
 Quot.sound]
'IUTThreeClosures.ABCBidirectionalPrimeTransportSuccessor20260903.endpointBidirectionalFlow_sourceMass_eq_log_core' depends on axioms: [propext,
 Classical.choice,
 Quot.sound]
'IUTThreeClosures.ABCBidirectionalPrimeTransportSuccessor20260903.endpointBidirectionalFlow_sinkMass_eq_log_externalRadical' depends on axioms: [propext,
 Classical.choice,
 Quot.sound]
'IUTThreeClosures.ABCBidirectionalPrimeTransportSuccessor20260903.endpointUnorderedOptimalUnmatched' depends on axioms: [propext,
 Classical.choice,
 Quot.sound]
'IUTThreeClosures.ABCBidirectionalPrimeTransportSuccessor20260903.endpointUnorderedOptimalUnmatched_eq_positive_height_defect' depends on axioms: [propext,
 Classical.choice,
 Quot.sound]
'IUTThreeClosures.ABCBidirectionalPrimeTransportSuccessor20260903.endpointUnorderedOptimalUnmatched_le_unmatchedMass' depends on axioms: [propext,
 Classical.choice,
 Quot.sound]
'IUTThreeClosures.ABCBidirectionalPrimeTransportSuccessor20260903.endpointOptimalScalarRelaxation' depends on axioms: [propext,
 Classical.choice,
 Quot.sound]
'IUTThreeClosures.ABCBidirectionalPrimeTransportSuccessor20260903.endpointOptimalScalarRelaxation_unmatched' depends on axioms: [propext,
 Classical.choice,
 Quot.sound]
'IUTThreeClosures.ABCBidirectionalPrimeTransportSuccessor20260903.UniformUnorderedEndpointRelaxationBound' depends on axioms: [propext,
 Classical.choice,
 Quot.sound]
'IUTThreeClosures.ABCBidirectionalPrimeTransportSuccessor20260903.abc_of_uniformUnorderedEndpointRelaxationBound' depends on axioms: [propext,
 Classical.choice,
 Quot.sound]
'IUTThreeClosures.ABCBidirectionalPrimeTransportSuccessor20260903.uniformUnorderedEndpointRelaxationBound_of_abc' depends on axioms: [propext,
 Classical.choice,
 Quot.sound]
'IUTThreeClosures.ABCBidirectionalPrimeTransportSuccessor20260903.uniformUnorderedEndpointRelaxationBound_iff_abc' depends on axioms: [propext,
 Classical.choice,
 Quot.sound]
'IUTThreeClosures.ABCBidirectionalPrimeTransportSuccessor20260903.relativeLogDrop' depends on axioms: [propext,
 Classical.choice,
 Quot.sound]
'IUTThreeClosures.ABCBidirectionalPrimeTransportSuccessor20260903.relativeLogDrop_nonneg' depends on axioms: [propext,
 Classical.choice,
 Quot.sound]
'IUTThreeClosures.ABCBidirectionalPrimeTransportSuccessor20260903.relativeLogDrop_eq_zero_of_le' depends on axioms: [propext,
 Classical.choice,
 Quot.sound]
'IUTThreeClosures.ABCBidirectionalPrimeTransportSuccessor20260903.BidirectionalWeightedFlow.downwardCost' depends on axioms: [propext,
 Classical.choice,
 Quot.sound]
'IUTThreeClosures.ABCBidirectionalPrimeTransportSuccessor20260903.BidirectionalWeightedFlow.downwardCost_nonneg' depends on axioms: [propext,
 Classical.choice,
 Quot.sound]
'IUTThreeClosures.ABCBidirectionalPrimeTransportSuccessor20260903.endpointDownwardCost' depends on axioms: [propext,
 Classical.choice,
 Quot.sound]
'IUTThreeClosures.ABCBidirectionalPrimeTransportSuccessor20260903.endpointDownwardCost_nonneg' depends on axioms: [propext,
 Classical.choice,
 Quot.sound]
'IUTThreeClosures.ABCBidirectionalPrimeTransportSuccessor20260903.endpointPrimeFlowToBidirectional' depends on axioms: [propext,
 Classical.choice,
 Quot.sound]
'IUTThreeClosures.ABCBidirectionalPrimeTransportSuccessor20260903.endpointPrimeFlow_toBidirectional_downwardCost_eq_zero' depends on axioms: [propext,
 Classical.choice,
 Quot.sound]
'IUTThreeClosures.ABCBidirectionalPrimeTransportSuccessor20260903.endpointBidirectionalEnergy' depends on axioms: [propext,
 Classical.choice,
 Quot.sound]
'IUTThreeClosures.ABCBidirectionalPrimeTransportSuccessor20260903.endpointBidirectionalEnergy_nonneg' depends on axioms: [propext,
 Classical.choice,
 Quot.sound]
'IUTThreeClosures.ABCBidirectionalPrimeTransportSuccessor20260903.unmatchedMass_le_endpointBidirectionalEnergy' depends on axioms: [propext,
 Classical.choice,
 Quot.sound]
'IUTThreeClosures.ABCBidirectionalPrimeTransportSuccessor20260903.signedEndpointCoreDefect_le_bidirectionalUnmatchedMass' depends on axioms: [propext,
 Classical.choice,
 Quot.sound]
'IUTThreeClosures.ABCBidirectionalPrimeTransportSuccessor20260903.height_le_conductor_add_bidirectionalUnmatchedMass' depends on axioms: [propext,
 Classical.choice,
 Quot.sound]
'IUTThreeClosures.ABCBidirectionalPrimeTransportSuccessor20260903.height_le_conductor_add_bidirectionalEnergy' depends on axioms: [propext,
 Classical.choice,
 Quot.sound]
'IUTThreeClosures.ABCBidirectionalPrimeTransportSuccessor20260903.UniformBidirectionalEndpointEnergyBound' depends on axioms: [propext,
 Classical.choice,
 Quot.sound]
'IUTThreeClosures.ABCBidirectionalPrimeTransportSuccessor20260903.abc_of_uniformBidirectionalEndpointEnergyBound' depends on axioms: [propext,
 Classical.choice,
 Quot.sound]
