'IUTThreeClosures.ABCBidirectionalEnergyPythagoreanObstruction20260903.PrimeHypotenuseDatum' depends on axioms: [propext]
'IUTThreeClosures.ABCBidirectionalEnergyPythagoreanObstruction20260903.twoSquare_left_pos' depends on axioms: [propext,
 Classical.choice,
 Quot.sound]
'IUTThreeClosures.ABCBidirectionalEnergyPythagoreanObstruction20260903.twoSquare_right_pos' depends on axioms: [propext,
 Classical.choice,
 Quot.sound]
'IUTThreeClosures.ABCBidirectionalEnergyPythagoreanObstruction20260903.twoSquare_coprime' depends on axioms: [propext,
 Classical.choice,
 Quot.sound]
'IUTThreeClosures.ABCBidirectionalEnergyPythagoreanObstruction20260903.twoSquare_oppositeParity' depends on axioms: [propext,
 Classical.choice,
 Quot.sound]
'IUTThreeClosures.ABCBidirectionalEnergyPythagoreanObstruction20260903.primeHypotenuseDatum_exists' depends on axioms: [propext,
 Classical.choice,
 Quot.sound]
'IUTThreeClosures.ABCBidirectionalEnergyPythagoreanObstruction20260903.exists_primeHypotenuseDatum_gt' depends on axioms: [propext,
 Classical.choice,
 Quot.sound]
'IUTThreeClosures.ABCBidirectionalEnergyPythagoreanObstruction20260903.PrimeHypotenuseDatum.X' depends on axioms: [propext]
'IUTThreeClosures.ABCBidirectionalEnergyPythagoreanObstruction20260903.PrimeHypotenuseDatum.Y' depends on axioms: [propext]
'IUTThreeClosures.ABCBidirectionalEnergyPythagoreanObstruction20260903.PrimeHypotenuseDatum.m_pos' depends on axioms: [propext]
'IUTThreeClosures.ABCBidirectionalEnergyPythagoreanObstruction20260903.PrimeHypotenuseDatum.n_sq_lt_m_sq' depends on axioms: [propext]
'IUTThreeClosures.ABCBidirectionalEnergyPythagoreanObstruction20260903.PrimeHypotenuseDatum.X_pos' depends on axioms: [propext]
'IUTThreeClosures.ABCBidirectionalEnergyPythagoreanObstruction20260903.PrimeHypotenuseDatum.Y_pos' depends on axioms: [propext,
 Classical.choice,
 Quot.sound]
'IUTThreeClosures.ABCBidirectionalEnergyPythagoreanObstruction20260903.PrimeHypotenuseDatum.p_pos' depends on axioms: [propext]
'IUTThreeClosures.ABCBidirectionalEnergyPythagoreanObstruction20260903.PrimeHypotenuseDatum.p_ne_two' depends on axioms: [propext,
 Quot.sound]
'IUTThreeClosures.ABCBidirectionalEnergyPythagoreanObstruction20260903.PrimeHypotenuseDatum.four_le_p' depends on axioms: [propext,
 Quot.sound]
'IUTThreeClosures.ABCBidirectionalEnergyPythagoreanObstruction20260903.PrimeHypotenuseDatum.X_odd' depends on axioms: [propext,
 Classical.choice,
 Quot.sound]
'IUTThreeClosures.ABCBidirectionalEnergyPythagoreanObstruction20260903.PrimeHypotenuseDatum.X_coprime_Y' depends on axioms: [propext,
 Classical.choice,
 Quot.sound]
'IUTThreeClosures.ABCBidirectionalEnergyPythagoreanObstruction20260903.PrimeHypotenuseDatum.pythagorean_identity' depends on axioms: [propext,
 Classical.choice,
 Quot.sound]
'IUTThreeClosures.ABCBidirectionalEnergyPythagoreanObstruction20260903.PrimeHypotenuseDatum.square_point_pairwise' depends on axioms: [propext,
 Classical.choice,
 Quot.sound]
'IUTThreeClosures.ABCBidirectionalEnergyPythagoreanObstruction20260903.PrimeHypotenuseDatum.point' depends on axioms: [propext,
 Classical.choice,
 Quot.sound]
'IUTThreeClosures.ABCBidirectionalEnergyPythagoreanObstruction20260903.PrimeHypotenuseDatum.point_a' depends on axioms: [propext,
 Classical.choice,
 Quot.sound]
'IUTThreeClosures.ABCBidirectionalEnergyPythagoreanObstruction20260903.PrimeHypotenuseDatum.point_b' depends on axioms: [propext,
 Classical.choice,
 Quot.sound]
'IUTThreeClosures.ABCBidirectionalEnergyPythagoreanObstruction20260903.PrimeHypotenuseDatum.point_c' depends on axioms: [propext,
 Classical.choice,
 Quot.sound]
'IUTThreeClosures.ABCBidirectionalEnergyPythagoreanObstruction20260903.PrimeHypotenuseDatum.X_factorization' depends on axioms: [propext]
'IUTThreeClosures.ABCBidirectionalEnergyPythagoreanObstruction20260903.PrimeHypotenuseDatum.X_le_p' depends on axioms: [propext,
 Quot.sound]
'IUTThreeClosures.ABCBidirectionalEnergyPythagoreanObstruction20260903.PrimeHypotenuseDatum.Y_le_p' depends on axioms: [propext,
 Classical.choice,
 Quot.sound]
'IUTThreeClosures.ABCBidirectionalEnergyPythagoreanObstruction20260903.PrimeHypotenuseDatum.endpointSinkPrime_dvd_X_or_Y' depends on axioms: [propext,
 Classical.choice,
 Quot.sound]
'IUTThreeClosures.ABCBidirectionalEnergyPythagoreanObstruction20260903.PrimeHypotenuseDatum.endpointSinkPrime_le_m_add_n' depends on axioms: [propext,
 Classical.choice,
 Quot.sound]
'IUTThreeClosures.ABCBidirectionalEnergyPythagoreanObstruction20260903.PrimeHypotenuseDatum.m_add_n_sq_le_two_mul_p' depends on axioms: [propext,
 Classical.choice,
 Quot.sound]
'IUTThreeClosures.ABCBidirectionalEnergyPythagoreanObstruction20260903.PrimeHypotenuseDatum.endpointSinkPrime_fourth_le_p_cube' depends on axioms: [propext,
 Classical.choice,
 Quot.sound]
'IUTThreeClosures.ABCBidirectionalEnergyPythagoreanObstruction20260903.PrimeHypotenuseDatum.endpointSourcePrime_eq_p' depends on axioms: [propext,
 Classical.choice,
 Quot.sound]
'IUTThreeClosures.ABCBidirectionalEnergyPythagoreanObstruction20260903.PrimeHypotenuseDatum.point_endpointCore_eq_p' depends on axioms: [propext,
 Classical.choice,
 Quot.sound]
'IUTThreeClosures.ABCBidirectionalEnergyPythagoreanObstruction20260903.PrimeHypotenuseDatum.four_log_endpointSinkPrime_le_three_log_p' depends on axioms: [propext,
 Classical.choice,
 Quot.sound]
'IUTThreeClosures.ABCBidirectionalEnergyPythagoreanObstruction20260903.PrimeHypotenuseDatum.quarter_le_endpoint_relativeLogDrop' depends on axioms: [propext,
 Classical.choice,
 Quot.sound]
'IUTThreeClosures.ABCBidirectionalEnergyPythagoreanObstruction20260903.PrimeHypotenuseDatum.quarter_mul_carriedMass_le_endpointDownwardCost' depends on axioms: [propext,
 Classical.choice,
 Quot.sound]
'IUTThreeClosures.ABCBidirectionalEnergyPythagoreanObstruction20260903.PrimeHypotenuseDatum.quarter_log_p_le_endpointBidirectionalEnergy' depends on axioms: [propext,
 Classical.choice,
 Quot.sound]
'IUTThreeClosures.ABCBidirectionalEnergyPythagoreanObstruction20260903.PrimeHypotenuseDatum.point_totalRadical_le_p_cube' depends on axioms: [propext,
 Classical.choice,
 Quot.sound]
'IUTThreeClosures.ABCBidirectionalEnergyPythagoreanObstruction20260903.PrimeHypotenuseDatum.point_conductor_le_three_log_p' depends on axioms: [propext,
 Classical.choice,
 Quot.sound]
'IUTThreeClosures.ABCBidirectionalEnergyPythagoreanObstruction20260903.not_uniformBidirectionalEndpointEnergyBound' depends on axioms: [propext,
 Classical.choice,
 Quot.sound]
