'IUTThreeClosures.ABCValuationIncidenceFixedBudgetObstruction20260903.PrimitiveABC' does not depend on any axioms
'IUTThreeClosures.ABCValuationIncidenceFixedBudgetObstruction20260903.Face' depends on axioms: [propext,
 Classical.choice,
 Quot.sound]
'IUTThreeClosures.ABCValuationIncidenceFixedBudgetObstruction20260903.HasFixedAABReconstructingFace' depends on axioms: [propext,
 Classical.choice,
 Quot.sound]
'IUTThreeClosures.ABCValuationIncidenceFixedBudgetObstruction20260903.HasFixedABReconstructingFace' depends on axioms: [propext,
 Classical.choice,
 Quot.sound]
'IUTThreeClosures.ABCValuationIncidenceFixedBudgetObstruction20260903.HasVICABS1Face' depends on axioms: [propext,
 Classical.choice,
 Quot.sound]
'IUTThreeClosures.ABCValuationIncidenceFixedBudgetObstruction20260903.AbsoluteBudgetVICABS1' depends on axioms: [propext,
 Classical.choice,
 Quot.sound]
'IUTThreeClosures.ABCValuationIncidenceFixedBudgetObstruction20260903.dyadic_A_valuation_two' depends on axioms: [propext,
 Classical.choice,
 Quot.sound]
'IUTThreeClosures.ABCValuationIncidenceFixedBudgetObstruction20260903.dyadic_A_primeFactors' depends on axioms: [propext,
 Classical.choice,
 Quot.sound]
'IUTThreeClosures.ABCValuationIncidenceFixedBudgetObstruction20260903.two_not_mem_A_of_defectDegree_le' depends on axioms: [propext,
 Classical.choice,
 Quot.sound]
'IUTThreeClosures.ABCValuationIncidenceFixedBudgetObstruction20260903.A_support_eq_empty_of_defectDegree_le' depends on axioms: [propext,
 Classical.choice,
 Quot.sound]
'IUTThreeClosures.ABCValuationIncidenceFixedBudgetObstruction20260903.A_armModulus_eq_one_of_defectDegree_le' depends on axioms: [propext,
 Classical.choice,
 Quot.sound]
'IUTThreeClosures.ABCValuationIncidenceFixedBudgetObstruction20260903.B_armModulus_le_three' depends on axioms: [propext,
 Classical.choice,
 Quot.sound]
'IUTThreeClosures.ABCValuationIncidenceFixedBudgetObstruction20260903.dyadic_no_fixedA_ABReconstructing' depends on axioms: [propext,
 Classical.choice,
 Quot.sound]
'IUTThreeClosures.ABCValuationIncidenceFixedBudgetObstruction20260903.dyadic_no_fixedBudget_ABReconstructing' depends on axioms: [propext,
 Classical.choice,
 Quot.sound]
'IUTThreeClosures.ABCValuationIncidenceFixedBudgetObstruction20260903.dyadic_no_VICABS1Face' depends on axioms: [propext,
 Classical.choice,
 Quot.sound]
'IUTThreeClosures.ABCValuationIncidenceFixedBudgetObstruction20260903.fixedA_reconstruction_failureSet_infinite' depends on axioms: [propext,
 Classical.choice,
 Quot.sound]
'IUTThreeClosures.ABCValuationIncidenceFixedBudgetObstruction20260903.fixedBudget_failureSet_infinite' depends on axioms: [propext,
 Classical.choice,
 Quot.sound]
'IUTThreeClosures.ABCValuationIncidenceFixedBudgetObstruction20260903.not_absoluteBudgetVICABS1' depends on axioms: [propext,
 Classical.choice,
 Quot.sound]
