'IUTThreeClosures.ABCPrimePacketBoundaryTransportSuccessor20260903.PrimePacketAssignment' does not depend on any axioms
'IUTThreeClosures.ABCPrimePacketBoundaryTransportSuccessor20260903.PrimePacketAssignment.sourceMass' depends on axioms: [propext,
 Classical.choice,
 Quot.sound]
'IUTThreeClosures.ABCPrimePacketBoundaryTransportSuccessor20260903.PrimePacketAssignment.sinkMass' depends on axioms: [propext,
 Classical.choice,
 Quot.sound]
'IUTThreeClosures.ABCPrimePacketBoundaryTransportSuccessor20260903.PrimePacketAssignment.packetMass' depends on axioms: [propext,
 Classical.choice,
 Quot.sound]
'IUTThreeClosures.ABCPrimePacketBoundaryTransportSuccessor20260903.PrimePacketAssignment.packetResidual' depends on axioms: [propext,
 Classical.choice,
 Quot.sound]
'IUTThreeClosures.ABCPrimePacketBoundaryTransportSuccessor20260903.PrimePacketAssignment.totalResidual' depends on axioms: [propext,
 Classical.choice,
 Quot.sound]
'IUTThreeClosures.ABCPrimePacketBoundaryTransportSuccessor20260903.PrimePacketAssignment.allocatedMass' depends on axioms: [propext,
 Classical.choice,
 Quot.sound]
'IUTThreeClosures.ABCPrimePacketBoundaryTransportSuccessor20260903.PrimePacketAssignment.empty' does not depend on any axioms
'IUTThreeClosures.ABCPrimePacketBoundaryTransportSuccessor20260903.PrimePacketAssignment.allSinksTo' does not depend on any axioms
'IUTThreeClosures.ABCPrimePacketBoundaryTransportSuccessor20260903.PrimePacketAssignment.packetResidual_nonneg' depends on axioms: [propext,
 Classical.choice,
 Quot.sound]
'IUTThreeClosures.ABCPrimePacketBoundaryTransportSuccessor20260903.PrimePacketAssignment.source_sub_packetMass_le_packetResidual' depends on axioms: [propext,
 Classical.choice,
 Quot.sound]
'IUTThreeClosures.ABCPrimePacketBoundaryTransportSuccessor20260903.PrimePacketAssignment.sum_packetMass_eq_allocatedMass' depends on axioms: [propext,
 Classical.choice,
 Quot.sound]
'IUTThreeClosures.ABCPrimePacketBoundaryTransportSuccessor20260903.PrimePacketAssignment.allocatedMass_le_sinkMass' depends on axioms: [propext,
 Classical.choice,
 Quot.sound]
'IUTThreeClosures.ABCPrimePacketBoundaryTransportSuccessor20260903.PrimePacketAssignment.sourceMass_sub_sinkMass_le_totalResidual' depends on axioms: [propext,
 Classical.choice,
 Quot.sound]
'IUTThreeClosures.ABCPrimePacketBoundaryTransportSuccessor20260903.PrimePacketAssignment.empty_packetMass' depends on axioms: [propext,
 Classical.choice,
 Quot.sound]
'IUTThreeClosures.ABCPrimePacketBoundaryTransportSuccessor20260903.PrimePacketAssignment.allSinksTo_packetMass_self' depends on axioms: [propext,
 Classical.choice,
 Quot.sound]
'IUTThreeClosures.ABCPrimePacketBoundaryTransportSuccessor20260903.PrimePacketAssignment.allSinksTo_packetMass_of_ne' depends on axioms: [propext,
 Classical.choice,
 Quot.sound]
'IUTThreeClosures.ABCPrimePacketBoundaryTransportSuccessor20260903.PrimePacketAssignment.allSinksTo_totalResidual_of_unique' depends on axioms: [propext,
 Classical.choice,
 Quot.sound]
'IUTThreeClosures.ABCPrimePacketBoundaryTransportSuccessor20260903.EndpointPowerPrimeToken' depends on axioms: [propext,
 Classical.choice,
 Quot.sound]
'IUTThreeClosures.ABCPrimePacketBoundaryTransportSuccessor20260903.endpointPowerPrimeWeight' depends on axioms: [propext,
 Classical.choice,
 Quot.sound]
'IUTThreeClosures.ABCPrimePacketBoundaryTransportSuccessor20260903.EndpointPrimePacketAssignment' depends on axioms: [propext,
 Classical.choice,
 Quot.sound]
'IUTThreeClosures.ABCPrimePacketBoundaryTransportSuccessor20260903.endpointPowerPrimeWeight_nonneg' depends on axioms: [propext,
 Classical.choice,
 Quot.sound]
'IUTThreeClosures.ABCPrimePacketBoundaryTransportSuccessor20260903.endpointExternalPrimeWeight_nonneg' depends on axioms: [propext,
 Classical.choice,
 Quot.sound]
'IUTThreeClosures.ABCPrimePacketBoundaryTransportSuccessor20260903.emptyEndpointPrimePacketAssignment' depends on axioms: [propext,
 Classical.choice,
 Quot.sound]
'IUTThreeClosures.ABCPrimePacketBoundaryTransportSuccessor20260903.endpointPrimePacketAssignment_nonempty' depends on axioms: [propext,
 Classical.choice,
 Quot.sound]
'IUTThreeClosures.ABCPrimePacketBoundaryTransportSuccessor20260903.endpointPacket_sourceMass_eq_log_core' depends on axioms: [propext,
 Classical.choice,
 Quot.sound]
'IUTThreeClosures.ABCPrimePacketBoundaryTransportSuccessor20260903.endpointPacket_sinkMass_eq_log_externalRadical' depends on axioms: [propext,
 Classical.choice,
 Quot.sound]
'IUTThreeClosures.ABCPrimePacketBoundaryTransportSuccessor20260903.signedEndpointCoreDefect_le_packetResidual' depends on axioms: [propext,
 Classical.choice,
 Quot.sound]
'IUTThreeClosures.ABCPrimePacketBoundaryTransportSuccessor20260903.height_le_conductor_add_packetResidual' depends on axioms: [propext,
 Classical.choice,
 Quot.sound]
'IUTThreeClosures.ABCPrimePacketBoundaryTransportSuccessor20260903.UniformEndpointPrimePacketBound' depends on axioms: [propext,
 Classical.choice,
 Quot.sound]
'IUTThreeClosures.ABCPrimePacketBoundaryTransportSuccessor20260903.abc_of_uniformEndpointPrimePacketBound' depends on axioms: [propext,
 Classical.choice,
 Quot.sound]
'IUTThreeClosures.ABCPrimePacketBoundaryTransportSuccessor20260903.twoSourceOneSinkPacket' does not depend on any axioms
'IUTThreeClosures.ABCPrimePacketBoundaryTransportSuccessor20260903.one_le_twoSourceOneSink_totalResidual' depends on axioms: [propext,
 Classical.choice,
 Quot.sound]
'IUTThreeClosures.ABCPrimePacketBoundaryTransportSuccessor20260903.twoSourceOneSinkPacket_totalResidual' depends on axioms: [propext,
 Classical.choice,
 Quot.sound]
'IUTThreeClosures.ABCPrimePacketBoundaryTransportSuccessor20260903.twoSourceOneSink_scalarDefect_eq_zero' depends on axioms: [propext,
 Classical.choice,
 Quot.sound]
'IUTThreeClosures.ABCPrimePacketBoundaryTransportSuccessor20260903.primeSquarePacketToken' depends on axioms: [propext,
 Classical.choice,
 Quot.sound]
'IUTThreeClosures.ABCPrimePacketBoundaryTransportSuccessor20260903.primeSquarePacketToken_unique' depends on axioms: [propext,
 Classical.choice,
 Quot.sound]
'IUTThreeClosures.ABCPrimePacketBoundaryTransportSuccessor20260903.primeSquarePacketWeight' depends on axioms: [propext,
 Classical.choice,
 Quot.sound]
'IUTThreeClosures.ABCPrimePacketBoundaryTransportSuccessor20260903.primeSquare_allSinks_totalResidual' depends on axioms: [propext,
 Classical.choice,
 Quot.sound]
