'IUTThreeClosures.ABCPrimePacketBoundaryLinnikObstruction20260903.PrimePacketAssignment.clippedReward' depends on axioms: [propext,
 Classical.choice,
 Quot.sound]
'IUTThreeClosures.ABCPrimePacketBoundaryLinnikObstruction20260903.PrimePacketAssignment.packetResidual_eq_source_sub_min' depends on axioms: [propext,
 Classical.choice,
 Quot.sound]
'IUTThreeClosures.ABCPrimePacketBoundaryLinnikObstruction20260903.PrimePacketAssignment.totalResidual_eq_sourceMass_sub_clippedReward' depends on axioms: [propext,
 Classical.choice,
 Quot.sound]
'IUTThreeClosures.ABCPrimePacketBoundaryLinnikObstruction20260903.PrimePacketAssignment.packetMass_eq_of_unique_sink' depends on axioms: [propext,
 Classical.choice,
 Quot.sound]
'IUTThreeClosures.ABCPrimePacketBoundaryLinnikObstruction20260903.PrimePacketAssignment.sum_sub_cap_le_totalResidual_of_unique_sink' depends on axioms: [propext,
 Classical.choice,
 Quot.sound]
'IUTThreeClosures.ABCPrimePacketBoundaryLinnikObstruction20260903.primeNeighborPoint' depends on axioms: [propext,
 Classical.choice,
 Quot.sound]
'IUTThreeClosures.ABCPrimePacketBoundaryLinnikObstruction20260903.primeNeighborPoint_a' depends on axioms: [propext,
 Classical.choice,
 Quot.sound]
'IUTThreeClosures.ABCPrimePacketBoundaryLinnikObstruction20260903.primeNeighborPoint_b' depends on axioms: [propext,
 Classical.choice,
 Quot.sound]
'IUTThreeClosures.ABCPrimePacketBoundaryLinnikObstruction20260903.primeNeighborPoint_c' depends on axioms: [propext,
 Classical.choice,
 Quot.sound]
'IUTThreeClosures.ABCPrimePacketBoundaryLinnikObstruction20260903.primeNeighborPoint_positive' depends on axioms: [propext,
 Classical.choice,
 Quot.sound]
'IUTThreeClosures.ABCPrimePacketBoundaryLinnikObstruction20260903.primeNeighborPoint_pairwise_coprime' depends on axioms: [propext,
 Classical.choice,
 Quot.sound]
'IUTThreeClosures.ABCPrimePacketBoundaryLinnikObstruction20260903.primeNeighborPoint_endpoint_even' depends on axioms: [propext,
 Classical.choice,
 Quot.sound]
'IUTThreeClosures.ABCPrimePacketBoundaryLinnikObstruction20260903.primeNeighborSinkToken' depends on axioms: [propext,
 Classical.choice,
 Quot.sound]
'IUTThreeClosures.ABCPrimePacketBoundaryLinnikObstruction20260903.primeNeighborSinkToken_unique' depends on axioms: [propext,
 Classical.choice,
 Quot.sound]
'IUTThreeClosures.ABCPrimePacketBoundaryLinnikObstruction20260903.finitePrimeProduct' depends on axioms: [propext,
 Quot.sound]
'IUTThreeClosures.ABCPrimePacketBoundaryLinnikObstruction20260903.primeSquare_dvd_finitePrimeProduct_sq' depends on axioms: [propext,
 Classical.choice,
 Quot.sound]
'IUTThreeClosures.ABCPrimePacketBoundaryLinnikObstruction20260903.primeSquare_dvd_endpoint_of_product_sq_dvd' depends on axioms: [propext,
 Classical.choice,
 Quot.sound]
'IUTThreeClosures.ABCPrimePacketBoundaryLinnikObstruction20260903.forcedEndpointToken' depends on axioms: [propext,
 Classical.choice,
 Quot.sound]
'IUTThreeClosures.ABCPrimePacketBoundaryLinnikObstruction20260903.forcedEndpointTokenEmbedding' depends on axioms: [propext,
 Classical.choice,
 Quot.sound]
'IUTThreeClosures.ABCPrimePacketBoundaryLinnikObstruction20260903.log_prime_le_forcedEndpointToken_weight' depends on axioms: [propext,
 Classical.choice,
 Quot.sound]
'IUTThreeClosures.ABCPrimePacketBoundaryLinnikObstruction20260903.forcedPrimeLogSum_sub_cap_le_packetResidual' depends on axioms: [propext,
 Classical.choice,
 Quot.sound]
'IUTThreeClosures.ABCPrimePacketBoundaryLinnikObstruction20260903.primeNeighbor_totalRadical_le_product' depends on axioms: [propext,
 Classical.choice,
 Quot.sound]
'IUTThreeClosures.ABCPrimePacketBoundaryLinnikObstruction20260903.primeNeighbor_conductor_le_two_log_succ' depends on axioms: [propext,
 Classical.choice,
 Quot.sound]
'IUTThreeClosures.ABCPrimePacketBoundaryLinnikObstruction20260903.primeNeighbor_height_le_conductor_of_ne_two' depends on axioms: [propext,
 Classical.choice,
 Quot.sound]
'IUTThreeClosures.ABCPrimePacketBoundaryLinnikObstruction20260903.primeNeighbor_positive_height_defect_eq_zero' depends on axioms: [propext,
 Classical.choice,
 Quot.sound]
'IUTThreeClosures.ABCPrimePacketBoundaryLinnikObstruction20260903.LinnikPrimeNeighborEscape' depends on axioms: [propext,
 Classical.choice,
 Quot.sound]
'IUTThreeClosures.ABCPrimePacketBoundaryLinnikObstruction20260903.not_uniformEndpointPrimePacketBound_of_linnikEscape' depends on axioms: [propext,
 Classical.choice,
 Quot.sound]
