'IUTThreeClosures.ABCValuationIncidenceScaleBudgetObstruction20260903.PrimitiveABC' does not depend on any axioms
'IUTThreeClosures.ABCValuationIncidenceScaleBudgetObstruction20260903.Face' depends on axioms: [propext,
 Classical.choice,
 Quot.sound]
'IUTThreeClosures.ABCValuationIncidenceScaleBudgetObstruction20260903.exists_le_two_pow' depends on axioms: [propext,
 Classical.choice,
 Quot.sound]
'IUTThreeClosures.ABCValuationIncidenceScaleBudgetObstruction20260903.binaryScale' depends on axioms: [propext,
 Classical.choice,
 Quot.sound]
'IUTThreeClosures.ABCValuationIncidenceScaleBudgetObstruction20260903.le_two_pow_binaryScale' depends on axioms: [propext,
 Classical.choice,
 Quot.sound]
'IUTThreeClosures.ABCValuationIncidenceScaleBudgetObstruction20260903.binaryScale_le_of_le_two_pow' depends on axioms: [propext,
 Classical.choice,
 Quot.sound]
'IUTThreeClosures.ABCValuationIncidenceScaleBudgetObstruction20260903.binaryScale_le_iff' depends on axioms: [propext,
 Classical.choice,
 Quot.sound]
'IUTThreeClosures.ABCValuationIncidenceScaleBudgetObstruction20260903.balancedTwoPrimeDatum' depends on axioms: [propext,
 Classical.choice,
 Quot.sound]
'IUTThreeClosures.ABCValuationIncidenceScaleBudgetObstruction20260903.balancedTwoPrimeDatum_injective' depends on axioms: [propext,
 Classical.choice,
 Quot.sound]
'IUTThreeClosures.ABCValuationIncidenceScaleBudgetObstruction20260903.balanced_A_primeFactors' depends on axioms: [propext,
 Classical.choice,
 Quot.sound]
'IUTThreeClosures.ABCValuationIncidenceScaleBudgetObstruction20260903.balanced_B_primeFactors' depends on axioms: [propext,
 Classical.choice,
 Quot.sound]
'IUTThreeClosures.ABCValuationIncidenceScaleBudgetObstruction20260903.balanced_A_valuation_two' depends on axioms: [propext,
 Classical.choice,
 Quot.sound]
'IUTThreeClosures.ABCValuationIncidenceScaleBudgetObstruction20260903.balanced_B_valuation_three' depends on axioms: [propext,
 Classical.choice,
 Quot.sound]
'IUTThreeClosures.ABCValuationIncidenceScaleBudgetObstruction20260903.A_support_eq_empty_of_two_not_mem' depends on axioms: [propext,
 Classical.choice,
 Quot.sound]
'IUTThreeClosures.ABCValuationIncidenceScaleBudgetObstruction20260903.B_support_eq_empty_of_three_not_mem' depends on axioms: [propext,
 Classical.choice,
 Quot.sound]
'IUTThreeClosures.ABCValuationIncidenceScaleBudgetObstruction20260903.two_mem_A_of_ABReconstructing' depends on axioms: [propext,
 Classical.choice,
 Quot.sound]
'IUTThreeClosures.ABCValuationIncidenceScaleBudgetObstruction20260903.three_mem_B_of_ABReconstructing' depends on axioms: [propext,
 Classical.choice,
 Quot.sound]
'IUTThreeClosures.ABCValuationIncidenceScaleBudgetObstruction20260903.A_support_eq_singleton_of_ABReconstructing' depends on axioms: [propext,
 Classical.choice,
 Quot.sound]
'IUTThreeClosures.ABCValuationIncidenceScaleBudgetObstruction20260903.B_support_eq_singleton_of_ABReconstructing' depends on axioms: [propext,
 Classical.choice,
 Quot.sound]
'IUTThreeClosures.ABCValuationIncidenceScaleBudgetObstruction20260903.defectDegree_A_eq_of_ABReconstructing' depends on axioms: [propext,
 Classical.choice,
 Quot.sound]
'IUTThreeClosures.ABCValuationIncidenceScaleBudgetObstruction20260903.defectDegree_B_eq_of_ABReconstructing' depends on axioms: [propext,
 Classical.choice,
 Quot.sound]
'IUTThreeClosures.ABCValuationIncidenceScaleBudgetObstruction20260903.defectDegree_AB_eq_of_ABReconstructing' depends on axioms: [propext,
 Classical.choice,
 Quot.sound]
'IUTThreeClosures.ABCValuationIncidenceScaleBudgetObstruction20260903.three_mul_k_add_one_le_defectDegree_AB_of_ABReconstructing' depends on axioms: [propext,
 Classical.choice,
 Quot.sound]
'IUTThreeClosures.ABCValuationIncidenceScaleBudgetObstruction20260903.three_pow_succ_lt_two_pow_twice_succ' depends on axioms: [propext,
 Classical.choice,
 Quot.sound]
'IUTThreeClosures.ABCValuationIncidenceScaleBudgetObstruction20260903.balanced_c_le_two_pow_two_mul_add_three' depends on axioms: [propext,
 Classical.choice,
 Quot.sound]
'IUTThreeClosures.ABCValuationIncidenceScaleBudgetObstruction20260903.binaryScale_balanced_c_le' depends on axioms: [propext,
 Classical.choice,
 Quot.sound]
'IUTThreeClosures.ABCValuationIncidenceScaleBudgetObstruction20260903.HasCoefficientOneScaleReconstructingFace' depends on axioms: [propext,
 Classical.choice,
 Quot.sound]
'IUTThreeClosures.ABCValuationIncidenceScaleBudgetObstruction20260903.HasVIC1RFace' depends on axioms: [propext,
 Classical.choice,
 Quot.sound]
'IUTThreeClosures.ABCValuationIncidenceScaleBudgetObstruction20260903.CoefficientOneScaleVIC1R' depends on axioms: [propext,
 Classical.choice,
 Quot.sound]
'IUTThreeClosures.ABCValuationIncidenceScaleBudgetObstruction20260903.balanced_no_coefficientOneScaleReconstructingFace' depends on axioms: [propext,
 Classical.choice,
 Quot.sound]
'IUTThreeClosures.ABCValuationIncidenceScaleBudgetObstruction20260903.balanced_no_VIC1RFace' depends on axioms: [propext,
 Classical.choice,
 Quot.sound]
'IUTThreeClosures.ABCValuationIncidenceScaleBudgetObstruction20260903.coefficientOneScale_reconstruction_failureSet_infinite' depends on axioms: [propext,
 Classical.choice,
 Quot.sound]
'IUTThreeClosures.ABCValuationIncidenceScaleBudgetObstruction20260903.coefficientOneScale_VIC1R_failureSet_infinite' depends on axioms: [propext,
 Classical.choice,
 Quot.sound]
'IUTThreeClosures.ABCValuationIncidenceScaleBudgetObstruction20260903.not_coefficientOneScaleVIC1R' depends on axioms: [propext,
 Classical.choice,
 Quot.sound]
