'IUTThreeClosures.ABCSharedCRTIncidenceSuccessor20260903.OnceChargedCertificate' depends on axioms: [propext,
 Classical.choice,
 Quot.sound]
'IUTThreeClosures.ABCSharedCRTIncidenceSuccessor20260903.OnceChargedCertificate.sourceMass' depends on axioms: [propext,
 Classical.choice,
 Quot.sound]
'IUTThreeClosures.ABCSharedCRTIncidenceSuccessor20260903.OnceChargedCertificate.sinkMass' depends on axioms: [propext,
 Classical.choice,
 Quot.sound]
'IUTThreeClosures.ABCSharedCRTIncidenceSuccessor20260903.OnceChargedCertificate.boundary' depends on axioms: [propext,
 Classical.choice,
 Quot.sound]
'IUTThreeClosures.ABCSharedCRTIncidenceSuccessor20260903.OnceChargedCertificate.boundary_nonneg' depends on axioms: [propext,
 Classical.choice,
 Quot.sound]
'IUTThreeClosures.ABCSharedCRTIncidenceSuccessor20260903.OnceChargedCertificate.totalCredit_le_sinkMass' depends on axioms: [propext,
 Classical.choice,
 Quot.sound]
'IUTThreeClosures.ABCSharedCRTIncidenceSuccessor20260903.OnceChargedCertificate.sourceMass_sub_sinkMass_le_boundary' depends on axioms: [propext,
 Classical.choice,
 Quot.sound]
'IUTThreeClosures.ABCSharedCRTIncidenceSuccessor20260903.OnceChargedCertificate.zero' depends on axioms: [propext,
 Classical.choice,
 Quot.sound]
'IUTThreeClosures.ABCSharedCRTIncidenceSuccessor20260903.OnceChargedCertificate.zero_boundary' depends on axioms: [propext,
 Classical.choice,
 Quot.sound]
'IUTThreeClosures.ABCSharedCRTIncidenceSuccessor20260903.EndpointOnceChargedCertificate' depends on axioms: [propext,
 Classical.choice,
 Quot.sound]
'IUTThreeClosures.ABCSharedCRTIncidenceSuccessor20260903.endpointSharedBoundary' depends on axioms: [propext,
 Classical.choice,
 Quot.sound]
'IUTThreeClosures.ABCSharedCRTIncidenceSuccessor20260903.endpointSourceMass_eq_log_core' depends on axioms: [propext,
 Classical.choice,
 Quot.sound]
'IUTThreeClosures.ABCSharedCRTIncidenceSuccessor20260903.endpointSinkMass_eq_log_externalRadical' depends on axioms: [propext,
 Classical.choice,
 Quot.sound]
'IUTThreeClosures.ABCSharedCRTIncidenceSuccessor20260903.signedEndpointCoreDefect_le_sharedBoundary' depends on axioms: [propext,
 Classical.choice,
 Quot.sound]
'IUTThreeClosures.ABCSharedCRTIncidenceSuccessor20260903.height_le_conductor_add_sharedBoundary' depends on axioms: [propext,
 Classical.choice,
 Quot.sound]
'IUTThreeClosures.ABCSharedCRTIncidenceSuccessor20260903.EndpointSharedAdmissibility' depends on axioms: [propext,
 Classical.choice,
 Quot.sound]
'IUTThreeClosures.ABCSharedCRTIncidenceSuccessor20260903.UniformAdmissibleSharedCRTBoundary' depends on axioms: [propext,
 Classical.choice,
 Quot.sound]
'IUTThreeClosures.ABCSharedCRTIncidenceSuccessor20260903.abc_of_uniformAdmissibleSharedCRTBoundary' depends on axioms: [propext,
 Classical.choice,
 Quot.sound]
'IUTThreeClosures.ABCSharedCRTIncidenceSuccessor20260903.AggregatePooledAllocation' depends on axioms: [propext,
 Classical.choice,
 Quot.sound]
'IUTThreeClosures.ABCSharedCRTIncidenceSuccessor20260903.AggregatePooledAllocation.boundary' depends on axioms: [propext,
 Classical.choice,
 Quot.sound]
'IUTThreeClosures.ABCSharedCRTIncidenceSuccessor20260903.AggregatePooledAllocation.scalarDefect_le_boundary' depends on axioms: [propext,
 Classical.choice,
 Quot.sound]
'IUTThreeClosures.ABCSharedCRTIncidenceSuccessor20260903.AggregatePooledAllocation.maximal' depends on axioms: [propext,
 Classical.choice,
 Quot.sound]
'IUTThreeClosures.ABCSharedCRTIncidenceSuccessor20260903.AggregatePooledAllocation.maximal_boundary_eq_scalarDefect' depends on axioms: [propext,
 Classical.choice,
 Quot.sound]
'IUTThreeClosures.ABCSharedCRTIncidenceSuccessor20260903.duplicatedSourceCredit' depends on axioms: [propext,
 Classical.choice,
 Quot.sound]
'IUTThreeClosures.ABCSharedCRTIncidenceSuccessor20260903.singleSinkCharge' depends on axioms: [propext,
 Classical.choice,
 Quot.sound]
'IUTThreeClosures.ABCSharedCRTIncidenceSuccessor20260903.duplicatedSourceCredit_sum' depends on axioms: [propext,
 Classical.choice,
 Quot.sound]
'IUTThreeClosures.ABCSharedCRTIncidenceSuccessor20260903.singleSinkCharge_sum' depends on axioms: [propext,
 Classical.choice,
 Quot.sound]
'IUTThreeClosures.ABCSharedCRTIncidenceSuccessor20260903.duplicatedCredit_not_le_singleCharge' depends on axioms: [propext,
 Classical.choice,
 Quot.sound]
'IUTThreeClosures.ABCSharedCRTIncidenceSuccessor20260903.duplicatedReportedBoundary_eq_zero' depends on axioms: [propext,
 Classical.choice,
 Quot.sound]
'IUTThreeClosures.ABCSharedCRTIncidenceSuccessor20260903.duplicatedReportedBoundary_breaks_massBridge' depends on axioms: [propext,
 Classical.choice,
 Quot.sound]
