'IUTThreeClosures.ABCThreeArmComplementTransportObstruction20260903.primeSquareEndpointPoint' depends on axioms: [propext,
 Classical.choice,
 Quot.sound]
'IUTThreeClosures.ABCThreeArmComplementTransportObstruction20260903.primeSquareEndpointPoint_a' depends on axioms: [propext,
 Classical.choice,
 Quot.sound]
'IUTThreeClosures.ABCThreeArmComplementTransportObstruction20260903.primeSquareEndpointPoint_b' depends on axioms: [propext,
 Classical.choice,
 Quot.sound]
'IUTThreeClosures.ABCThreeArmComplementTransportObstruction20260903.primeSquareEndpointPoint_c' depends on axioms: [propext,
 Classical.choice,
 Quot.sound]
'IUTThreeClosures.ABCThreeArmComplementTransportObstruction20260903.primeDivisor_sq_sub_one_lt' depends on axioms: [propext,
 Classical.choice,
 Quot.sound]
'IUTThreeClosures.ABCThreeArmComplementTransportObstruction20260903.selectedDefectTailLog' depends on axioms: [propext,
 Classical.choice,
 Quot.sound]
'IUTThreeClosures.ABCThreeArmComplementTransportObstruction20260903.complementRadicalTailLog' depends on axioms: [propext,
 Classical.choice,
 Quot.sound]
'IUTThreeClosures.ABCThreeArmComplementTransportObstruction20260903.selectedRadicalTailLog' depends on axioms: [propext,
 Classical.choice,
 Quot.sound]
'IUTThreeClosures.ABCThreeArmComplementTransportObstruction20260903.selectedFullModulusTailLog' depends on axioms: [propext,
 Classical.choice,
 Quot.sound]
'IUTThreeClosures.ABCThreeArmComplementTransportObstruction20260903.totalRadicalTailLog' depends on axioms: [propext,
 Classical.choice,
 Quot.sound]
'IUTThreeClosures.ABCThreeArmComplementTransportObstruction20260903.complementTransport_sourceTailMass_eq_selectedDefectTailLog' depends on axioms: [propext,
 Classical.choice,
 Quot.sound]
'IUTThreeClosures.ABCThreeArmComplementTransportObstruction20260903.complementTransport_sinkTailMass_eq_complementRadicalTailLog' depends on axioms: [propext,
 Classical.choice,
 Quot.sound]
'IUTThreeClosures.ABCThreeArmComplementTransportObstruction20260903.selectedDefectTailLog_add_selectedRadicalTailLog' depends on axioms: [propext,
 Classical.choice,
 Quot.sound]
'IUTThreeClosures.ABCThreeArmComplementTransportObstruction20260903.selectedRadicalTailLog_add_complementRadicalTailLog' depends on axioms: [propext,
 Classical.choice,
 Quot.sound]
'IUTThreeClosures.ABCThreeArmComplementTransportObstruction20260903.complementTransport_tailDeficit_eq_fullModulus_sub_totalRadical' depends on axioms: [propext,
 Classical.choice,
 Quot.sound]
'IUTThreeClosures.ABCThreeArmComplementTransportObstruction20260903.primeSquareEndpoint_c_primeFactors' depends on axioms: [propext,
 Classical.choice,
 Quot.sound]
'IUTThreeClosures.ABCThreeArmComplementTransportObstruction20260903.primeSquareEndpoint_c_factorization' depends on axioms: [propext,
 Classical.choice,
 Quot.sound]
'IUTThreeClosures.ABCThreeArmComplementTransportObstruction20260903.primeSquareEndpointExcessToken' depends on axioms: [propext,
 Classical.choice,
 Quot.sound]
'IUTThreeClosures.ABCThreeArmComplementTransportObstruction20260903.primeSquareEndpointExcessToken_prime' depends on axioms: [propext,
 Classical.choice,
 Quot.sound]
'IUTThreeClosures.ABCThreeArmComplementTransportObstruction20260903.primeSquareEndpointExcessToken_weight' depends on axioms: [propext,
 Classical.choice,
 Quot.sound]
'IUTThreeClosures.ABCThreeArmComplementTransportObstruction20260903.primeSquareEndpoint_sinkPrime_lt' depends on axioms: [propext,
 Classical.choice,
 Quot.sound]
'IUTThreeClosures.ABCThreeArmComplementTransportObstruction20260903.primeSquareEndpoint_endpointSinkTail_eq_zero' depends on axioms: [propext,
 Classical.choice,
 Quot.sound]
'IUTThreeClosures.ABCThreeArmComplementTransportObstruction20260903.primeSquareEndpoint_log_p_le_endpointSourceTail' depends on axioms: [propext,
 Classical.choice,
 Quot.sound]
'IUTThreeClosures.ABCThreeArmComplementTransportObstruction20260903.primeSquareEndpoint_log_p_le_endpointUnmatched' depends on axioms: [propext,
 Classical.choice,
 Quot.sound]
'IUTThreeClosures.ABCThreeArmComplementTransportObstruction20260903.primeSquareEndpoint_totalRadical_le_cube' depends on axioms: [propext,
 Classical.choice,
 Quot.sound]
'IUTThreeClosures.ABCThreeArmComplementTransportObstruction20260903.primeSquareEndpoint_conductor_le_three_log' depends on axioms: [propext,
 Classical.choice,
 Quot.sound]
'IUTThreeClosures.ABCThreeArmComplementTransportObstruction20260903.not_uniformEndpointPrimeFlowBound' depends on axioms: [propext,
 Classical.choice,
 Quot.sound]
'IUTThreeClosures.ABCThreeArmComplementTransportObstruction20260903.primeSquareEndpoint_p_mem_C_of_cover' depends on axioms: [propext,
 Classical.choice,
 Quot.sound]
'IUTThreeClosures.ABCThreeArmComplementTransportObstruction20260903.primeSquareEndpoint_face_C_valuation' depends on axioms: [propext,
 Classical.choice,
 Quot.sound]
'IUTThreeClosures.ABCThreeArmComplementTransportObstruction20260903.primeSquareFaceExcessToken' depends on axioms: [propext,
 Classical.choice,
 Quot.sound]
'IUTThreeClosures.ABCThreeArmComplementTransportObstruction20260903.primeSquareFaceExcessToken_prime' depends on axioms: [propext,
 Classical.choice,
 Quot.sound]
'IUTThreeClosures.ABCThreeArmComplementTransportObstruction20260903.primeSquareFaceExcessToken_weight' depends on axioms: [propext,
 Classical.choice,
 Quot.sound]
'IUTThreeClosures.ABCThreeArmComplementTransportObstruction20260903.primeSquareFace_complementPrime_lt' depends on axioms: [propext,
 Classical.choice,
 Quot.sound]
'IUTThreeClosures.ABCThreeArmComplementTransportObstruction20260903.primeSquareFace_sinkTail_eq_zero' depends on axioms: [propext,
 Classical.choice,
 Quot.sound]
'IUTThreeClosures.ABCThreeArmComplementTransportObstruction20260903.primeSquareFace_log_p_le_sourceTail' depends on axioms: [propext,
 Classical.choice,
 Quot.sound]
'IUTThreeClosures.ABCThreeArmComplementTransportObstruction20260903.primeSquareFace_log_p_le_unmatched' depends on axioms: [propext,
 Classical.choice,
 Quot.sound]
'IUTThreeClosures.ABCThreeArmComplementTransportObstruction20260903.not_uniformThreeArmComplementTransportBound' depends on axioms: [propext,
 Classical.choice,
 Quot.sound]
