'IUTThreeClosures.ABCThreeArmIncidenceSuccessor20260903.Arm' does not depend on any axioms
'IUTThreeClosures.ABCThreeArmIncidenceSuccessor20260903.coordinate' does not depend on any axioms
'IUTThreeClosures.ABCThreeArmIncidenceSuccessor20260903.coordinate_pos' does not depend on any axioms
'IUTThreeClosures.ABCThreeArmIncidenceSuccessor20260903.Face' depends on axioms: [propext, Classical.choice, Quot.sound]
'IUTThreeClosures.ABCThreeArmIncidenceSuccessor20260903.Face.valuation' depends on axioms: [propext,
 Classical.choice,
 Quot.sound]
'IUTThreeClosures.ABCThreeArmIncidenceSuccessor20260903.Face.armRadical' depends on axioms: [propext,
 Classical.choice,
 Quot.sound]
'IUTThreeClosures.ABCThreeArmIncidenceSuccessor20260903.Face.armComplementRadical' depends on axioms: [propext,
 Classical.choice,
 Quot.sound]
'IUTThreeClosures.ABCThreeArmIncidenceSuccessor20260903.Face.armDefect' depends on axioms: [propext,
 Classical.choice,
 Quot.sound]
'IUTThreeClosures.ABCThreeArmIncidenceSuccessor20260903.Face.armModulus' depends on axioms: [propext,
 Classical.choice,
 Quot.sound]
'IUTThreeClosures.ABCThreeArmIncidenceSuccessor20260903.Face.selectedRadical' depends on axioms: [propext,
 Classical.choice,
 Quot.sound]
'IUTThreeClosures.ABCThreeArmIncidenceSuccessor20260903.Face.complementRadical' depends on axioms: [propext,
 Classical.choice,
 Quot.sound]
'IUTThreeClosures.ABCThreeArmIncidenceSuccessor20260903.Face.selectedDefect' depends on axioms: [propext,
 Classical.choice,
 Quot.sound]
'IUTThreeClosures.ABCThreeArmIncidenceSuccessor20260903.Face.selectedModulus' depends on axioms: [propext,
 Classical.choice,
 Quot.sound]
'IUTThreeClosures.ABCThreeArmIncidenceSuccessor20260903.Face.CoversEndpoint' depends on axioms: [propext,
 Classical.choice,
 Quot.sound]
'IUTThreeClosures.ABCThreeArmIncidenceSuccessor20260903.Face.StrictlyReconstructsEndpoint' depends on axioms: [propext,
 Classical.choice,
 Quot.sound]
'IUTThreeClosures.ABCThreeArmIncidenceSuccessor20260903.Face.prime_of_mem_support' depends on axioms: [propext,
 Classical.choice,
 Quot.sound]
'IUTThreeClosures.ABCThreeArmIncidenceSuccessor20260903.Face.valuation_pos_of_mem_support' depends on axioms: [propext,
 Classical.choice,
 Quot.sound]
'IUTThreeClosures.ABCThreeArmIncidenceSuccessor20260903.Face.armRadical_pos' depends on axioms: [propext,
 Classical.choice,
 Quot.sound]
'IUTThreeClosures.ABCThreeArmIncidenceSuccessor20260903.Face.armComplementRadical_pos' depends on axioms: [propext,
 Classical.choice,
 Quot.sound]
'IUTThreeClosures.ABCThreeArmIncidenceSuccessor20260903.Face.armDefect_pos' depends on axioms: [propext,
 Classical.choice,
 Quot.sound]
'IUTThreeClosures.ABCThreeArmIncidenceSuccessor20260903.Face.selectedRadical_pos' depends on axioms: [propext,
 Classical.choice,
 Quot.sound]
'IUTThreeClosures.ABCThreeArmIncidenceSuccessor20260903.Face.complementRadical_pos' depends on axioms: [propext,
 Classical.choice,
 Quot.sound]
'IUTThreeClosures.ABCThreeArmIncidenceSuccessor20260903.Face.selectedDefect_pos' depends on axioms: [propext,
 Classical.choice,
 Quot.sound]
'IUTThreeClosures.ABCThreeArmIncidenceSuccessor20260903.Face.armRadical_mul_armDefect' depends on axioms: [propext,
 Classical.choice,
 Quot.sound]
'IUTThreeClosures.ABCThreeArmIncidenceSuccessor20260903.Face.armModulus_dvd_coordinate' depends on axioms: [propext,
 Classical.choice,
 Quot.sound]
'IUTThreeClosures.ABCThreeArmIncidenceSuccessor20260903.Face.localIncidenceSignature' depends on axioms: [propext,
 Classical.choice,
 Quot.sound]
'IUTThreeClosures.ABCThreeArmIncidenceSuccessor20260903.Face.coprime_modulus_AB' depends on axioms: [propext,
 Classical.choice,
 Quot.sound]
'IUTThreeClosures.ABCThreeArmIncidenceSuccessor20260903.Face.coprime_modulus_AC' depends on axioms: [propext,
 Classical.choice,
 Quot.sound]
'IUTThreeClosures.ABCThreeArmIncidenceSuccessor20260903.Face.coprime_modulus_BC' depends on axioms: [propext,
 Classical.choice,
 Quot.sound]
'IUTThreeClosures.ABCThreeArmIncidenceSuccessor20260903.Face.eq_c_of_strictThreeArmReconstruction' depends on axioms: [propext,
 Classical.choice,
 Quot.sound]
'IUTThreeClosures.ABCThreeArmIncidenceSuccessor20260903.Face.selectedRadical_mul_selectedDefect' depends on axioms: [propext,
 Classical.choice,
 Quot.sound]
'IUTThreeClosures.ABCThreeArmIncidenceSuccessor20260903.Face.armRadical_mul_armComplementRadical' depends on axioms: [propext,
 Classical.choice,
 Quot.sound]
'IUTThreeClosures.ABCThreeArmIncidenceSuccessor20260903.Face.selectedRadical_mul_complementRadical' depends on axioms: [propext,
 Classical.choice,
 Quot.sound]
'IUTThreeClosures.ABCThreeArmIncidenceSuccessor20260903.Face.height_le_conductor_add_log_selectedDefect' depends on axioms: [propext,
 Classical.choice,
 Quot.sound]
'IUTThreeClosures.ABCThreeArmIncidenceSuccessor20260903.UniformRawThreeArmDefectBound' depends on axioms: [propext,
 Classical.choice,
 Quot.sound]
'IUTThreeClosures.ABCThreeArmIncidenceSuccessor20260903.abc_of_uniformRawThreeArmDefectBound' depends on axioms: [propext,
 Classical.choice,
 Quot.sound]
'IUTThreeClosures.ABCThreeArmIncidenceSuccessor20260903.SelectedPrimeToken' depends on axioms: [propext,
 Classical.choice,
 Quot.sound]
'IUTThreeClosures.ABCThreeArmIncidenceSuccessor20260903.SelectedExcessToken' depends on axioms: [propext,
 Classical.choice,
 Quot.sound]
'IUTThreeClosures.ABCThreeArmIncidenceSuccessor20260903.ComplementPrimeToken' depends on axioms: [propext,
 Classical.choice,
 Quot.sound]
'IUTThreeClosures.ABCThreeArmIncidenceSuccessor20260903.selectedExcessPrime' depends on axioms: [propext,
 Classical.choice,
 Quot.sound]
'IUTThreeClosures.ABCThreeArmIncidenceSuccessor20260903.complementPrime' depends on axioms: [propext,
 Classical.choice,
 Quot.sound]
'IUTThreeClosures.ABCThreeArmIncidenceSuccessor20260903.selectedExcessWeight' depends on axioms: [propext,
 Classical.choice,
 Quot.sound]
'IUTThreeClosures.ABCThreeArmIncidenceSuccessor20260903.complementPrimeWeight' depends on axioms: [propext,
 Classical.choice,
 Quot.sound]
'IUTThreeClosures.ABCThreeArmIncidenceSuccessor20260903.ComplementTransport' depends on axioms: [propext,
 Classical.choice,
 Quot.sound]
'IUTThreeClosures.ABCThreeArmIncidenceSuccessor20260903.selectedExcessPrime_prime' depends on axioms: [propext,
 Classical.choice,
 Quot.sound]
'IUTThreeClosures.ABCThreeArmIncidenceSuccessor20260903.complementPrime_prime' depends on axioms: [propext,
 Classical.choice,
 Quot.sound]
'IUTThreeClosures.ABCThreeArmIncidenceSuccessor20260903.zeroComplementTransport' depends on axioms: [propext,
 Classical.choice,
 Quot.sound]
'IUTThreeClosures.ABCThreeArmIncidenceSuccessor20260903.Face.log_armDefect_eq_weightSum' depends on axioms: [propext,
 Classical.choice,
 Quot.sound]
'IUTThreeClosures.ABCThreeArmIncidenceSuccessor20260903.Face.log_armComplementRadical_eq_weightSum' depends on axioms: [propext,
 Classical.choice,
 Quot.sound]
'IUTThreeClosures.ABCThreeArmIncidenceSuccessor20260903.Face.complementTransport_sourceMass_eq_log_selectedDefect' depends on axioms: [propext,
 Classical.choice,
 Quot.sound]
'IUTThreeClosures.ABCThreeArmIncidenceSuccessor20260903.Face.complementTransport_sinkMass_eq_log_complementRadical' depends on axioms: [propext,
 Classical.choice,
 Quot.sound]
'IUTThreeClosures.ABCThreeArmIncidenceSuccessor20260903.Face.log_selectedDefect_le_log_complementRadical_add_unmatchedMass' depends on axioms: [propext,
 Classical.choice,
 Quot.sound]
'IUTThreeClosures.ABCThreeArmIncidenceSuccessor20260903.Face.complementTransport_threshold_obstruction' depends on axioms: [propext,
 Classical.choice,
 Quot.sound]
'IUTThreeClosures.ABCThreeArmIncidenceSuccessor20260903.Face.height_le_conductor_add_complementTransport_unmatchedMass' depends on axioms: [propext,
 Classical.choice,
 Quot.sound]
'IUTThreeClosures.ABCThreeArmIncidenceSuccessor20260903.UniformThreeArmComplementTransportBound' depends on axioms: [propext,
 Classical.choice,
 Quot.sound]
'IUTThreeClosures.ABCThreeArmIncidenceSuccessor20260903.abc_of_uniformThreeArmComplementTransportBound' depends on axioms: [propext,
 Classical.choice,
 Quot.sound]
'IUTThreeClosures.ABCThreeArmIncidenceSuccessor20260903.two_le_factorization_square_of_mem_primeFactors' depends on axioms: [propext,
 Classical.choice,
 Quot.sound]
'IUTThreeClosures.ABCThreeArmIncidenceSuccessor20260903.pythagoreanSquare_coordinate' depends on axioms: [propext,
 Classical.choice,
 Quot.sound]
'IUTThreeClosures.ABCThreeArmIncidenceSuccessor20260903.pythagoreanSquare_valuation_ge_two' depends on axioms: [propext,
 Classical.choice,
 Quot.sound]
'IUTThreeClosures.ABCThreeArmIncidenceSuccessor20260903.Face.selectedRadical_le_selectedDefect_of_valuation_ge_two' depends on axioms: [propext,
 Classical.choice,
 Quot.sound]
'IUTThreeClosures.ABCThreeArmIncidenceSuccessor20260903.Face.selectedModulus_le_selectedDefect_sq_of_valuation_ge_two' depends on axioms: [propext,
 Classical.choice,
 Quot.sound]
'IUTThreeClosures.ABCThreeArmIncidenceSuccessor20260903.pythagoreanZ_le_selectedDefect_of_cover' depends on axioms: [propext,
 Classical.choice,
 Quot.sound]
'IUTThreeClosures.ABCThreeArmIncidenceSuccessor20260903.abcRadical_square_le_base' depends on axioms: [propext,
 Classical.choice,
 Quot.sound]
'IUTThreeClosures.ABCThreeArmIncidenceSuccessor20260903.pythagoreanSquare_totalRadical_le_z_cube' depends on axioms: [propext,
 Classical.choice,
 Quot.sound]
'IUTThreeClosures.ABCThreeArmIncidenceSuccessor20260903.not_uniformRawThreeArmDefectBound' depends on axioms: [propext,
 Classical.choice,
 Quot.sound]
