'IUTThreeClosures.ABCValuationIncidenceComplex20260903.PrimitiveABC' does not depend on any axioms
'IUTThreeClosures.ABCValuationIncidenceComplex20260903.Arm' does not depend on any axioms
'IUTThreeClosures.ABCValuationIncidenceComplex20260903.coordinate' does not depend on any axioms
'IUTThreeClosures.ABCValuationIncidenceComplex20260903.coordinate_pos' depends on axioms: [propext, Quot.sound]
'IUTThreeClosures.ABCValuationIncidenceComplex20260903.Face' depends on axioms: [propext, Classical.choice, Quot.sound]
'IUTThreeClosures.ABCValuationIncidenceComplex20260903.Face.ext' depends on axioms: [propext,
 Classical.choice,
 Quot.sound]
'IUTThreeClosures.ABCValuationIncidenceComplex20260903.Face.empty' depends on axioms: [propext,
 Classical.choice,
 Quot.sound]
'IUTThreeClosures.ABCValuationIncidenceComplex20260903.Face.full' depends on axioms: [propext,
 Classical.choice,
 Quot.sound]
'IUTThreeClosures.ABCValuationIncidenceComplex20260903.Face.union' depends on axioms: [propext,
 Classical.choice,
 Quot.sound]
'IUTThreeClosures.ABCValuationIncidenceComplex20260903.Face.inter' depends on axioms: [propext,
 Classical.choice,
 Quot.sound]
'IUTThreeClosures.ABCValuationIncidenceComplex20260903.Face.IsSubface' depends on axioms: [propext,
 Classical.choice,
 Quot.sound]
'IUTThreeClosures.ABCValuationIncidenceComplex20260903.Face.isSubface_refl' depends on axioms: [propext,
 Classical.choice,
 Quot.sound]
'IUTThreeClosures.ABCValuationIncidenceComplex20260903.Face.isSubface_trans' depends on axioms: [propext,
 Classical.choice,
 Quot.sound]
'IUTThreeClosures.ABCValuationIncidenceComplex20260903.Face.isSubface_antisymm' depends on axioms: [propext,
 Classical.choice,
 Quot.sound]
'IUTThreeClosures.ABCValuationIncidenceComplex20260903.Face.empty_isSubface' depends on axioms: [propext,
 Classical.choice,
 Quot.sound]
'IUTThreeClosures.ABCValuationIncidenceComplex20260903.Face.isSubface_full' depends on axioms: [propext,
 Classical.choice,
 Quot.sound]
'IUTThreeClosures.ABCValuationIncidenceComplex20260903.Face.isSubface_union_left' depends on axioms: [propext,
 Classical.choice,
 Quot.sound]
'IUTThreeClosures.ABCValuationIncidenceComplex20260903.Face.isSubface_union_right' depends on axioms: [propext,
 Classical.choice,
 Quot.sound]
'IUTThreeClosures.ABCValuationIncidenceComplex20260903.Face.union_isSubface' depends on axioms: [propext,
 Classical.choice,
 Quot.sound]
'IUTThreeClosures.ABCValuationIncidenceComplex20260903.Face.vertexCount' depends on axioms: [propext,
 Classical.choice,
 Quot.sound]
'IUTThreeClosures.ABCValuationIncidenceComplex20260903.Face.natDimension' depends on axioms: [propext,
 Classical.choice,
 Quot.sound]
'IUTThreeClosures.ABCValuationIncidenceComplex20260903.Face.valuation' depends on axioms: [propext,
 Classical.choice,
 Quot.sound]
'IUTThreeClosures.ABCValuationIncidenceComplex20260903.Face.armRadical' depends on axioms: [propext,
 Classical.choice,
 Quot.sound]
'IUTThreeClosures.ABCValuationIncidenceComplex20260903.Face.armDefect' depends on axioms: [propext,
 Classical.choice,
 Quot.sound]
'IUTThreeClosures.ABCValuationIncidenceComplex20260903.Face.armModulus' depends on axioms: [propext,
 Classical.choice,
 Quot.sound]
'IUTThreeClosures.ABCValuationIncidenceComplex20260903.Face.defectDegree' depends on axioms: [propext,
 Classical.choice,
 Quot.sound]
'IUTThreeClosures.ABCValuationIncidenceComplex20260903.Face.tropicalPoint' depends on axioms: [propext,
 Classical.choice,
 Quot.sound]
'IUTThreeClosures.ABCValuationIncidenceComplex20260903.Face.logarithmicPoint' depends on axioms: [propext,
 Classical.choice,
 Quot.sound]
'IUTThreeClosures.ABCValuationIncidenceComplex20260903.Face.prime_of_mem_support' depends on axioms: [propext,
 Classical.choice,
 Quot.sound]
'IUTThreeClosures.ABCValuationIncidenceComplex20260903.Face.valuation_pos_of_mem_support' depends on axioms: [propext,
 Classical.choice,
 Quot.sound]
'IUTThreeClosures.ABCValuationIncidenceComplex20260903.Face.armRadical_pos' depends on axioms: [propext,
 Classical.choice,
 Quot.sound]
'IUTThreeClosures.ABCValuationIncidenceComplex20260903.Face.armDefect_pos' depends on axioms: [propext,
 Classical.choice,
 Quot.sound]
'IUTThreeClosures.ABCValuationIncidenceComplex20260903.Face.armRadical_dvd_of_isSubface' depends on axioms: [propext,
 Classical.choice,
 Quot.sound]
'IUTThreeClosures.ABCValuationIncidenceComplex20260903.Face.armRadical_le_of_isSubface' depends on axioms: [propext,
 Classical.choice,
 Quot.sound]
'IUTThreeClosures.ABCValuationIncidenceComplex20260903.Face.armRadical_mul_armDefect' depends on axioms: [propext,
 Classical.choice,
 Quot.sound]
'IUTThreeClosures.ABCValuationIncidenceComplex20260903.Face.armModulus_dvd_coordinate' depends on axioms: [propext,
 Classical.choice,
 Quot.sound]
'IUTThreeClosures.ABCValuationIncidenceComplex20260903.Face.full_armModulus' depends on axioms: [propext,
 Classical.choice,
 Quot.sound]
'IUTThreeClosures.ABCValuationIncidenceComplex20260903.Face.full_armRadical' depends on axioms: [propext,
 Classical.choice,
 Quot.sound]
'IUTThreeClosures.ABCValuationIncidenceComplex20260903.Face.full_radical_mul_defect' depends on axioms: [propext,
 Classical.choice,
 Quot.sound]
'IUTThreeClosures.ABCValuationIncidenceComplex20260903.Face.ArmwiseDisjoint' depends on axioms: [propext,
 Classical.choice,
 Quot.sound]
'IUTThreeClosures.ABCValuationIncidenceComplex20260903.Face.armRadical_union' depends on axioms: [propext,
 Classical.choice,
 Quot.sound]
'IUTThreeClosures.ABCValuationIncidenceComplex20260903.Face.armDefect_union' depends on axioms: [propext,
 Classical.choice,
 Quot.sound]
'IUTThreeClosures.ABCValuationIncidenceComplex20260903.Face.armModulus_union' depends on axioms: [propext,
 Classical.choice,
 Quot.sound]
'IUTThreeClosures.ABCValuationIncidenceComplex20260903.Face.defectDegree_union' depends on axioms: [propext,
 Classical.choice,
 Quot.sound]
'IUTThreeClosures.ABCValuationIncidenceComplex20260903.Face.Budget' does not depend on any axioms
'IUTThreeClosures.ABCValuationIncidenceComplex20260903.Face.IsBudgetFace' depends on axioms: [propext,
 Classical.choice,
 Quot.sound]
'IUTThreeClosures.ABCValuationIncidenceComplex20260903.Face.isBudgetFace_of_isSubface' depends on axioms: [propext,
 Classical.choice,
 Quot.sound]
'IUTThreeClosures.ABCValuationIncidenceComplex20260903.Face.empty_isBudgetFace' depends on axioms: [propext,
 Classical.choice,
 Quot.sound]
'IUTThreeClosures.ABCValuationIncidenceComplex20260903.Face.zeroBudget_iff_valuation_one' depends on axioms: [propext,
 Classical.choice,
 Quot.sound]
'IUTThreeClosures.ABCValuationIncidenceComplex20260903.Face.union_isBudgetFace' depends on axioms: [propext,
 Classical.choice,
 Quot.sound]
'IUTThreeClosures.ABCValuationIncidenceComplex20260903.Face.localIncidenceSignature' depends on axioms: [propext,
 Classical.choice,
 Quot.sound]
'IUTThreeClosures.ABCValuationIncidenceComplex20260903.Face.coprime_modulus_AB' depends on axioms: [propext,
 Classical.choice,
 Quot.sound]
'IUTThreeClosures.ABCValuationIncidenceComplex20260903.Face.coprime_modulus_AC' depends on axioms: [propext,
 Classical.choice,
 Quot.sound]
'IUTThreeClosures.ABCValuationIncidenceComplex20260903.Face.coprime_modulus_BC' depends on axioms: [propext,
 Classical.choice,
 Quot.sound]
'IUTThreeClosures.ABCValuationIncidenceComplex20260903.Face.ABReconstructing' depends on axioms: [propext,
 Classical.choice,
 Quot.sound]
'IUTThreeClosures.ABCValuationIncidenceComplex20260903.Face.full_ABReconstructing' depends on axioms: [propext,
 Classical.choice,
 Quot.sound]
'IUTThreeClosures.ABCValuationIncidenceComplex20260903.Face.eq_c_of_ABReconstructing' depends on axioms: [propext,
 Classical.choice,
 Quot.sound]
'IUTThreeClosures.ABCValuationIncidenceComplex20260903.Face.complexRadical' depends on axioms: [propext,
 Classical.choice,
 Quot.sound]
'IUTThreeClosures.ABCValuationIncidenceComplex20260903.Face.complexRadical_eq_abcRadical' depends on axioms: [propext,
 Classical.choice,
 Quot.sound]
'IUTThreeClosures.ABCValuationIncidenceComplex20260903.Face.cPower_le_complexRadical_iff_sumArmDefect' depends on axioms: [propext,
 Classical.choice,
 Quot.sound]
'IUTThreeClosures.ABCValuationIncidenceComplex20260903.Face.cPower_le_abcRadical_iff_sumArmDefect' depends on axioms: [propext,
 Classical.choice,
 Quot.sound]
'IUTThreeClosures.ABCValuationIncidenceComplex20260903.Face.filteredFaceBound_forces_cPower' depends on axioms: [propext,
 Classical.choice,
 Quot.sound]
'IUTThreeClosures.ABCValuationIncidenceComplex20260903.twelveEightThirtyThreeEightFortyFive' depends on axioms: [propext,
 Classical.choice,
 Quot.sound]
'IUTThreeClosures.ABCValuationIncidenceComplex20260903.witness_primeFactors_A' depends on axioms: [propext,
 Classical.choice,
 Quot.sound]
'IUTThreeClosures.ABCValuationIncidenceComplex20260903.witness_primeFactors_B' depends on axioms: [propext,
 Classical.choice,
 Quot.sound]
'IUTThreeClosures.ABCValuationIncidenceComplex20260903.witness_primeFactors_C' depends on axioms: [propext,
 Classical.choice,
 Quot.sound]
'IUTThreeClosures.ABCValuationIncidenceComplex20260903.witness_valuation_A_two' depends on axioms: [propext,
 Classical.choice,
 Quot.sound]
'IUTThreeClosures.ABCValuationIncidenceComplex20260903.witness_valuation_A_three' depends on axioms: [propext,
 Classical.choice,
 Quot.sound]
'IUTThreeClosures.ABCValuationIncidenceComplex20260903.witness_valuation_B_seven' depends on axioms: [propext,
 Classical.choice,
 Quot.sound]
'IUTThreeClosures.ABCValuationIncidenceComplex20260903.witness_valuation_B_seventeen' depends on axioms: [propext,
 Classical.choice,
 Quot.sound]
'IUTThreeClosures.ABCValuationIncidenceComplex20260903.witness_valuation_C_five' depends on axioms: [propext,
 Classical.choice,
 Quot.sound]
'IUTThreeClosures.ABCValuationIncidenceComplex20260903.witness_valuation_C_thirteen' depends on axioms: [propext,
 Classical.choice,
 Quot.sound]
'IUTThreeClosures.ABCValuationIncidenceComplex20260903.witness_coordinate_radicals' depends on axioms: [propext,
 Classical.choice,
 Quot.sound]
'IUTThreeClosures.ABCValuationIncidenceComplex20260903.arm_univ' depends on axioms: [propext,
 Classical.choice,
 Quot.sound]
'IUTThreeClosures.ABCValuationIncidenceComplex20260903.witness_full_vertexCount' depends on axioms: [propext,
 Classical.choice,
 Quot.sound]
'IUTThreeClosures.ABCValuationIncidenceComplex20260903.witness_full_natDimension' depends on axioms: [propext,
 Classical.choice,
 Quot.sound]
'IUTThreeClosures.ABCValuationIncidenceComplex20260903.witness_armDefects' depends on axioms: [propext,
 Classical.choice,
 Quot.sound]
'IUTThreeClosures.ABCValuationIncidenceComplex20260903.witness_full_tropicalPoint' depends on axioms: [propext,
 Classical.choice,
 Quot.sound]
'IUTThreeClosures.ABCValuationIncidenceComplex20260903.witness_everyArm_defective' depends on axioms: [propext,
 Classical.choice,
 Quot.sound]
'IUTThreeClosures.ABCValuationIncidenceComplex20260903.witness_everyArm_has_mixedValuation' depends on axioms: [propext,
 Classical.choice,
 Quot.sound]
'IUTThreeClosures.ABCValuationIncidenceComplex20260903.witness_full_defectDegree' depends on axioms: [propext,
 Classical.choice,
 Quot.sound]
'IUTThreeClosures.ABCValuationIncidenceComplex20260903.witness_full_oneBudget_not_zeroBudget' depends on axioms: [propext,
 Classical.choice,
 Quot.sound]
'IUTThreeClosures.ABCValuationIncidenceComplex20260903.witnessSquarefreeFace' depends on axioms: [propext,
 Classical.choice,
 Quot.sound]
'IUTThreeClosures.ABCValuationIncidenceComplex20260903.witnessSquarefreeFace_vertexCount' depends on axioms: [propext,
 Classical.choice,
 Quot.sound]
'IUTThreeClosures.ABCValuationIncidenceComplex20260903.witnessSquarefreeFace_zeroBudget' depends on axioms: [propext,
 Classical.choice,
 Quot.sound]
