WORKDIR: Lean
COMMAND: C:\Users\Admin\.elan\bin\lake.EXE env lean -DwarningAsError=true IUTThreeClosures/IUTRationalDegreeOneSourceRealization20260901.lean
'IUTThreeClosures.IUTRationalDegreeOneSourceRealization20260901.ptLE_one_eq_ptEQ_one' depends on axioms: [propext,
 Classical.choice,
 Quot.sound]
'IUTThreeClosures.IUTRationalDegreeOneSourceRealization20260901.mem_ptLE_one_of_mem_ptEQ_one' depends on axioms: [propext,
 Classical.choice,
 Quot.sound]
'IUTThreeClosures.IUTRationalDegreeOneSourceRealization20260901.RationalDegreeOneSourceRealization.toOpenUnitTripodComparison' depends on axioms: [propext,
 Classical.choice,
 Quot.sound]
'IUTThreeClosures.IUTRationalDegreeOneSourceRealization20260901.RationalDegreeOneSourceRealization.restrictedStatementI_of_statementI' depends on axioms: [propext,
 Classical.choice,
 Quot.sound]
'IUTThreeClosures.IUTRationalDegreeOneSourceRealization20260901.RationalDegreeOneSourceRealization.restrictedStatementI_iff_abc' depends on axioms: [propext,
 Classical.choice,
 Quot.sound]
'IUTThreeClosures.IUTRationalDegreeOneSourceRealization20260901.RationalDegreeOneSourceRealization.abc_of_statementI' depends on axioms: [propext,
 Classical.choice,
 Quot.sound]
'IUTThreeClosures.IUTRationalDegreeOneSourceRealization20260901.rationalTripodShadowSourceRealization' depends on axioms: [propext,
 Classical.choice,
 Quot.sound]
'IUTThreeClosures.IUTRationalDegreeOneSourceRealization20260901.degreeEmpty_fullGenlPremise_countermodel' depends on axioms: [propext,
 Classical.choice,
 Quot.sound]
'IUTThreeClosures.IUTRationalDegreeOneSourceRealization20260901.heightZero_fullGenlPremise_countermodel' depends on axioms: [propext,
 Classical.choice,
 Quot.sound]
'IUTThreeClosures.IUTRationalDegreeOneSourceRealization20260901.radicalInflatedProofPackage' depends on axioms: [propext,
 Classical.choice,
 Quot.sound]
'IUTThreeClosures.IUTRationalDegreeOneSourceRealization20260901.conductorInflatedShadow_fullPremise_countermodel' depends on axioms: [propext,
 Classical.choice,
 Quot.sound]
'IUTThreeClosures.IUTRationalDegreeOneSourceRealization20260901.differentInflatedShadow_fullPremise_countermodel' depends on axioms: [propext,
 Classical.choice,
 Quot.sound]
'IUTThreeClosures.IUTRationalDegreeOneSourceRealization20260901.counterexample_reverse_without_source_height_upper' depends on axioms: [propext,
 Classical.choice,
 Quot.sound]
'IUTThreeClosures.IUTRationalDegreeOneSourceRealization20260901.counterexample_reverse_without_target_radical_upper' depends on axioms: [propext,
 Classical.choice,
 Quot.sound]
EXIT_CODE: 0
