WORKDIR: Lean
COMMAND: C:\Users\Admin\.elan\bin\lake.EXE env lean -DwarningAsError=true IUTThreeClosures/MersenneBalancedMultiplierDepthLocalization20260901.lean
'IUTThreeClosures.MersenneBalancedMultiplierDepthLocalization20260901.sum_injective_labels_lt_le_triangular' depends on axioms: [propext,
 Classical.choice,
 Quot.sound]
'IUTThreeClosures.MersenneBalancedMultiplierDepthLocalization20260901.card_le_pred_of_positive_injective_labels_lt' depends on axioms: [propext,
 Classical.choice,
 Quot.sound]
'IUTThreeClosures.MersenneBalancedMultiplierDepthLocalization20260901.weighted_mass_le_triangular_envelope' depends on axioms: [propext,
 Classical.choice,
 Quot.sound]
'IUTThreeClosures.MersenneBalancedMultiplierDepthLocalization20260901.factorization_fermat_eq_exactOrder' depends on axioms: [propext,
 Classical.choice,
 Quot.sound]
'IUTThreeClosures.MersenneBalancedMultiplierDepthLocalization20260901.lowMultiplierExactOrderPrimes_card_le_pred' depends on axioms: [propext,
 Classical.choice,
 Quot.sound]
'IUTThreeClosures.MersenneBalancedMultiplierDepthLocalization20260901.lowMultiplierExactOrderPrimes_sum_multiplier_le' depends on axioms: [propext,
 Classical.choice,
 Quot.sound]
'IUTThreeClosures.MersenneBalancedMultiplierDepthLocalization20260901.lowMultiplierExactOrderWeight_le_triangular_envelope' depends on axioms: [propext,
 Classical.choice,
 Quot.sound]
'IUTThreeClosures.MersenneBalancedMultiplierDepthLocalization20260901.highDeep_or_balancedNearSquare_of_two_low_budgets' depends on axioms: [propext,
 Classical.choice,
 Quot.sound]
'IUTThreeClosures.MersenneBalancedMultiplierDepthLocalization20260901.one_half_is_sharp_after_two_controlled_arms' depends on axioms: [propext,
 Classical.choice,
 Quot.sound]
'IUTThreeClosures.MersenneBalancedMultiplierDepthLocalization20260901.complete_positive_label_packet' depends on axioms: [propext,
 Classical.choice,
 Quot.sound]
'IUTThreeClosures.MersenneBalancedMultiplierDepthLocalization20260901.no_uniform_nat_linear_bound_for_positive_injective_labels' depends on axioms: [propext,
 Classical.choice,
 Quot.sound]
'IUTThreeClosures.MersenneBalancedMultiplierDepthLocalization20260901.triangular_energy_exceeds_coefficient_one_at_four' depends on axioms: [propext,
 Classical.choice,
 Quot.sound]
'IUTThreeClosures.MersenneBalancedMultiplierDepthLocalization20260901.wieferich_3511_exact_order_multiplier_two' depends on axioms: [propext,
 Classical.choice,
 Quot.sound]
'IUTThreeClosures.MersenneBalancedMultiplierDepthLocalization20260901.repeated_exact_order_multiplier_ge_three_false' depends on axioms: [propext,
 Classical.choice,
 Quot.sound]
EXIT_CODE: 0
