WORKDIR: E:\AImath\abc猜想\Lean
COMMAND: C:\Users\Admin\.elan\bin\lake.EXE env lean IUTThreeClosures/AffineTemplateEntropy20260901.lean
'IUTThreeClosures.AffineTemplateEntropy20260901.zeroFirstFactor_cancellation' depends on axioms: [propext, Quot.sound]
'IUTThreeClosures.AffineTemplateEntropy20260901.zeroSecondFactor_cancellation' depends on axioms: [propext,
 Classical.choice,
 Quot.sound]
'IUTThreeClosures.AffineTemplateEntropy20260901.zeroThirdFactor_cancellation' depends on axioms: [propext,
 Classical.choice,
 Quot.sound]
'IUTThreeClosures.AffineTemplateEntropy20260901.nat_dvd_natAbs_of_intCast_dvd' depends on axioms: [propext]
'IUTThreeClosures.AffineTemplateEntropy20260901.modulusProduct_dvd_affineDifferenceProduct' depends on axioms: [propext]
'IUTThreeClosures.AffineTemplateEntropy20260901.nonzero_cubicProduct_bound' depends on axioms: [propext]
'IUTThreeClosures.AffineTemplateEntropy20260901.secondForm_natAbs_le' depends on axioms: [propext]
'IUTThreeClosures.AffineTemplateEntropy20260901.thirdForm_natAbs_le' depends on axioms: [propext]
'IUTThreeClosures.AffineTemplateEntropy20260901.threeForm_separated_of_direct_bounds' depends on axioms: [propext,
 Classical.choice,
 Quot.sound]
'IUTThreeClosures.AffineTemplateEntropy20260901.threeForm_separated' depends on axioms: [propext,
 Classical.choice,
 Quot.sound]
'IUTThreeClosures.AffineTemplateEntropy20260901.dist_le_of_same_cell' depends on axioms: [propext,
 Classical.choice,
 Quot.sound]
'IUTThreeClosures.AffineTemplateEntropy20260901.pairSupDist_le_of_same_cell' depends on axioms: [propext,
 Classical.choice,
 Quot.sound]
'IUTThreeClosures.AffineTemplateEntropy20260901.supCell_injectiveOn_of_separated' depends on axioms: [propext,
 Classical.choice,
 Quot.sound]
'IUTThreeClosures.AffineTemplateEntropy20260901.supSeparated_card_le' depends on axioms: [propext,
 Classical.choice,
 Quot.sound]
'IUTThreeClosures.AffineTemplateEntropy20260901.finiteTemplateUnion_entropy' depends on axioms: [propext,
 Classical.choice,
 Quot.sound]
'IUTThreeClosures.AffineTemplateEntropy20260901.finiteTemplateUnion_card_le' depends on axioms: [propext,
 Classical.choice,
 Quot.sound]
'IUTThreeClosures.AffineTemplateEntropy20260901.radical_ratio_bound' depends on axioms: [propext, Quot.sound]
'IUTThreeClosures.AffineTemplateEntropy20260901.canonical_cubicThreshold_scale13' depends on axioms: [propext,
 Classical.choice,
 Quot.sound]
'IUTThreeClosures.AffineTemplateEntropy20260901.canonical_longCapThreshold_scale13' depends on axioms: [propext,
 Classical.choice,
 Quot.sound]
'IUTThreeClosures.AffineTemplateEntropy20260901.canonical_cellConstant_twelve' depends on axioms: [propext,
 Classical.choice,
 Quot.sound]
'IUTThreeClosures.AffineTemplateEntropy20260901.canonical_templateCard_mul_radicalSq_lt' depends on axioms: [propext,
 Classical.choice,
 Quot.sound]
'IUTThreeClosures.AffineTemplateEntropy20260901.canonicalCellCount_scaled_lt' depends on axioms: [propext,
 Classical.choice,
 Quot.sound]
'IUTThreeClosures.AffineTemplateEntropy20260901.canonical_supSeparated_card_mul_radicalSq_lt' depends on axioms: [propext,
 Classical.choice,
 Quot.sound]
'IUTThreeClosures.AffineTemplateEntropy20260901.cancel_coprime_affineStep' depends on axioms: [propext,
 Classical.choice,
 Quot.sound]
'IUTThreeClosures.AffineTemplateEntropy20260901.affineTemplate_membership_gives_differenceDivisibilities' depends on axioms: [propext,
 Classical.choice,
 Quot.sound]
'IUTThreeClosures.AffineTemplateEntropy20260901.determinantOnlySeparation_counterexample' depends on axioms: [propext,
 Classical.choice,
 Quot.sound]
'IUTThreeClosures.AffineTemplateEntropy20260901.omitting_Ucap_breaks_threeForm_separation' depends on axioms: [propext,
 Classical.choice,
 Quot.sound]
EXIT_CODE: 0
