'ABCEisenstein20260905.mul_comm' depends on axioms: [propext, Classical.choice, Quot.sound]
'ABCEisenstein20260905.mul_assoc' depends on axioms: [propext, Classical.choice, Quot.sound]
'ABCEisenstein20260905.mul_one' depends on axioms: [propext]
'ABCEisenstein20260905.norm_mul' depends on axioms: [propext, Classical.choice, Quot.sound]
'ABCEisenstein20260905.conjugate_product' depends on axioms: [propext, Classical.choice, Quot.sound]
'ABCEisenstein20260905.rotate_boundary' depends on axioms: [propext, Classical.choice, Quot.sound]
'ABCEisenstein20260905.rotate_norm' depends on axioms: [propext, Classical.choice, Quot.sound]
'ABCEisenstein20260905.norm_height_identity' depends on axioms: [propext, Classical.choice, Quot.sound]
'ABCEisenstein20260905.inverse_numerators' depends on axioms: [propext, Classical.choice, Quot.sound]
'ABCEisenstein20260905.boundary_remainder_x' depends on axioms: [propext, Classical.choice, Quot.sound]
'ABCEisenstein20260905.boundary_remainder_y' depends on axioms: [propext, Classical.choice, Quot.sound]
'ABCEisenstein20260905.boundary_remainder_sum' depends on axioms: [propext, Classical.choice, Quot.sound]
'ABCEisenstein20260905.step_is_mul' depends on axioms: [propext, Classical.choice, Quot.sound]
'ABCEisenstein20260905.step_norm' depends on axioms: [propext, Classical.choice, Quot.sound]
'ABCEisenstein20260905.orbit_norm' depends on axioms: [propext, Classical.choice, Quot.sound]
'ABCEisenstein20260905.orbit_add' depends on axioms: [propext, Classical.choice, Quot.sound]
'ABCEisenstein20260905.orbit_six' does not depend on any axioms
'ABCEisenstein20260905.orbit_six_shift' depends on axioms: [propext, Classical.choice, Quot.sound]
'ABCEisenstein20260905.orbit_mod_four' depends on axioms: [propext, Classical.choice, Quot.sound]
'ABCEisenstein20260905.orbit_mod_seven' depends on axioms: [propext, Classical.choice, Quot.sound]
'ABCEisenstein20260905.cubic_coordinate' depends on axioms: [propext, Classical.choice, Quot.sound]
'ABCEisenstein20260905.boundary_step_recurrence' depends on axioms: [propext, Classical.choice, Quot.sound]
'ABCEisenstein20260905.orbit_boundary_recurrence' depends on axioms: [propext, Classical.choice, Quot.sound]
'ABCEisenstein20260905.orbit_boundary_lucas' depends on axioms: [propext, Classical.choice, Quot.sound]
'ABCEisenstein20260905.cubic_difference' depends on axioms: [propext, Classical.choice, Quot.sound]
'ABCEisenstein20260905.orbit_cubic_difference' depends on axioms: [propext, Classical.choice, Quot.sound]
'ABCEisenstein20260905.exact_small_orbits' does not depend on any axioms
'ABCEisenstein20260905.boundary_factor_certificates' does not depend on any axioms
'ABCEisenstein20260905.defect_ratio_increases' depends on axioms: [propext, Quot.sound]

'ABCGramRigidity20260907.actual_norm_nonnegative' depends on axioms: [propext, Classical.choice, Quot.sound]
'ABCGramRigidity20260907.actual_gram_identity' depends on axioms: [propext, Quot.sound]
'ABCGramRigidity20260907.actual_determinant_square_bound' depends on axioms: [propext, Classical.choice, Quot.sound]
'ABCGramRigidity20260907.actual_determinant_zero_of_modulus' depends on axioms: [propext, Classical.choice, Quot.sound]

'ABCActualSignedProducts20260907.private_signed_valuation' depends on axioms: [propext, Classical.choice, Quot.sound]
'ABCActualSignedProducts20260907.private_signed_coordinates_equal' depends on axioms: [propext,
 Classical.choice,
 Quot.sound]
'ABCActualSignedProducts20260907.private_signed_product_injective' depends on axioms: [propext,
 Classical.choice,
 Quot.sound]
'ABCActualSignedProducts20260907.actual_unit_normalized_injective' depends on axioms: [propext,
 Classical.choice,
 Quot.sound]
'ABCActualSignedProducts20260907.actual_finite_signed_capacity' depends on axioms: [propext,
 Classical.choice,
 Quot.sound]
'ABCActualSignedProducts20260907.actual_diamond_card' depends on axioms: [propext, Classical.choice, Quot.sound]
'ABCActualSignedProducts20260907.actual_diamond_coordinates_injective' depends on axioms: [propext, Quot.sound]
'ABCActualSignedProducts20260907.absolute_sum_le_of_four_corners' depends on axioms: [propext]
'ABCActualSignedProducts20260907.actual_diamond_radius' depends on axioms: [propext, Quot.sound]
'ABCActualSignedProducts20260907.actual_pair_vector_injective' depends on axioms: [propext]
'ABCActualSignedProducts20260907.actual_private_diamond_injective' depends on axioms: [propext,
 Classical.choice,
 Quot.sound]
'ABCActualSignedProducts20260907.actual_diamond_target_capacity' depends on axioms: [propext,
 Classical.choice,
 Quot.sound]

'ABCJointPhasePackets20260907.actual_phase_addition' depends on axioms: [propext, Quot.sound]
'ABCJointPhasePackets20260907.actual_phase_norm' depends on axioms: [propext, Quot.sound]
'ABCJointPhasePackets20260907.cubic_discriminant_identity' depends on axioms: [propext, Quot.sound]
'ABCJointPhasePackets20260907.actual_phase_product_square_bound' depends on axioms: [propext,
 Classical.choice,
 Quot.sound]
'ABCJointPhasePackets20260907.actual_phase_zero_of_modulus' depends on axioms: [propext, Classical.choice, Quot.sound]
'ABCJointPhasePackets20260907.phase_divisor_dvd_product' depends on axioms: [propext]
'ABCJointPhasePackets20260907.coprime_phase_moduli_dvd' depends on axioms: [propext, Classical.choice, Quot.sound]
'ABCJointPhasePackets20260907.joint_phase_injective' depends on axioms: [propext, Classical.choice, Quot.sound]
'ABCJointPhasePackets20260907.joint_phase_capacity' depends on axioms: [propext, Classical.choice, Quot.sound]
'ABCJointPhasePackets20260907.private_independence_through_cube_kernel' depends on axioms: [propext,
 Classical.choice,
 Quot.sound]

'ABCComplementContent20260907.norm_positive' depends on axioms: [propext, Classical.choice, Quot.sound]
'ABCComplementContent20260907.product_nonzero' depends on axioms: [propext, Classical.choice, Quot.sound]
'ABCComplementContent20260907.primitive_source_nonzero' depends on axioms: [propext, Quot.sound]
'ABCComplementContent20260907.content_positive' depends on axioms: [propext, Classical.choice, Quot.sound]
'ABCComplementContent20260907.primitive_reconstruction' depends on axioms: [propext, Quot.sound]
'ABCComplementContent20260907.primitive_is_primitive' depends on axioms: [propext, Classical.choice, Quot.sound]
'ABCComplementContent20260907.common_multiplication_determinant' depends on axioms: [propext, Quot.sound]
'ABCComplementContent20260907.scaled_phase_left' depends on axioms: [propext, Quot.sound]
'ABCComplementContent20260907.scaled_phase_middle' depends on axioms: [propext, Quot.sound]
'ABCComplementContent20260907.scaled_phase_right' depends on axioms: [propext, Quot.sound]
'ABCComplementContent20260907.raw_complement_phases' depends on axioms: [propext, Quot.sound]
'ABCComplementContent20260907.cleared_complement_phases' depends on axioms: [propext, Quot.sound]
'ABCComplementContent20260907.normalizer_positive' depends on axioms: [propext, Classical.choice, Quot.sound]
'ABCComplementContent20260907.bezout_normalizer_divides_norm' depends on axioms: [propext, Classical.choice, Quot.sound]
'ABCComplementContent20260907.multiplier_factorization' depends on axioms: [propext, Classical.choice, Quot.sound]
'ABCComplementContent20260907.multiplier_positive' depends on axioms: [propext, Classical.choice, Quot.sound]
'ABCComplementContent20260907.actual_complement_phases' depends on axioms: [propext, Classical.choice, Quot.sound]
'ABCComplementContent20260907.recovered_phase_coordinates' depends on axioms: [propext, Classical.choice, Quot.sound]
'ABCComplementContent20260907.recovered_absolute_boundary' depends on axioms: [propext, Classical.choice, Quot.sound]
'ABCComplementContent20260907.actual_phase_pair_gcd' depends on axioms: [propext, Classical.choice, Quot.sound]
'ABCComplementContent20260907.actual_phase_triple_gcd' depends on axioms: [propext, Classical.choice, Quot.sound]
'ABCComplementContent20260907.actual_primitive_boundary_observable' depends on axioms: [propext,
 Classical.choice,
 Quot.sound]
'ABCComplementContent20260907.actual_recovered_radical' depends on axioms: [propext, Classical.choice, Quot.sound]
'ABCComplementContent20260907.actual_recovered_signed_ledger' depends on axioms: [propext, Classical.choice, Quot.sound]

'ABCSquarefreePowerExtraction20260907.power_base_divides_remainder' depends on axioms: [propext,
 Classical.choice,
 Quot.sound]
'ABCSquarefreePowerExtraction20260907.squarefree_coprime_power_base' depends on axioms: [propext,
 Classical.choice,
 Quot.sound]
'ABCSquarefreePowerExtraction20260907.squarefree_factor_divides_residual' depends on axioms: [propext,
 Classical.choice,
 Quot.sound]
'ABCSquarefreePowerExtraction20260907.extracted_power_divides_remainder' depends on axioms: [propext,
 Classical.choice,
 Quot.sound]
'ABCSquarefreePowerExtraction20260907.remainder_nontrivial' depends on axioms: [propext, Classical.choice, Quot.sound]
'ABCSquarefreePowerExtraction20260907.prime_depth_bounds_exponent' depends on axioms: [propext,
 Classical.choice,
 Quot.sound]
'ABCSquarefreePowerExtraction20260907.exists_actual_prime_depth' depends on axioms: [propext,
 Classical.choice,
 Quot.sound]
'ABCSquarefreePowerExtraction20260907.uniform_depth_ceiling' depends on axioms: [propext, Classical.choice, Quot.sound]
'ABCSquarefreePowerExtraction20260907.residual_log_lower_bound' depends on axioms: [propext,
 Classical.choice,
 Quot.sound]
'ABCSquarefreePowerExtraction20260907.log_power_bound' depends on axioms: [propext, Classical.choice, Quot.sound]
'ABCSquarefreePowerExtraction20260907.compression_log_bound' depends on axioms: [propext, Classical.choice, Quot.sound]
'ABCSquarefreePowerExtraction20260907.actual_prime_power_height' depends on axioms: [propext,
 Classical.choice,
 Quot.sound]
'ABCSquarefreePowerExtraction20260907.actual_prime_log_ceiling' depends on axioms: [propext,
 Classical.choice,
 Quot.sound]
'ABCSquarefreePowerExtraction20260907.compression_prime_height_bound' depends on axioms: [propext,
 Classical.choice,
 Quot.sound]
'ABCSquarefreePowerExtraction20260907.quadratic_height_log_ceiling' depends on axioms: [propext,
 Classical.choice,
 Quot.sound]
'ABCSquarefreePowerExtraction20260907.macroscopic_compression_obstruction' depends on axioms: [propext,
 Classical.choice,
 Quot.sound]
