WORKDIR: Lean
COMMAND: C:\Users\Admin\.elan\bin\lake.EXE env lean IUTThreeClosures/AffineAdaptiveCommonKernel20260901.lean
'IUTThreeClosures.AffineAdaptiveCommonKernel20260901.natTriangleDet_natAbs_le_boxSq_of_first_sorted' depends on axioms: [propext,
 Classical.choice,
 Quot.sound]
'IUTThreeClosures.AffineAdaptiveCommonKernel20260901.natTriangleDet_natAbs_le_boxSq' depends on axioms: [propext,
 Classical.choice,
 Quot.sound]
'IUTThreeClosures.AffineAdaptiveCommonKernel20260901.natTriangleDet_natAbs_le_positiveBoxSq' depends on axioms: [propext,
 Classical.choice,
 Quot.sound]
'IUTThreeClosures.AffineAdaptiveCommonKernel20260901.adaptive_commonModulusProduct_le_boxSq_of_noncollinear' depends on axioms: [propext,
 Classical.choice,
 Quot.sound]
'IUTThreeClosures.AffineAdaptiveCommonKernel20260901.canonical_three_mul_affineU_le' depends on axioms: [propext,
 Classical.choice,
 Quot.sound]
'IUTThreeClosures.AffineAdaptiveCommonKernel20260901.canonical_three_mul_affineV_le' depends on axioms: [propext,
 Classical.choice,
 Quot.sound]
'IUTThreeClosures.AffineAdaptiveCommonKernel20260901.canonical_three_mul_affineW_le' depends on axioms: [propext,
 Classical.choice,
 Quot.sound]
'IUTThreeClosures.AffineAdaptiveCommonKernel20260901.canonical_threeArm_bounds' depends on axioms: [propext,
 Classical.choice,
 Quot.sound]
'IUTThreeClosures.AffineAdaptiveCommonKernel20260901.longArm_excessProduct_lower' depends on axioms: [propext,
 Classical.choice,
 Quot.sound]
'IUTThreeClosures.AffineAdaptiveCommonKernel20260901.longArm_squareExcess_dichotomy' depends on axioms: [propext,
 Classical.choice,
 Quot.sound]
'IUTThreeClosures.AffineAdaptiveCommonKernel20260901.canonical_longArm_squareExcess_dichotomy' depends on axioms: [propext,
 Classical.choice,
 Quot.sound]
'IUTThreeClosures.AffineAdaptiveCommonKernel20260901.longArm_radicalSupport_sq' depends on axioms: [propext,
 Classical.choice,
 Quot.sound]
'IUTThreeClosures.AffineAdaptiveCommonKernel20260901.actualLongArm_radicalSupport_sq' depends on axioms: [propext,
 Classical.choice,
 Quot.sound]
'IUTThreeClosures.AffineAdaptiveCommonKernel20260901.canonicalKernel_radicalSupport_factor27' depends on axioms: [propext,
 Classical.choice,
 Quot.sound]
'IUTThreeClosures.AffineAdaptiveCommonKernel20260901.triplePoint_armDivisorGcds_give_adaptiveInterface' depends on axioms: [propext,
 Classical.choice,
 Quot.sound]
'IUTThreeClosures.AffineAdaptiveCommonKernel20260901.seed189_zeroFirstDirection_counterexample' depends on axioms: [propext,
 Classical.choice,
 Quot.sound]
'IUTThreeClosures.AffineAdaptiveCommonKernel20260901.seed189_collinearLocalCubic_counterexample' depends on axioms: [propext,
 Classical.choice,
 Quot.sound]
'IUTThreeClosures.AffineAdaptiveCommonKernel20260901.seed189_zeroFirstDirection_fullPremise_counterexample' depends on axioms: [propext,
 Classical.choice,
 Quot.sound]
'IUTThreeClosures.AffineAdaptiveCommonKernel20260901.seed189_diameterCubic_fullPremise_counterexample' depends on axioms: [propext,
 Classical.choice,
 Quot.sound]
EXIT_CODE: 0
