'ABCPowerDescent20260905.phi_step' depends on axioms: [propext, Classical.choice, Quot.sound]
'ABCPowerDescent20260905.step_mod49' depends on axioms: [propext]
'ABCPowerDescent20260905.factor_mod49' depends on axioms: [propext]
'ABCPowerDescent20260905.step_mod4' depends on axioms: [propext]
'ABCPowerDescent20260905.factor_decomposition' depends on axioms: [propext, Quot.sound]
'ABCPowerDescent20260905.orbit_residues' depends on axioms: [propext]
'ABCPowerDescent20260905.step_increases' depends on axioms: [propext, Quot.sound]
'ABCPowerDescent20260905.orbit_increases' depends on axioms: [propext, Quot.sound]
'ABCPowerDescent20260905.orbit_lower' depends on axioms: [propext, Quot.sound]
'ABCPowerDescent20260905.orbit_unit_factor' depends on axioms: [propext, Classical.choice, Quot.sound]
'ABCPowerDescent20260905.exact_from_unit' depends on axioms: [propext]
'ABCPowerDescent20260905.orbit_exact_phi' depends on axioms: [propext, Classical.choice, Quot.sound]
'ABCPowerDescent20260905.orbit_order_three' depends on axioms: [propext, Quot.sound]
'ABCPowerDescent20260905.mod_four_not_power' depends on axioms: [propext, Quot.sound]
'ABCPowerDescent20260905.orbit_not_perfect_power' depends on axioms: [propext, Quot.sound]
'ABCPowerDescent20260905.cubic_factorization' depends on axioms: [propext, Classical.choice, Quot.sound]
'ABCPowerDescent20260905.orbit_exact_cubic_difference' depends on axioms: [propext, Classical.choice, Quot.sound]
'ABCPowerDescent20260905.infinite_first_appearance_certificate' depends on axioms: [propext,
 Classical.choice,
 Quot.sound]
'ABCPowerDescent20260905.small_root_residues' depends on axioms: [propext, Quot.sound]
'ABCPowerDescent20260905.phi_mod_congr' depends on axioms: [propext]
'ABCPowerDescent20260905.small_root_divisibility' depends on axioms: [propext, Classical.choice, Quot.sound]
'ABCPowerDescent20260905.small_root_size' depends on axioms: [propext, Classical.choice, Quot.sound]
'ABCPowerDescent20260905.normalized_small_first_appearance' depends on axioms: [propext, Classical.choice, Quot.sound]
'ABCPowerDescent20260905.transfer_criterion' depends on axioms: [propext]
'ABCPowerDescent20260905.difference_subcritical' depends on axioms: [propext]
'ABCPowerDescent20260905.sum_subcritical' depends on axioms: [propext]
'ABCPowerDescent20260905.difference_obstruction' depends on axioms: [propext, Quot.sound]
'ABCPowerDescent20260905.budget_cocycle' depends on axioms: [propext]
'ABCPowerDescent20260905.exchange_identity' depends on axioms: [propext, Classical.choice, Quot.sound]
