'ABCPrivateValuationMultisets20260907.actual_product_eq_counts' depends on axioms: [propext,
 Classical.choice,
 Quot.sound]
'ABCPrivateValuationMultisets20260907.private_valuation_product' depends on axioms: [propext,
 Classical.choice,
 Quot.sound]
'ABCPrivateValuationMultisets20260907.private_valuation_counts_equal' depends on axioms: [propext,
 Classical.choice,
 Quot.sound]
'ABCPrivateValuationMultisets20260907.private_actual_product_injective' depends on axioms: [propext,
 Classical.choice,
 Quot.sound]
'ABCPrivateValuationMultisets20260907.private_symmetric_product_injective' depends on axioms: [propext,
 Classical.choice,
 Quot.sound]
'ABCPrivateValuationMultisets20260907.rigid_symmetric_product_injective' depends on axioms: [propext,
 Classical.choice,
 Quot.sound]
'ABCPrivateValuationMultisets20260907.actual_symmetric_count_bound' depends on axioms: [propext,
 Classical.choice,
 Quot.sound]
'ABCPrivateValuationMultisets20260907.actual_symmetric_three_n_bound' depends on axioms: [propext,
 Classical.choice,
 Quot.sound]

'ABCUniformMoment20260907.six_choose_three' depends on axioms: [propext, Classical.choice, Quot.sound]
'ABCUniformMoment20260907.choose_three_exceeds_three_n' depends on axioms: [propext, Classical.choice, Quot.sound]
'ABCUniformMoment20260907.count_le_three_of_multiset_bound' depends on axioms: [propext, Classical.choice, Quot.sound]
'ABCUniformMoment20260907.explicit_root_threshold' depends on axioms: [propext, Classical.choice, Quot.sound]
'ABCUniformMoment20260907.count_le_three_at_explicit_threshold' depends on axioms: [propext,
 Classical.choice,
 Quot.sound]
'ABCUniformMoment20260907.low_layer_count_bound' depends on axioms: [propext, Classical.choice, Quot.sound]
'ABCUniformMoment20260907.countAbove_eq_filter_length' depends on axioms: [propext]
'ABCUniformMoment20260907.pointwise_complete_excess' depends on axioms: [propext, Quot.sound]
'ABCUniformMoment20260907.finite_complete_excess' depends on axioms: [propext, Classical.choice, Quot.sound]
'ABCUniformMoment20260907.actual_depth_list_budget' depends on axioms: [propext, Classical.choice, Quot.sound]
'ABCUniformMoment20260907.weighted_complete_prime_budget' depends on axioms: [propext, Classical.choice, Quot.sound]
'ABCUniformMoment20260907.actual_depth_budget_from_multisets' depends on axioms: [propext, Classical.choice, Quot.sound]
'ABCUniformMoment20260907.weighted_prime_budget_from_multisets' depends on axioms: [propext,
 Classical.choice,
 Quot.sound]
'ABCUniformMoment20260907.normalized_prime_budget' depends on axioms: [propext, Classical.choice, Quot.sound]
'ABCUniformMoment20260907.normalized_progression_budget' depends on axioms: [propext, Classical.choice, Quot.sound]

'ABCActualUniformDepth20260907.restricted_private_symmetric_count' depends on axioms: [propext,
 Classical.choice,
 Quot.sound]
'ABCActualUniformDepth20260907.square_bound_from_pair_multisets' depends on axioms: [propext,
 Classical.choice,
 Quot.sound]
'ABCActualUniformDepth20260907.sum_indicator_eq_deep_card' depends on axioms: [propext, Classical.choice, Quot.sound]
'ABCActualUniformDepth20260907.actual_finite_index_excess' depends on axioms: [propext, Classical.choice, Quot.sound]
'ABCActualUniformDepth20260907.actual_finite_index_excess_from_multisets' depends on axioms: [propext,
 Classical.choice,
 Quot.sound]
'ABCActualUniformDepth20260907.actual_private_depth_budget' depends on axioms: [propext, Classical.choice, Quot.sound]
'ABCActualUniformDepth20260907.actual_private_weighted_depth_budget' depends on axioms: [propext,
 Classical.choice,
 Quot.sound]
'ABCActualUniformDepth20260907.actual_private_normalized_depth_budget' depends on axioms: [propext,
 Classical.choice,
 Quot.sound]

'ABCCubicUnitLocal20260907.shifted_cubic_identity' depends on axioms: [propext, Classical.choice, Quot.sound]
'ABCCubicUnitLocal20260907.sextic_mod' depends on axioms: [propext]
'ABCCubicUnitLocal20260907.mod_twenty_seven_table' does not depend on any axioms
'ABCCubicUnitLocal20260907.actual_congruence_forces_three' depends on axioms: [propext, Classical.choice, Quot.sound]
'ABCCubicUnitLocal20260907.actual_square_forces_three' depends on axioms: [propext, Classical.choice, Quot.sound]
'ABCCubicUnitLocal20260907.primitive_sextic_not_square' depends on axioms: [propext, Classical.choice, Quot.sound]
