'ABCActualPrimeLogCompensation20260907.prime_weight_nonnegative' depends on axioms: [propext,
 Classical.choice,
 Quot.sound]
'ABCActualPrimeLogCompensation20260907.mass_nonnegative' depends on axioms: [propext, Classical.choice, Quot.sound]
'ABCActualPrimeLogCompensation20260907.small_mass_nonnegative' depends on axioms: [propext,
 Classical.choice,
 Quot.sound]
'ABCActualPrimeLogCompensation20260907.mass_partition' depends on axioms: [propext, Classical.choice, Quot.sound]
'ABCActualPrimeLogCompensation20260907.mass_le_log' depends on axioms: [propext, Classical.choice, Quot.sound]
'ABCActualPrimeLogCompensation20260907.actual_depth_cap_budget' depends on axioms: [propext,
 Classical.choice,
 Quot.sound]
'ABCActualPrimeLogCompensation20260907.mass_mul' depends on axioms: [propext, Classical.choice, Quot.sound]
'ABCActualPrimeLogCompensation20260907.radical_mul_coprime' depends on axioms: [propext, Classical.choice, Quot.sound]
'ABCActualPrimeLogCompensation20260907.signed_mul_coprime' depends on axioms: [propext, Classical.choice, Quot.sound]
'ABCActualPrimeLogCompensation20260907.radical_mul_ge_right' depends on axioms: [propext, Classical.choice, Quot.sound]
'ABCActualPrimeLogCompensation20260907.actual_overlap_budget' depends on axioms: [propext, Classical.choice, Quot.sound]
'ABCActualPrimeLogCompensation20260907.actual_three_factor_additivity' depends on axioms: [propext,
 Classical.choice,
 Quot.sound]
'ABCActualPrimeLogCompensation20260907.actual_two_arm_prime_log_budget' depends on axioms: [propext,
 Classical.choice,
 Quot.sound]
'ABCActualPrimeLogCompensation20260907.actual_two_arm_with_height_budget' depends on axioms: [propext,
 Classical.choice,
 Quot.sound]
'ABCActualPrimeLogCompensation20260907.actual_two_arm_with_old_factor' depends on axioms: [propext,
 Classical.choice,
 Quot.sound]
'ABCActualPrimeLogCompensation20260907.excess_zero_of_actual_cap' depends on axioms: [propext,
 Classical.choice,
 Quot.sound]
'ABCActualPrimeLogCompensation20260907.actual_one_squarefree_prime_log_budget' depends on axioms: [propext,
 Classical.choice,
 Quot.sound]

'ABCActualPrimeLogHeight20260907.nat_log_mul' depends on axioms: [propext, Classical.choice, Quot.sound]
'ABCActualPrimeLogHeight20260907.small_mass_mul' depends on axioms: [propext, Classical.choice, Quot.sound]
'ABCActualPrimeLogHeight20260907.nat_log_monotone' depends on axioms: [propext, Classical.choice, Quot.sound]
'ABCActualPrimeLogHeight20260907.output_log_lower' depends on axioms: [propext, Classical.choice, Quot.sound]
'ABCActualPrimeLogHeight20260907.actual_arm_mass_bounds' depends on axioms: [propext, Classical.choice, Quot.sound]
'ABCActualPrimeLogHeight20260907.two_small_parts_le_product' depends on axioms: [propext, Classical.choice, Quot.sound]
'ABCActualPrimeLogHeight20260907.finite_actual_arm_compensation' depends on axioms: [propext,
 Classical.choice,
 Quot.sound]

'ABCActualGlobalSignedBridge20260907.prime_weight_antitone' depends on axioms: [propext, Classical.choice, Quot.sound]
'ABCActualGlobalSignedBridge20260907.radical_antitone' depends on axioms: [propext, Classical.choice, Quot.sound]
'ABCActualGlobalSignedBridge20260907.small_mass_zero_cutoff' depends on axioms: [propext, Classical.choice, Quot.sound]
'ABCActualGlobalSignedBridge20260907.mass_zero_cutoff' depends on axioms: [propext, Classical.choice, Quot.sound]
'ABCActualGlobalSignedBridge20260907.signed_zero_cutoff' depends on axioms: [propext, Classical.choice, Quot.sound]
'ABCActualGlobalSignedBridge20260907.global_signed_le_tail_plus_small' depends on axioms: [propext,
 Classical.choice,
 Quot.sound]
'ABCActualGlobalSignedBridge20260907.global_radical_height_transfer' depends on axioms: [propext,
 Classical.choice,
 Quot.sound]
'ABCActualGlobalSignedBridge20260907.large_cutoff_numerical_transfer' depends on axioms: [propext,
 Classical.choice,
 Quot.sound]
'ABCActualGlobalSignedBridge20260907.finite_actual_global_arm_compensation' depends on axioms: [propext,
 Classical.choice,
 Quot.sound]
