ℹ [2/6] Built EisensteinDescent (6.8s)
info: EisensteinDescent.lean:197:0: 'ABCEisenstein20260905.mul_comm' depends on axioms: [propext, Classical.choice, Quot.sound]
info: EisensteinDescent.lean:198:0: 'ABCEisenstein20260905.mul_assoc' depends on axioms: [propext, Classical.choice, Quot.sound]
info: EisensteinDescent.lean:199:0: 'ABCEisenstein20260905.mul_one' depends on axioms: [propext]
info: EisensteinDescent.lean:200:0: 'ABCEisenstein20260905.norm_mul' depends on axioms: [propext, Classical.choice, Quot.sound]
info: EisensteinDescent.lean:201:0: 'ABCEisenstein20260905.conjugate_product' depends on axioms: [propext, Classical.choice, Quot.sound]
info: EisensteinDescent.lean:202:0: 'ABCEisenstein20260905.rotate_boundary' depends on axioms: [propext, Classical.choice, Quot.sound]
info: EisensteinDescent.lean:203:0: 'ABCEisenstein20260905.rotate_norm' depends on axioms: [propext, Classical.choice, Quot.sound]
info: EisensteinDescent.lean:204:0: 'ABCEisenstein20260905.norm_height_identity' depends on axioms: [propext, Classical.choice, Quot.sound]
info: EisensteinDescent.lean:205:0: 'ABCEisenstein20260905.inverse_numerators' depends on axioms: [propext, Classical.choice, Quot.sound]
info: EisensteinDescent.lean:206:0: 'ABCEisenstein20260905.boundary_remainder_x' depends on axioms: [propext, Classical.choice, Quot.sound]
info: EisensteinDescent.lean:207:0: 'ABCEisenstein20260905.boundary_remainder_y' depends on axioms: [propext, Classical.choice, Quot.sound]
info: EisensteinDescent.lean:208:0: 'ABCEisenstein20260905.boundary_remainder_sum' depends on axioms: [propext, Classical.choice, Quot.sound]
info: EisensteinDescent.lean:209:0: 'ABCEisenstein20260905.step_is_mul' depends on axioms: [propext, Classical.choice, Quot.sound]
info: EisensteinDescent.lean:210:0: 'ABCEisenstein20260905.step_norm' depends on axioms: [propext, Classical.choice, Quot.sound]
info: EisensteinDescent.lean:211:0: 'ABCEisenstein20260905.orbit_norm' depends on axioms: [propext, Classical.choice, Quot.sound]
info: EisensteinDescent.lean:212:0: 'ABCEisenstein20260905.orbit_add' depends on axioms: [propext, Classical.choice, Quot.sound]
info: EisensteinDescent.lean:213:0: 'ABCEisenstein20260905.orbit_six' does not depend on any axioms
info: EisensteinDescent.lean:214:0: 'ABCEisenstein20260905.orbit_six_shift' depends on axioms: [propext, Classical.choice, Quot.sound]
info: EisensteinDescent.lean:215:0: 'ABCEisenstein20260905.orbit_mod_four' depends on axioms: [propext, Classical.choice, Quot.sound]
info: EisensteinDescent.lean:216:0: 'ABCEisenstein20260905.orbit_mod_seven' depends on axioms: [propext, Classical.choice, Quot.sound]
info: EisensteinDescent.lean:217:0: 'ABCEisenstein20260905.cubic_coordinate' depends on axioms: [propext, Classical.choice, Quot.sound]
info: EisensteinDescent.lean:218:0: 'ABCEisenstein20260905.boundary_step_recurrence' depends on axioms: [propext, Classical.choice, Quot.sound]
info: EisensteinDescent.lean:219:0: 'ABCEisenstein20260905.orbit_boundary_recurrence' depends on axioms: [propext, Classical.choice, Quot.sound]
info: EisensteinDescent.lean:220:0: 'ABCEisenstein20260905.orbit_boundary_lucas' depends on axioms: [propext, Classical.choice, Quot.sound]
info: EisensteinDescent.lean:221:0: 'ABCEisenstein20260905.cubic_difference' depends on axioms: [propext, Classical.choice, Quot.sound]
info: EisensteinDescent.lean:222:0: 'ABCEisenstein20260905.orbit_cubic_difference' depends on axioms: [propext, Classical.choice, Quot.sound]
info: EisensteinDescent.lean:223:0: 'ABCEisenstein20260905.exact_small_orbits' does not depend on any axioms
info: EisensteinDescent.lean:224:0: 'ABCEisenstein20260905.boundary_factor_certificates' does not depend on any axioms
info: EisensteinDescent.lean:225:0: 'ABCEisenstein20260905.defect_ratio_increases' depends on axioms: [propext, Quot.sound]
ℹ [3/6] Built LocalPowerArithmetic (2.8s)
info: LocalPowerArithmetic.lean:127:0: 'ABCLocalPowerArithmetic20260907.second_quartic' depends on axioms: [propext, Classical.choice, Quot.sound]
info: LocalPowerArithmetic.lean:128:0: 'ABCLocalPowerArithmetic20260907.consecutive_primitive' depends on axioms: [propext, Quot.sound]
info: LocalPowerArithmetic.lean:129:0: 'ABCLocalPowerArithmetic20260907.consecutive_norm' depends on axioms: [propext, Classical.choice, Quot.sound]
info: LocalPowerArithmetic.lean:130:0: 'ABCLocalPowerArithmetic20260907.consecutive_second' depends on axioms: [propext, Classical.choice, Quot.sound]
info: LocalPowerArithmetic.lean:131:0: 'ABCLocalPowerArithmetic20260907.consecutive_mixed_primitive' depends on axioms: [propext, Classical.choice, Quot.sound]
info: LocalPowerArithmetic.lean:132:0: 'ABCLocalPowerArithmetic20260907.consecutive_norm_power_residue' depends on axioms: [propext,
 Classical.choice,
 Quot.sound]
info: LocalPowerArithmetic.lean:133:0: 'ABCLocalPowerArithmetic20260907.consecutive_second_power_residue' depends on axioms: [propext,
 Classical.choice,
 Quot.sound]
info: LocalPowerArithmetic.lean:134:0: 'ABCLocalPowerArithmetic20260907.unbounded_simultaneous_residue_family' depends on axioms: [propext,
 Classical.choice,
 Quot.sound]
info: LocalPowerArithmetic.lean:135:0: 'ABCLocalPowerArithmetic20260907.norm_simple_root_linearization' depends on axioms: [propext,
 Classical.choice,
 Quot.sound]
info: LocalPowerArithmetic.lean:136:0: 'ABCLocalPowerArithmetic20260907.second_simple_root_linearization' depends on axioms: [propext,
 Classical.choice,
 Quot.sound]
info: LocalPowerArithmetic.lean:137:0: 'ABCLocalPowerArithmetic20260907.extraction_root_data' does not depend on any axioms
info: LocalPowerArithmetic.lean:138:0: 'ABCLocalPowerArithmetic20260907.residual_depth_one_data' depends on axioms: [propext]
info: LocalPowerArithmetic.lean:139:0: 'ABCLocalPowerArithmetic20260907.hfree_valuation_nonnegative' depends on axioms: [propext, Classical.choice, Quot.sound]
info: LocalPowerArithmetic.lean:140:0: 'ABCLocalPowerArithmetic20260907.minimal_denominator_exponent' depends on axioms: [propext, Quot.sound]
info: LocalPowerArithmetic.lean:141:0: 'ABCLocalPowerArithmetic20260907.denominator_clearing_degree' depends on axioms: [propext, Classical.choice, Quot.sound]
ℹ [4/6] Built QuarticSupportArithmetic (2.0s)
info: QuarticSupportArithmetic.lean:108:0: 'ABCQuarticSupportArithmetic20260907.second_mod' depends on axioms: [propext, Classical.choice, Quot.sound]
info: QuarticSupportArithmetic.lean:109:0: 'ABCQuarticSupportArithmetic20260907.primitive_not_both_zero_mod' depends on axioms: [propext, Quot.sound]
info: QuarticSupportArithmetic.lean:110:0: 'ABCQuarticSupportArithmetic20260907.second_three_table' does not depend on any axioms
info: QuarticSupportArithmetic.lean:111:0: 'ABCQuarticSupportArithmetic20260907.primitive_second_mod_three' depends on axioms: [propext,
 Classical.choice,
 Quot.sound]
info: QuarticSupportArithmetic.lean:112:0: 'ABCQuarticSupportArithmetic20260907.second_thirteen_table' does not depend on any axioms
info: QuarticSupportArithmetic.lean:113:0: 'ABCQuarticSupportArithmetic20260907.thirteen_remainder_diagonal' depends on axioms: [propext,
 Classical.choice,
 Quot.sound]
info: QuarticSupportArithmetic.lean:114:0: 'ABCQuarticSupportArithmetic20260907.thirteen_shift_identity' depends on axioms: [propext, Classical.choice, Quot.sound]
info: QuarticSupportArithmetic.lean:115:0: 'ABCQuarticSupportArithmetic20260907.fourth_power_zero_thirteen_table' does not depend on any axioms
info: QuarticSupportArithmetic.lean:116:0: 'ABCQuarticSupportArithmetic20260907.thirteen_divides_of_divides_fourth_power' depends on axioms: [propext, Quot.sound]
info: QuarticSupportArithmetic.lean:117:0: 'ABCQuarticSupportArithmetic20260907.primitive_second_thirteen_exact_depth' depends on axioms: [propext,
 Classical.choice,
 Quot.sound]
info: QuarticSupportArithmetic.lean:118:0: 'ABCQuarticSupportArithmetic20260907.thirteen_cannot_divide_extraction_root' depends on axioms: [propext,
 Classical.choice,
 Quot.sound]
ℹ [5/6] Built BoundarySupportArithmetic (2.0s)
info: BoundarySupportArithmetic.lean:117:0: 'ABCBoundarySupportArithmetic20260907.hasse_strict_interval' depends on axioms: [propext, Classical.choice, Quot.sound]
info: BoundarySupportArithmetic.lean:118:0: 'ABCBoundarySupportArithmetic20260907.small_multiple_zero' depends on axioms: [propext, Quot.sound]
info: BoundarySupportArithmetic.lean:119:0: 'ABCBoundarySupportArithmetic20260907.even_hasse_excludes_unit_residues' depends on axioms: [propext,
 Classical.choice,
 Quot.sound]
info: BoundarySupportArithmetic.lean:120:0: 'ABCBoundarySupportArithmetic20260907.odd_divisor_of_even' depends on axioms: [propext, Classical.choice, Quot.sound]
info: BoundarySupportArithmetic.lean:121:0: 'ABCBoundarySupportArithmetic20260907.even_trace_prime_cutoff' depends on axioms: [propext,
 Classical.choice,
 Quot.sound]
info: BoundarySupportArithmetic.lean:122:0: 'ABCBoundarySupportArithmetic20260907.second_sum_height_identity' depends on axioms: [propext,
 Classical.choice,
 Quot.sound]
info: BoundarySupportArithmetic.lean:123:0: 'ABCBoundarySupportArithmetic20260907.second_le_sum_fourth' depends on axioms: [propext, Classical.choice, Quot.sound]
info: BoundarySupportArithmetic.lean:124:0: 'ABCBoundarySupportArithmetic20260907.second_le_thirteen_left_fourth' depends on axioms: [propext,
 Classical.choice,
 Quot.sound]
info: BoundarySupportArithmetic.lean:125:0: 'ABCBoundarySupportArithmetic20260907.second_le_thirteen_height_fourth' depends on axioms: [propext,
 Classical.choice,
 Quot.sound]
info: BoundarySupportArithmetic.lean:126:0: 'ABCBoundarySupportArithmetic20260907.pure_power_height_budget' depends on axioms: [propext,
 Classical.choice,
 Quot.sound]
Build completed successfully (6 jobs).
info: ABCBoundarySupportAudit: no previous manifest, creating one from scratch
info: toolchain not updated; already up-to-date
