WORKDIR: E:\AImath\abc猜想\Lean
COMMAND: lake build IUTThreeClosures.IUTLanaSpecificationNoGo20260901
ℹ [8739/8739] Replayed IUTThreeClosures.IUTLanaSpecificationNoGo20260901
info: IUTThreeClosures/IUTLanaSpecificationNoGo20260901.lean:196:0: 'IUTThreeClosures.IUTLanaSpecificationNoGo20260901.shift_eq_zero_of_forall_preimage_add' depends on axioms: [propext,
 Classical.choice,
 Quot.sound]
info: IUTThreeClosures/IUTLanaSpecificationNoGo20260901.lean:197:0: 'IUTThreeClosures.IUTLanaSpecificationNoGo20260901.rhsData_false' depends on axioms: [propext,
 Classical.choice,
 Quot.sound]
info: IUTThreeClosures/IUTLanaSpecificationNoGo20260901.lean:198:0: 'IUTThreeClosures.IUTLanaSpecificationNoGo20260901.rhsData_isEmpty' depends on axioms: [propext,
 Classical.choice,
 Quot.sound]
info: IUTThreeClosures/IUTLanaSpecificationNoGo20260901.lean:199:0: 'IUTThreeClosures.IUTLanaSpecificationNoGo20260901.corollary312VariantData_false' depends on axioms: [propext,
 Classical.choice,
 Quot.sound]
info: IUTThreeClosures/IUTLanaSpecificationNoGo20260901.lean:200:0: 'IUTThreeClosures.IUTLanaSpecificationNoGo20260901.corollary312VariantData_isEmpty' depends on axioms: [propext,
 Classical.choice,
 Quot.sound]
info: IUTThreeClosures/IUTLanaSpecificationNoGo20260901.lean:201:0: 'IUTThreeClosures.IUTLanaSpecificationNoGo20260901.corollary312Variant_universal_vacuous' depends on axioms: [propext,
 Classical.choice,
 Quot.sound]
info: IUTThreeClosures/IUTLanaSpecificationNoGo20260901.lean:202:0: 'IUTThreeClosures.IUTLanaSpecificationNoGo20260901.not_forall_preimage_add_of_shift_ne_zero' depends on axioms: [propext,
 Classical.choice,
 Quot.sound]
info: IUTThreeClosures/IUTLanaSpecificationNoGo20260901.lean:203:0: 'IUTThreeClosures.IUTLanaSpecificationNoGo20260901.totalShiftedSetVolume_isEmpty' depends on axioms: [propext,
 Classical.choice,
 Quot.sound]
info: IUTThreeClosures/IUTLanaSpecificationNoGo20260901.lean:204:0: 'IUTThreeClosures.IUTLanaSpecificationNoGo20260901.nonempty_of_finite_weight_sum_eq_one' depends on axioms: [propext,
 Classical.choice,
 Quot.sound]
info: IUTThreeClosures/IUTLanaSpecificationNoGo20260901.lean:205:0: 'IUTThreeClosures.IUTLanaSpecificationNoGo20260901.le_of_pointedHitCertificate' depends on axioms: [propext,
 Classical.choice,
 Quot.sound]
info: IUTThreeClosures/IUTLanaSpecificationNoGo20260901.lean:206:0: 'IUTThreeClosures.IUTLanaSpecificationNoGo20260901.le_of_etaMap_eq' depends on axioms: [propext,
 Classical.choice,
 Quot.sound]
Build completed successfully (8739 jobs).
EXIT_CODE: 0
