WORKDIR: E:\AImath\abc猜想\Lean
COMMAND: C:\Users\Admin\.elan\bin\lake.exe env lean IUTThreeClosures/AffineRadicalStep20260901.lean
'IUTThreeClosures.AffineRadicalStep20260901.SupportModulus.of_radical_dvd' depends on axioms: [propext,
 Classical.choice,
 Quot.sound]
'IUTThreeClosures.AffineRadicalStep20260901.SupportModulus.one_add_Q_mul_coprime_P' depends on axioms: [propext,
 Classical.choice,
 Quot.sound]
'IUTThreeClosures.AffineRadicalStep20260901.SupportModulus.shear_equation' depends on axioms: [propext]
'IUTThreeClosures.AffineRadicalStep20260901.SupportModulus.Parameter.U_coprime_V' depends on axioms: [propext,
 Classical.choice,
 Quot.sound]
'IUTThreeClosures.AffineRadicalStep20260901.SupportModulus.Parameter.U_coprime_W' depends on axioms: [propext,
 Classical.choice,
 Quot.sound]
'IUTThreeClosures.AffineRadicalStep20260901.SupportModulus.Parameter.V_coprime_W' depends on axioms: [propext,
 Classical.choice,
 Quot.sound]
'IUTThreeClosures.AffineRadicalStep20260901.SupportModulus.Parameter.point' depends on axioms: [propext,
 Classical.choice,
 Quot.sound]
'IUTThreeClosures.AffineRadicalStep20260901.SupportModulus.pair_UV_injective' depends on axioms: [propext,
 Classical.choice,
 Quot.sound]
'IUTThreeClosures.AffineRadicalStep20260901.SupportModulus.pair_UW_injective' depends on axioms: [propext,
 Classical.choice,
 Quot.sound]
'IUTThreeClosures.AffineRadicalStep20260901.SupportModulus.pair_VW_injective' depends on axioms: [propext,
 Classical.choice,
 Quot.sound]
'IUTThreeClosures.AffineRadicalStep20260901.SupportModulus.point_injective' depends on axioms: [propext,
 Classical.choice,
 Quot.sound]
'IUTThreeClosures.AffineRadicalStep20260901.SupportModulus.scale_parameterBound_le' depends on axioms: [propext]
'IUTThreeClosures.AffineRadicalStep20260901.SupportModulus.embedParameter' depends on axioms: [propext, Quot.sound]
'IUTThreeClosures.AffineRadicalStep20260901.SupportModulus.embedParameter_injective' depends on axioms: [propext,
 Quot.sound]
'IUTThreeClosures.AffineRadicalStep20260901.eventualMatchingLower_iff_boundedLocus' depends on axioms: [propext,
 Classical.choice,
 Quot.sound]
'IUTThreeClosures.AffineRadicalStep20260901.square_row_step_six' depends on axioms: [propext,
 Classical.choice,
 Quot.sound]
'IUTThreeClosures.AffineRadicalStep20260901.powerful_square_row_step_seventy_two' depends on axioms: [propext,
 Classical.choice,
 Quot.sound]
'IUTThreeClosures.AffineRadicalStep20260901.square_row_output_radical' depends on axioms: [propext,
 Classical.choice,
 Quot.sound]
'IUTThreeClosures.AffineRadicalStep20260901.square_row_not_threeQuarter_exceptional' depends on axioms: [propext,
 Classical.choice,
 Quot.sound]
'IUTThreeClosures.AffineRadicalStep20260901.powerful_square_row_output_radical' depends on axioms: [propext,
 Classical.choice,
 Quot.sound]
'IUTThreeClosures.AffineRadicalStep20260901.powerful_square_row_not_threeQuarter_exceptional' depends on axioms: [propext,
 Classical.choice,
 Quot.sound]
EXIT_CODE: 0
