[
  {
    "name": "affine_matching_lower_gate",
    "jsonManifest": null,
    "checksumManifest": {
      "path": "research/computation/2026_09_01_affine_matching_lower_gate/SHA256SUMS",
      "entries": 6,
      "sha256": "086a8ae6bdeb3c09ea1073a2d6a712284375bc84a8e1f74219a16eea9fc606bc"
    }
  },
  {
    "name": "danilov_recursive_lift",
    "jsonManifest": {
      "path": "research/computation/2026_09_01_danilov_recursive_lift/FILE_MANIFEST.json",
      "entries": 39,
      "sha256": "a7c929b840a2f93c5610b184f57ec11683a529a45a78d339407e5274de6a5a06"
    },
    "checksumManifest": {
      "path": "research/computation/2026_09_01_danilov_recursive_lift/SHA256SUMS",
      "entries": 40,
      "sha256": "a224a51fbe28aa93d67af7830df846cc156c210c2d2ab7ca47abbf89d3422f46"
    }
  },
  {
    "name": "danilov_simple_primitive_divisor",
    "jsonManifest": {
      "path": "research/computation/2026_09_01_danilov_simple_primitive_divisor/FILE_MANIFEST.json",
      "entries": 30,
      "sha256": "1d125c14f04c5fd0198d1de5981d7b5c414fbbb72685a5faad1a3e289b82bcd0"
    },
    "checksumManifest": {
      "path": "research/computation/2026_09_01_danilov_simple_primitive_divisor/SHA256SUMS",
      "entries": 31,
      "sha256": "8a9198414dca46e95fb1aef174f61849d0d1480665e7414dec7658fa7df38a3b"
    }
  },
  {
    "name": "pell_packet_global_attack",
    "jsonManifest": {
      "path": "research/computation/2026_09_01_pell_packet_global_attack/FILE_MANIFEST.json",
      "entries": 22,
      "sha256": "57003f6e064f0daf17165bedf031668c914475715b009a8afdc01376a4bd123e"
    },
    "checksumManifest": null
  }
]
