[
  {
    "file": "Lean/IUTThreeClosures/AffineRadicalStep20260901.lean",
    "theorems": 41,
    "lemmas": 0,
    "definitions": 14,
    "abbreviations": 1,
    "structures": 2,
    "classes": 0,
    "inductives": 0,
    "instances": 0,
    "printAxiomsCommands": 21,
    "countedTopLevelDeclarations": 58
  },
  {
    "file": "Lean/IUTThreeClosures/DanilovRecursiveLift20260901.lean",
    "theorems": 23,
    "lemmas": 0,
    "definitions": 9,
    "abbreviations": 0,
    "structures": 0,
    "classes": 0,
    "inductives": 0,
    "instances": 0,
    "printAxiomsCommands": 15,
    "countedTopLevelDeclarations": 32
  },
  {
    "file": "Lean/IUTThreeClosures/DanilovSimplePrimitiveNoGo20260901.lean",
    "theorems": 28,
    "lemmas": 0,
    "definitions": 12,
    "abbreviations": 0,
    "structures": 1,
    "classes": 0,
    "inductives": 0,
    "instances": 0,
    "printAxiomsCommands": 22,
    "countedTopLevelDeclarations": 41
  },
  {
    "file": "Lean/IUTThreeClosures/IUTLanaSpecificationNoGo20260901.lean",
    "theorems": 11,
    "lemmas": 0,
    "definitions": 0,
    "abbreviations": 0,
    "structures": 2,
    "classes": 0,
    "inductives": 0,
    "instances": 0,
    "printAxiomsCommands": 11,
    "countedTopLevelDeclarations": 13
  },
  {
    "file": "Lean/IUTThreeClosures/PellPrimeRankCounterexamples20260901.lean",
    "theorems": 19,
    "lemmas": 0,
    "definitions": 1,
    "abbreviations": 0,
    "structures": 0,
    "classes": 0,
    "inductives": 0,
    "instances": 0,
    "printAxiomsCommands": 14,
    "countedTopLevelDeclarations": 20
  }
]
