{
  "pinnedCommit": "ddaddc274281adb5674d647e24fa478745ac6d40",
  "sourceMetadata": {
    "path": "research/sources/iut_lana_2026_09_01/source-metadata.json",
    "sha256": "b80ed88f5f037c817ee9e19387935f86df29764d6f24e5e59ab6257107dba6fd"
  },
  "sourceSnapshot": {
    "path": "research/sources/iut_lana_2026_09_01/lana_ddaddc2_audit_sources/SHA256SUMS",
    "entries": 12,
    "sha256": "83af1ee89d8edfe5a2a614595883484354627e25e6fcdc852d904745f42aceac"
  },
  "priorAuditReplaySnapshot": {
    "path": "Lean/verification/2026_09_01_iut_lana_specification_nogo/SHA256SUMS",
    "entries": 16,
    "sha256": "d994c78c0644b922108e5076bba4a36b5d02d087f9aa32a809784518fbdda55f"
  },
  "specializedReplay": {
    "name": "iut-specialized-replay",
    "exitCode": 0,
    "log": "Lean/verification/2026_09_01_global_packet_continuation/logs/iut-specialized-replay.log",
    "logSha256": "5a73d5c0f888bea63a056e7c9ef83940206c20a0a11be31ee75b4cca1ede86a0"
  }
}
