WORKDIR: E:\AImath\abc猜想\Lean
COMMAND: C:\Users\Admin\.elan\bin\lake.exe env lean IUTThreeClosures/IUTLanaSpecificationNoGo20260901.lean
'IUTThreeClosures.IUTLanaSpecificationNoGo20260901.shift_eq_zero_of_forall_preimage_add' depends on axioms: [propext,
 Classical.choice,
 Quot.sound]
'IUTThreeClosures.IUTLanaSpecificationNoGo20260901.rhsData_false' depends on axioms: [propext,
 Classical.choice,
 Quot.sound]
'IUTThreeClosures.IUTLanaSpecificationNoGo20260901.rhsData_isEmpty' depends on axioms: [propext,
 Classical.choice,
 Quot.sound]
'IUTThreeClosures.IUTLanaSpecificationNoGo20260901.corollary312VariantData_false' depends on axioms: [propext,
 Classical.choice,
 Quot.sound]
'IUTThreeClosures.IUTLanaSpecificationNoGo20260901.corollary312VariantData_isEmpty' depends on axioms: [propext,
 Classical.choice,
 Quot.sound]
'IUTThreeClosures.IUTLanaSpecificationNoGo20260901.corollary312Variant_universal_vacuous' depends on axioms: [propext,
 Classical.choice,
 Quot.sound]
'IUTThreeClosures.IUTLanaSpecificationNoGo20260901.not_forall_preimage_add_of_shift_ne_zero' depends on axioms: [propext,
 Classical.choice,
 Quot.sound]
'IUTThreeClosures.IUTLanaSpecificationNoGo20260901.totalShiftedSetVolume_isEmpty' depends on axioms: [propext,
 Classical.choice,
 Quot.sound]
'IUTThreeClosures.IUTLanaSpecificationNoGo20260901.nonempty_of_finite_weight_sum_eq_one' depends on axioms: [propext,
 Classical.choice,
 Quot.sound]
'IUTThreeClosures.IUTLanaSpecificationNoGo20260901.le_of_pointedHitCertificate' depends on axioms: [propext,
 Classical.choice,
 Quot.sound]
'IUTThreeClosures.IUTLanaSpecificationNoGo20260901.le_of_etaMap_eq' depends on axioms: [propext,
 Classical.choice,
 Quot.sound]
EXIT_CODE: 0
