[
  {
    "file": "Lean/IUTThreeClosures/AffineDensityAttack20260901.lean",
    "theorems": 19,
    "lemmas": 0,
    "definitions": 3,
    "abbreviations": 2,
    "structures": 0,
    "classes": 0,
    "inductives": 0,
    "instances": 0,
    "printAxiomsCommands": 14,
    "countedTopLevelDeclarations": 24
  },
  {
    "file": "Lean/IUTThreeClosures/DanilovWSSEscape20260901.lean",
    "theorems": 14,
    "lemmas": 0,
    "definitions": 4,
    "abbreviations": 2,
    "structures": 0,
    "classes": 0,
    "inductives": 0,
    "instances": 0,
    "printAxiomsCommands": 14,
    "countedTopLevelDeclarations": 20
  },
  {
    "file": "Lean/IUTThreeClosures/IUTCorrectedVolumeHolonomy20260901.lean",
    "theorems": 26,
    "lemmas": 0,
    "definitions": 10,
    "abbreviations": 0,
    "structures": 5,
    "classes": 0,
    "inductives": 0,
    "instances": 0,
    "printAxiomsCommands": 24,
    "countedTopLevelDeclarations": 41
  },
  {
    "file": "Lean/IUTThreeClosures/PellFourPrimeCoupling20260901.lean",
    "theorems": 6,
    "lemmas": 0,
    "definitions": 1,
    "abbreviations": 0,
    "structures": 0,
    "classes": 0,
    "inductives": 0,
    "instances": 0,
    "printAxiomsCommands": 6,
    "countedTopLevelDeclarations": 7
  }
]
