WORKDIR: E:\AImath\abc猜想\Lean
COMMAND: C:\Users\Admin\.elan\bin\lake.exe env lean IUTThreeClosures/IUTCorrectedVolumeHolonomy20260901.lean
'IUTThreeClosures.IUTCorrectedVolumeHolonomy20260901.valuationBall_primePreimage_add' depends on axioms: [propext,
 Classical.choice,
 Quot.sound]
'IUTThreeClosures.IUTCorrectedVolumeHolonomy20260901.padicValuationBall_nonempty' depends on axioms: [propext,
 Classical.choice,
 Quot.sound]
'IUTThreeClosures.IUTCorrectedVolumeHolonomy20260901.padicValuationBall_prime_preimage' depends on axioms: [propext,
 Classical.choice,
 Quot.sound]
'IUTThreeClosures.IUTCorrectedVolumeHolonomy20260901.padicValuationBall_subset_iff' depends on axioms: [propext,
 Classical.choice,
 Quot.sound]
'IUTThreeClosures.IUTCorrectedVolumeHolonomy20260901.valuationBall_logVolume_antitone' depends on axioms: [propext,
 Classical.choice,
 Quot.sound]
'IUTThreeClosures.IUTCorrectedVolumeHolonomy20260901.restrictedShiftedLogVolume_nonempty' depends on axioms: [propext,
 Classical.choice,
 Quot.sound]
'IUTThreeClosures.IUTCorrectedVolumeHolonomy20260901.packetLogVolume_primePreimage_add' depends on axioms: [propext,
 Classical.choice,
 Quot.sound]
'IUTThreeClosures.IUTCorrectedVolumeHolonomy20260901.processionAverage_add_common' depends on axioms: [propext,
 Classical.choice,
 Quot.sound]
'IUTThreeClosures.IUTCorrectedVolumeHolonomy20260901.LogTransport.comp' depends on axioms: [propext,
 Classical.choice,
 Quot.sound]
'IUTThreeClosures.IUTCorrectedVolumeHolonomy20260901.LogTransport.reverse' depends on axioms: [propext,
 Classical.choice,
 Quot.sound]
'IUTThreeClosures.IUTCorrectedVolumeHolonomy20260901.LogTransport.shift_eq_zero_of_closed' depends on axioms: [propext,
 Classical.choice,
 Quot.sound]
'IUTThreeClosures.IUTCorrectedVolumeHolonomy20260901.LogTransport.not_closed_of_shift_ne_zero' depends on axioms: [propext,
 Classical.choice,
 Quot.sound]
'IUTThreeClosures.IUTCorrectedVolumeHolonomy20260901.correction_eq_neg_log_of_closed' depends on axioms: [propext,
 Classical.choice,
 Quot.sound]
'IUTThreeClosures.IUTCorrectedVolumeHolonomy20260901.correction_eq_neg_of_closed' depends on axioms: [propext,
 Classical.choice,
 Quot.sound]
'IUTThreeClosures.IUTCorrectedVolumeHolonomy20260901.no_closed_transport_of_positive_shift' depends on axioms: [propext,
 Classical.choice,
 Quot.sound]
'IUTThreeClosures.IUTCorrectedVolumeHolonomy20260901.padicValRat_natPrime' depends on axioms: [propext,
 Classical.choice,
 Quot.sound]
'IUTThreeClosures.IUTCorrectedVolumeHolonomy20260901.padicValRat_finset_prod_zpow' depends on axioms: [propext,
 Classical.choice,
 Quot.sound]
'IUTThreeClosures.IUTCorrectedVolumeHolonomy20260901.integer_prime_log_independence' depends on axioms: [propext,
 Classical.choice,
 Quot.sound]
'IUTThreeClosures.IUTCorrectedVolumeHolonomy20260901.rational_prime_log_independence' depends on axioms: [propext,
 Classical.choice,
 Quot.sound]
'IUTThreeClosures.IUTCorrectedVolumeHolonomy20260901.PrimeLogHolonomyLedger.coefficients_eq_zero' depends on axioms: [propext,
 Classical.choice,
 Quot.sound]
'IUTThreeClosures.IUTCorrectedVolumeHolonomy20260901.PrimeLogHolonomyLedger.coefficients_eq_zero_of_closed' depends on axioms: [propext,
 Classical.choice,
 Quot.sound]
'IUTThreeClosures.IUTCorrectedVolumeHolonomy20260901.positive_normalized_three_point_scalar_collision' depends on axioms: [propext,
 Classical.choice,
 Quot.sound]
'IUTThreeClosures.IUTCorrectedVolumeHolonomy20260901.positive_normalized_prime_log_scalar_collision' depends on axioms: [propext,
 Classical.choice,
 Quot.sound]
'IUTThreeClosures.IUTCorrectedVolumeHolonomy20260901.real_prime_log_dependence' depends on axioms: [propext,
 Classical.choice,
 Quot.sound]
EXIT_CODE: 0
