'ABCUniformMoment20260907.six_choose_three' depends on axioms: [propext, Classical.choice, Quot.sound]
'ABCUniformMoment20260907.choose_three_exceeds_three_n' depends on axioms: [propext, Classical.choice, Quot.sound]
'ABCUniformMoment20260907.count_le_three_of_multiset_bound' depends on axioms: [propext, Classical.choice, Quot.sound]
'ABCUniformMoment20260907.explicit_root_threshold' depends on axioms: [propext, Classical.choice, Quot.sound]
'ABCUniformMoment20260907.count_le_three_at_explicit_threshold' depends on axioms: [propext,
 Classical.choice,
 Quot.sound]
'ABCUniformMoment20260907.low_layer_count_bound' depends on axioms: [propext, Classical.choice, Quot.sound]
'ABCUniformMoment20260907.countAbove_eq_filter_length' depends on axioms: [propext]
'ABCUniformMoment20260907.pointwise_complete_excess' depends on axioms: [propext, Quot.sound]
'ABCUniformMoment20260907.finite_complete_excess' depends on axioms: [propext, Classical.choice, Quot.sound]
'ABCUniformMoment20260907.actual_depth_list_budget' depends on axioms: [propext, Classical.choice, Quot.sound]
'ABCUniformMoment20260907.weighted_complete_prime_budget' depends on axioms: [propext, Classical.choice, Quot.sound]
'ABCUniformMoment20260907.actual_depth_budget_from_multisets' depends on axioms: [propext, Classical.choice, Quot.sound]
'ABCUniformMoment20260907.weighted_prime_budget_from_multisets' depends on axioms: [propext,
 Classical.choice,
 Quot.sound]
'ABCUniformMoment20260907.normalized_prime_budget' depends on axioms: [propext, Classical.choice, Quot.sound]
'ABCUniformMoment20260907.normalized_progression_budget' depends on axioms: [propext, Classical.choice, Quot.sound]

'ABCAdaptiveOwner20260907.cubic_count_bound' depends on axioms: [propext, Classical.choice, Quot.sound]
'ABCAdaptiveOwner20260907.count_le_two' depends on axioms: [propext, Classical.choice, Quot.sound]
'ABCAdaptiveOwner20260907.adaptive_ceiling_bounds' depends on axioms: [propext, Classical.choice, Quot.sound]
'ABCAdaptiveOwner20260907.complete_middle_layers' depends on axioms: [propext, Quot.sound]
'ABCAdaptiveOwner20260907.exists_two_maximal' depends on axioms: [propext, Classical.choice, Quot.sound]
'ABCAdaptiveOwner20260907.two_maximal_contains_deep' depends on axioms: [propext, Classical.choice, Quot.sound]
'ABCAdaptiveOwner20260907.complete_finite_middle_budget' depends on axioms: [propext, Classical.choice, Quot.sound]
'ABCAdaptiveOwner20260907.weighted_finite_middle_budget' depends on axioms: [propext, Classical.choice, Quot.sound]
'ABCAdaptiveOwner20260907.removed_two_cost' depends on axioms: [propext, Classical.choice, Quot.sound]
'ABCAdaptiveOwner20260907.finite_global_from_two_cost' depends on axioms: [propext, Classical.choice, Quot.sound]
'ABCAdaptiveOwner20260907.two_stage_ceiling_bounds' depends on axioms: [propext, Classical.choice, Quot.sound]
'ABCAdaptiveOwner20260907.exists_actual_two_owner_budget' depends on axioms: [propext, Classical.choice, Quot.sound]

'ABCSignedMoment20260907.ballCount_radius_two' depends on axioms: [propext, Classical.choice, Quot.sound]
'ABCSignedMoment20260907.ballCount_radius_three' depends on axioms: [propext, Classical.choice, Quot.sound]
'ABCSignedMoment20260907.ballCount_two_coordinates' depends on axioms: [propext, Classical.choice, Quot.sound]
'ABCSignedMoment20260907.ballCount_mono' depends on axioms: [propext, Classical.choice, Quot.sound]
'ABCSignedMoment20260907.signed_low_count' depends on axioms: [propext, Classical.choice, Quot.sound]
'ABCSignedMoment20260907.signed_cubic_count' depends on axioms: [propext, Classical.choice, Quot.sound]
'ABCSignedMoment20260907.signed_count_le_one' depends on axioms: [propext, Classical.choice, Quot.sound]
'ABCSignedMoment20260907.count_le_one_of_actual_diamond' depends on axioms: [propext, Quot.sound]
'ABCSignedMoment20260907.half_root_threshold' depends on axioms: [propext, Classical.choice, Quot.sound]
'ABCSignedMoment20260907.half_root_threshold_upper' depends on axioms: [propext, Classical.choice, Quot.sound]
'ABCSignedMoment20260907.signed_low_layer_coefficient' depends on axioms: [propext, Classical.choice, Quot.sound]
'ABCSignedMoment20260907.exists_one_maximal' depends on axioms: [propext, Classical.choice, Quot.sound]
'ABCSignedMoment20260907.one_maximal_contains_deep' depends on axioms: [propext, Classical.choice, Quot.sound]
'ABCSignedMoment20260907.complete_one_range_budget' depends on axioms: [propext, Classical.choice, Quot.sound]
'ABCSignedMoment20260907.removed_one_cost' depends on axioms: [propext, Classical.choice, Quot.sound]
'ABCSignedMoment20260907.finite_global_from_one_cost' depends on axioms: [propext, Classical.choice, Quot.sound]
'ABCSignedMoment20260907.actual_single_owner_budget' depends on axioms: [propext, Classical.choice, Quot.sound]
'ABCSignedMoment20260907.single_owner_budget_from_signed_counts' depends on axioms: [propext,
 Classical.choice,
 Quot.sound]
'ABCSignedMoment20260907.actual_one_owner_two_range' depends on axioms: [propext, Classical.choice, Quot.sound]
'ABCSignedMoment20260907.single_prime_budget_at_natural_threshold' depends on axioms: [propext,
 Classical.choice,
 Quot.sound]
'ABCSignedMoment20260907.normalized_actual_prime_budget' depends on axioms: [propext, Classical.choice, Quot.sound]
'ABCSignedMoment20260907.signed_progression_normalization' depends on axioms: [propext, Classical.choice, Quot.sound]
