'IUTThreeClosures.QuadraticVeronesePeeling20260902.fiveTermAdmissible_square_iff' depends on axioms: [propext,
 Classical.choice,
 Quot.sound]
'IUTThreeClosures.QuadraticVeronesePeeling20260902.quadratic_fiveTerm_arguments' depends on axioms: [propext,
 Classical.choice,
 Quot.sound]
'IUTThreeClosures.QuadraticVeronesePeeling20260902.quadratic_auxiliary_cells_admissible' depends on axioms: [propext,
 Classical.choice,
 Quot.sound]
'IUTThreeClosures.QuadraticVeronesePeeling20260902.complement_contact_reverses' depends on axioms: [propext]
'IUTThreeClosures.QuadraticVeronesePeeling20260902.quadratic_contact_peeling' depends on axioms: [propext, Quot.sound]
'IUTThreeClosures.QuadraticVeronesePeeling20260902.valuationDivisor_sq' depends on axioms: [propext,
 Classical.choice,
 Quot.sound]
'IUTThreeClosures.QuadraticVeronesePeeling20260902.valuationDivisor_mul' depends on axioms: [propext,
 Classical.choice,
 Quot.sound]
'IUTThreeClosures.QuadraticVeronesePeeling20260902.quadraticTransform_contact' depends on axioms: [propext,
 Classical.choice,
 Quot.sound]
'IUTThreeClosures.QuadraticVeronesePeeling20260902.sum_range_layer_indicator' depends on axioms: [propext,
 Classical.choice,
 Quot.sound]
'IUTThreeClosures.QuadraticVeronesePeeling20260902.sum_valuationLayerMass_eq_exponentWeightedMass' depends on axioms: [propext,
 Classical.choice,
 Quot.sound]
'IUTThreeClosures.QuadraticVeronesePeeling20260902.exponentWeightedMass_eq_firstLayer_add_higherLayers' depends on axioms: [propext,
 Classical.choice,
 Quot.sound]
'IUTThreeClosures.QuadraticVeronesePeeling20260902.valuationLayerMass_double_odd' depends on axioms: [propext,
 Classical.choice,
 Quot.sound]
'IUTThreeClosures.QuadraticVeronesePeeling20260902.valuationLayerMass_double_even' depends on axioms: [propext,
 Classical.choice,
 Quot.sound]
'IUTThreeClosures.QuadraticVeronesePeeling20260902.fullContactArea_sum_layers' depends on axioms: [propext,
 Classical.choice,
 Quot.sound]
'IUTThreeClosures.QuadraticVeronesePeeling20260902.fullContactArea_eq_valuationLayerPairs' depends on axioms: [propext,
 Classical.choice,
 Quot.sound]
'IUTThreeClosures.QuadraticVeronesePeeling20260902.pythagoreanY_add_one_eq_Z' depends on axioms: [propext]
'IUTThreeClosures.QuadraticVeronesePeeling20260902.pythagoreanY_add_Z_eq_X_sq' depends on axioms: [propext]
'IUTThreeClosures.QuadraticVeronesePeeling20260902.quadraticTransform_consecutive_coordinates' depends on axioms: [propext,
 Classical.choice,
 Quot.sound]
'IUTThreeClosures.QuadraticVeronesePeeling20260902.pythagoreanSquare_contact_peeling' depends on axioms: [propext,
 Classical.choice,
 Quot.sound]
'IUTThreeClosures.QuadraticVeronesePeeling20260902.not_uniformPythagoreanSquareLayerCutoff' depends on axioms: [propext,
 Classical.choice,
 Quot.sound]
'IUTThreeClosures.QuadraticVeronesePeeling20260902.peeledFullCost_eq_squareFullCost' depends on axioms: [propext,
 Classical.choice,
 Quot.sound]
'IUTThreeClosures.QuadraticVeronesePeeling20260902.peeledCoherentCost_lt_half_squareCoherentCost' depends on axioms: [propext,
 Classical.choice,
 Quot.sound]
'IUTThreeClosures.QuadraticVeronesePeeling20260902.peeledResidualCost_sub_squareResidualCost' depends on axioms: [propext,
 Classical.choice,
 Quot.sound]
'IUTThreeClosures.QuadraticVeronesePeeling20260902.squareResidualCost_le_peeledResidualCost' depends on axioms: [propext,
 Classical.choice,
 Quot.sound]
'IUTThreeClosures.QuadraticVeronesePeeling20260902.peeledCalibratedCost_eq_two_full_sub_residual' depends on axioms: [propext,
 Classical.choice,
 Quot.sound]
'IUTThreeClosures.QuadraticVeronesePeeling20260902.peeledCalibratedCost_sub_boundaryTerm' depends on axioms: [propext,
 Classical.choice,
 Quot.sound]
'IUTThreeClosures.QuadraticVeronesePeeling20260902.four_mul_u_v_le_boundaryExcess' depends on axioms: [propext,
 Classical.choice,
 Quot.sound]
'IUTThreeClosures.QuadraticVeronesePeeling20260902.pythagoreanY_lt_Z' depends on axioms: [propext, Quot.sound]
'IUTThreeClosures.QuadraticVeronesePeeling20260902.pythagoreanZ_le_X_mul_Y' depends on axioms: [propext,
 Classical.choice,
 Quot.sound]
'IUTThreeClosures.QuadraticVeronesePeeling20260902.xLog_nonneg' depends on axioms: [propext,
 Classical.choice,
 Quot.sound]
'IUTThreeClosures.QuadraticVeronesePeeling20260902.yLog_pos' depends on axioms: [propext, Classical.choice, Quot.sound]
'IUTThreeClosures.QuadraticVeronesePeeling20260902.zLog_pos' depends on axioms: [propext, Classical.choice, Quot.sound]
'IUTThreeClosures.QuadraticVeronesePeeling20260902.yLog_le_zLog' depends on axioms: [propext,
 Classical.choice,
 Quot.sound]
'IUTThreeClosures.QuadraticVeronesePeeling20260902.zLog_le_xLog_add_yLog' depends on axioms: [propext,
 Classical.choice,
 Quot.sound]
'IUTThreeClosures.QuadraticVeronesePeeling20260902.two_mul_zLog_le_three_mul_yLog' depends on axioms: [propext,
 Classical.choice,
 Quot.sound]
'IUTThreeClosures.QuadraticVeronesePeeling20260902.legHeight_mono' depends on axioms: [propext,
 Classical.choice,
 Quot.sound]
'IUTThreeClosures.QuadraticVeronesePeeling20260902.legHeight_pow' depends on axioms: [propext,
 Classical.choice,
 Quot.sound]
'IUTThreeClosures.QuadraticVeronesePeeling20260902.powerTwo_natural_corridor' depends on axioms: [propext,
 Classical.choice,
 Quot.sound]
'IUTThreeClosures.QuadraticVeronesePeeling20260902.powerTwo_log_corridor' depends on axioms: [propext,
 Classical.choice,
 Quot.sound]
'IUTThreeClosures.QuadraticVeronesePeeling20260902.natRadical_mul_le' depends on axioms: [propext,
 Classical.choice,
 Quot.sound]
'IUTThreeClosures.QuadraticVeronesePeeling20260902.abcRadical_pythagoreanY_powTwo_le' depends on axioms: [propext,
 Classical.choice,
 Quot.sound]
'IUTThreeClosures.QuadraticVeronesePeeling20260902.powerTwo_yLog_sub_radical_lower' depends on axioms: [propext,
 Classical.choice,
 Quot.sound]
'IUTThreeClosures.QuadraticVeronesePeeling20260902.powerTwo_legHeight_unbounded' depends on axioms: [propext,
 Classical.choice,
 Quot.sound]
'IUTThreeClosures.QuadraticVeronesePeeling20260902.xLog_unbounded' depends on axioms: [propext,
 Classical.choice,
 Quot.sound]
'IUTThreeClosures.QuadraticVeronesePeeling20260902.four_mul_xLog_yLog_le_actualSquareFullCost' depends on axioms: [propext,
 Classical.choice,
 Quot.sound]
'IUTThreeClosures.QuadraticVeronesePeeling20260902.not_fixedQuadraticPositiveAreaContraction' depends on axioms: [propext,
 Classical.choice,
 Quot.sound]
'IUTThreeClosures.QuadraticVeronesePeeling20260902.actualPeeledResidualCost_nonneg' depends on axioms: [propext,
 Classical.choice,
 Quot.sound]
'IUTThreeClosures.QuadraticVeronesePeeling20260902.actualPeeledCalibratedCost_eq_two_full_sub_residual' depends on axioms: [propext,
 Classical.choice,
 Quot.sound]
'IUTThreeClosures.QuadraticVeronesePeeling20260902.actualPeeledCalibratedCost_le_two_full' depends on axioms: [propext,
 Classical.choice,
 Quot.sound]
'IUTThreeClosures.QuadraticVeronesePeeling20260902.powerTwo_actualResidual_lower' depends on axioms: [propext,
 Classical.choice,
 Quot.sound]
'IUTThreeClosures.QuadraticVeronesePeeling20260902.powerTwo_actualSquareFull_upper' depends on axioms: [propext,
 Classical.choice,
 Quot.sound]
'IUTThreeClosures.QuadraticVeronesePeeling20260902.not_fixedOuterSquareResidualSubcriticality' depends on axioms: [propext,
 Classical.choice,
 Quot.sound]
'IUTThreeClosures.QuadraticVeronesePeeling20260902.not_fixedQuadraticBoundaryGate' depends on axioms: [propext,
 Classical.choice,
 Quot.sound]
