'ABCEisenstein20260905.mul_comm' depends on axioms: [propext, Classical.choice, Quot.sound]
'ABCEisenstein20260905.mul_assoc' depends on axioms: [propext, Classical.choice, Quot.sound]
'ABCEisenstein20260905.mul_one' depends on axioms: [propext]
'ABCEisenstein20260905.norm_mul' depends on axioms: [propext, Classical.choice, Quot.sound]
'ABCEisenstein20260905.conjugate_product' depends on axioms: [propext, Classical.choice, Quot.sound]
'ABCEisenstein20260905.rotate_boundary' depends on axioms: [propext, Classical.choice, Quot.sound]
'ABCEisenstein20260905.rotate_norm' depends on axioms: [propext, Classical.choice, Quot.sound]
'ABCEisenstein20260905.norm_height_identity' depends on axioms: [propext, Classical.choice, Quot.sound]
'ABCEisenstein20260905.inverse_numerators' depends on axioms: [propext, Classical.choice, Quot.sound]
'ABCEisenstein20260905.boundary_remainder_x' depends on axioms: [propext, Classical.choice, Quot.sound]
'ABCEisenstein20260905.boundary_remainder_y' depends on axioms: [propext, Classical.choice, Quot.sound]
'ABCEisenstein20260905.boundary_remainder_sum' depends on axioms: [propext, Classical.choice, Quot.sound]
'ABCEisenstein20260905.step_is_mul' depends on axioms: [propext, Classical.choice, Quot.sound]
'ABCEisenstein20260905.step_norm' depends on axioms: [propext, Classical.choice, Quot.sound]
'ABCEisenstein20260905.orbit_norm' depends on axioms: [propext, Classical.choice, Quot.sound]
'ABCEisenstein20260905.orbit_add' depends on axioms: [propext, Classical.choice, Quot.sound]
'ABCEisenstein20260905.orbit_six' does not depend on any axioms
'ABCEisenstein20260905.orbit_six_shift' depends on axioms: [propext, Classical.choice, Quot.sound]
'ABCEisenstein20260905.orbit_mod_four' depends on axioms: [propext, Classical.choice, Quot.sound]
'ABCEisenstein20260905.orbit_mod_seven' depends on axioms: [propext, Classical.choice, Quot.sound]
'ABCEisenstein20260905.cubic_coordinate' depends on axioms: [propext, Classical.choice, Quot.sound]
'ABCEisenstein20260905.boundary_step_recurrence' depends on axioms: [propext, Classical.choice, Quot.sound]
'ABCEisenstein20260905.orbit_boundary_recurrence' depends on axioms: [propext, Classical.choice, Quot.sound]
'ABCEisenstein20260905.orbit_boundary_lucas' depends on axioms: [propext, Classical.choice, Quot.sound]
'ABCEisenstein20260905.cubic_difference' depends on axioms: [propext, Classical.choice, Quot.sound]
'ABCEisenstein20260905.orbit_cubic_difference' depends on axioms: [propext, Classical.choice, Quot.sound]
'ABCEisenstein20260905.exact_small_orbits' does not depend on any axioms
'ABCEisenstein20260905.boundary_factor_certificates' does not depend on any axioms
'ABCEisenstein20260905.defect_ratio_increases' depends on axioms: [propext, Quot.sound]

'ABCDeepRootPhase20260907.actual_pair_coordinates' depends on axioms: [propext]
'ABCDeepRootPhase20260907.actual_cross_difference' depends on axioms: [propext, Quot.sound]
'ABCDeepRootPhase20260907.phase_defect_factorization' depends on axioms: [propext, Quot.sound]
'ABCDeepRootPhase20260907.phase_factorization' depends on axioms: [propext, Classical.choice, Quot.sound]
'ABCDeepRootPhase20260907.phase_factors_positive' depends on axioms: [propext, Classical.choice, Quot.sound]
'ABCDeepRootPhase20260907.phase_constant_positive' depends on axioms: [propext, Classical.choice, Quot.sound]
'ABCDeepRootPhase20260907.phase_factor_mem_divisors' depends on axioms: [propext, Classical.choice, Quot.sound]
'ABCDeepRootPhase20260907.phase_first_factor_injective' depends on axioms: [propext, Classical.choice, Quot.sound]
'ABCDeepRootPhase20260907.phase_fiber_card_le_divisors' depends on axioms: [propext, Classical.choice, Quot.sound]
'ABCDeepRootPhase20260907.actual_pair_height_bounds' depends on axioms: [propext, Classical.choice, Quot.sound]
'ABCDeepRootPhase20260907.coordinate_cross_bound' depends on axioms: [propext, Classical.choice, Quot.sound]
'ABCDeepRootPhase20260907.actual_determinant_height_bound' depends on axioms: [propext, Classical.choice, Quot.sound]
'ABCDeepRootPhase20260907.actual_large_modulus_phase_rigidity' depends on axioms: [propext,
 Classical.choice,
 Quot.sound]
'ABCDeepRootPhase20260907.reduced_phase_constant_bound' depends on axioms: [propext, Classical.choice, Quot.sound]
'ABCDeepRootPhase20260907.actual_nontrivial_phase_collision' depends on axioms: [propext]
