WORKDIR: Lean
COMMAND: C:\Users\Admin\.elan\bin\lake.EXE env lean -DwarningAsError=true IUTThreeClosures/AffineInversePeriodCatalogueNovelty20260902.lean
'IUTThreeClosures.AffineInversePeriodCatalogueNovelty20260902.cube_le_self_add_six_shiftedCube' depends on axioms: [propext,
 Classical.choice,
 Quot.sound]
'IUTThreeClosures.AffineInversePeriodCatalogueNovelty20260902.factorFive_incidenceShift_counterexample' depends on axioms: [propext,
 Classical.choice,
 Quot.sound]
'IUTThreeClosures.AffineInversePeriodCatalogueNovelty20260902.six_le_incidenceCoefficient_of_occupancyTwo' depends on axioms: [propext,
 Classical.choice,
 Quot.sound]
'IUTThreeClosures.AffineInversePeriodCatalogueNovelty20260902.cube_le_self_add_three_shiftedCube_of_three_le' depends on axioms: [propext,
 Quot.sound]
'IUTThreeClosures.AffineInversePeriodCatalogueNovelty20260902.factorTwo_incidenceShift_counterexample' depends on axioms: [propext,
 Classical.choice,
 Quot.sound]
'IUTThreeClosures.AffineInversePeriodCatalogueNovelty20260902.three_le_incidenceCoefficient_of_occupancyThree' depends on axioms: [propext,
 Classical.choice,
 Quot.sound]
'IUTThreeClosures.AffineInversePeriodCatalogueNovelty20260902.cube_le_eight_shiftedCube_of_two_le' depends on axioms: [propext,
 Classical.choice,
 Quot.sound]
'IUTThreeClosures.AffineInversePeriodCatalogueNovelty20260902.factorSeven_noSingleton_counterexample' depends on axioms: [propext,
 Classical.choice,
 Quot.sound]
'IUTThreeClosures.AffineInversePeriodCatalogueNovelty20260902.eight_le_noSingletonCoefficient_of_occupancyTwo' depends on axioms: [propext,
 Classical.choice,
 Quot.sound]
'IUTThreeClosures.AffineInversePeriodCatalogueNovelty20260902.weightedCubicEnergy_le_incidence_add_sixShifted' depends on axioms: [propext,
 Classical.choice,
 Quot.sound]
'IUTThreeClosures.AffineInversePeriodCatalogueNovelty20260902.weightedCubicEnergy_le_incidence_add_sixCaps' depends on axioms: [propext,
 Classical.choice,
 Quot.sound]
'IUTThreeClosures.AffineInversePeriodCatalogueNovelty20260902.weightedSupportIncidence_eq_classIncidence' depends on axioms: [propext,
 Classical.choice,
 Quot.sound]
'IUTThreeClosures.AffineInversePeriodCatalogueNovelty20260902.classDiagonal_le_classIncidence_add_sixShifted' depends on axioms: [propext,
 Classical.choice,
 Quot.sound]
'IUTThreeClosures.AffineInversePeriodCatalogueNovelty20260902.shiftedIncidence_eq_multiplicity_add_novelty' depends on axioms: [propext,
 Quot.sound]
'IUTThreeClosures.AffineInversePeriodCatalogueNovelty20260902.shiftedIncidence_eq_multiplicity_add_novelty_of_sub' depends on axioms: [propext,
 Quot.sound]
'IUTThreeClosures.AffineInversePeriodCatalogueNovelty20260902.weightedCoordinateMoment_le_ownerLargeTail' depends on axioms: [propext,
 Classical.choice,
 Quot.sound]
'IUTThreeClosures.AffineInversePeriodCatalogueNovelty20260902.pairCatalogue_doubleCount' depends on axioms: [propext,
 Classical.choice,
 Quot.sound]
'IUTThreeClosures.AffineInversePeriodCatalogueNovelty20260902.targetCharge_le_pairCatalogue' depends on axioms: [propext,
 Classical.choice,
 Quot.sound]
'IUTThreeClosures.AffineInversePeriodCatalogueNovelty20260902.inversePeriodWeight_eq_captureRatio' depends on axioms: [propext,
 Classical.choice,
 Quot.sound]
'IUTThreeClosures.AffineInversePeriodCatalogueNovelty20260902.tripleInversePeriod_factorization' depends on axioms: [propext,
 Classical.choice,
 Quot.sound]
'IUTThreeClosures.AffineInversePeriodCatalogueNovelty20260902.subcritical_periodOne_numeric_certificate' depends on axioms: [propext,
 Classical.choice,
 Quot.sound]
'IUTThreeClosures.AffineInversePeriodCatalogueNovelty20260902.subcritical_commonLabel_fibre_classification' depends on axioms: [propext,
 Quot.sound]
'IUTThreeClosures.AffineInversePeriodCatalogueNovelty20260902.subcritical_fibrePoints_arithmetic_certificate' depends on axioms: [propext,
 Classical.choice,
 Quot.sound]
'IUTThreeClosures.AffineInversePeriodCatalogueNovelty20260902.subcritical_periodOne_totientWeight' depends on axioms: [propext,
 Classical.choice,
 Quot.sound]
'IUTThreeClosures.AffineInversePeriodCatalogueNovelty20260902.subcritical_weightRatio_certificate' depends on axioms: [propext,
 Classical.choice,
 Quot.sound]
'IUTThreeClosures.AffineInversePeriodCatalogueNovelty20260902.reducedPeriodEulerCorrection_counterexample' depends on axioms: [propext,
 Classical.choice,
 Quot.sound]
EXIT_CODE: 0
