WORKDIR: Lean
COMMAND: C:\Users\Admin\.elan\bin\lake.EXE env lean -DwarningAsError=true verification/2026_09_02_actual_haar_sigma_one_catalogue_curvature/axiom-audit.lean
'IUTThreeClosures.IUTActualHaarAdmissibleOrbit20260902.preimage_mul_eq_inv_smul' depends on axioms: [propext,
 Classical.choice,
 Quot.sound]
'IUTThreeClosures.IUTActualHaarAdmissibleOrbit20260902.coe_mulPreimageRegion' depends on axioms: [propext,
 Classical.choice,
 Quot.sound]
'IUTThreeClosures.IUTActualHaarAdmissibleOrbit20260902.mulPreimageRegion_measure' depends on axioms: [propext,
 Classical.choice,
 Quot.sound]
'IUTThreeClosures.IUTActualHaarAdmissibleOrbit20260902.mulPreimageRegion_logVolume' depends on axioms: [propext,
 Classical.choice,
 Quot.sound]
'IUTThreeClosures.IUTActualHaarAdmissibleOrbit20260902.HaarCompactOpenRegion.ext' depends on axioms: [propext,
 Classical.choice,
 Quot.sound]
'IUTThreeClosures.IUTActualHaarAdmissibleOrbit20260902.HaarCompactOpenRegion.coe_mulPreimage' depends on axioms: [propext,
 Classical.choice,
 Quot.sound]
'IUTThreeClosures.IUTActualHaarAdmissibleOrbit20260902.HaarCompactOpenRegion.mulPreimage_logVolume' depends on axioms: [propext,
 Classical.choice,
 Quot.sound]
'IUTThreeClosures.IUTActualHaarAdmissibleOrbit20260902.coe_unitScaledFinitePositiveRegion' depends on axioms: [propext,
 Classical.choice,
 Quot.sound]
'IUTThreeClosures.IUTActualHaarAdmissibleOrbit20260902.mulPreimageRegion_unitScaled' depends on axioms: [propext,
 Classical.choice,
 Quot.sound]
'IUTThreeClosures.IUTActualHaarAdmissibleOrbit20260902.unitScaledFinitePositiveRegion_logVolume' depends on axioms: [propext,
 Classical.choice,
 Quot.sound]
'IUTThreeClosures.IUTActualHaarAdmissibleOrbit20260902.unitScaledFinitePositiveRegion_closure_compact' depends on axioms: [propext,
 Classical.choice,
 Quot.sound]
'IUTThreeClosures.IUTActualHaarAdmissibleOrbit20260902.unitScaledFinitePositiveRegion_isOpen' depends on axioms: [propext,
 Classical.choice,
 Quot.sound]
'IUTThreeClosures.IUTActualHaarAdmissibleOrbit20260902.unitScaledFinitePositiveRegion_nonempty' depends on axioms: [propext,
 Classical.choice,
 Quot.sound]
'IUTThreeClosures.IUTActualHaarAdmissibleOrbit20260902.unitScaledHaarCompactOpenRegion_toFinite' depends on axioms: [propext,
 Classical.choice,
 Quot.sound]
'IUTThreeClosures.IUTActualHaarAdmissibleOrbit20260902.HaarCompactOpenRegion.mulPreimage_unitScaled' depends on axioms: [propext,
 Classical.choice,
 Quot.sound]
'IUTThreeClosures.IUTActualHaarAdmissibleOrbit20260902.log_distribHaarChar_integerUnit_inv' depends on axioms: [propext,
 Classical.choice,
 Quot.sound]
'IUTThreeClosures.IUTActualHaarAdmissibleOrbit20260902.distribHaarChar_eq_one_of_norm_eq_one' depends on axioms: [propext,
 Classical.choice,
 Quot.sound]
'IUTThreeClosures.IUTActualHaarAdmissibleOrbit20260902.distribHaarChar_primeScalar' depends on axioms: [propext,
 Classical.choice,
 Quot.sound]
'IUTThreeClosures.IUTActualHaarAdmissibleOrbit20260902.log_distribHaarChar_primeScalar_inv' depends on axioms: [propext,
 Classical.choice,
 Quot.sound]
'IUTThreeClosures.IUTActualHaarAdmissibleOrbit20260902.primeScalarPreimage_logVolume' depends on axioms: [propext,
 Classical.choice,
 Quot.sound]
'IUTThreeClosures.IUTActualHaarAdmissibleOrbit20260902.primeScalarPreimage_normalizedLogVolume' depends on axioms: [propext,
 Classical.choice,
 Quot.sound]
'IUTThreeClosures.IUTActualHaarAdmissibleOrbit20260902.uniformizerExpandedBall_succ' depends on axioms: [propext,
 Classical.choice,
 Quot.sound]
'IUTThreeClosures.IUTActualHaarAdmissibleOrbit20260902.uniformizerExpandedBall_logVolume' depends on axioms: [propext,
 Classical.choice,
 Quot.sound]
'IUTThreeClosures.IUTActualHaarAdmissibleOrbit20260902.residueCard_one_lt' depends on axioms: [propext,
 Classical.choice,
 Quot.sound]
'IUTThreeClosures.IUTActualHaarAdmissibleOrbit20260902.uniformizerExpandedBall_injective' depends on axioms: [propext,
 Classical.choice,
 Quot.sound]
'IUTThreeClosures.IUTActualHaarAdmissibleOrbit20260902.uniformizerExpandedBall_no_finitePositive_envelope' depends on axioms: [propext,
 Classical.choice,
 Quot.sound]
'IUTThreeClosures.IUTActualHaarAdmissibleOrbit20260902.product_uniformizerPreimage_logVolume' depends on axioms: [propext,
 Classical.choice,
 Quot.sound]
'IUTThreeClosures.IUTActualHaarAdmissibleOrbit20260902.weighted_uniformizerPreimage_logVolume' depends on axioms: [propext,
 Classical.choice,
 Quot.sound]
'IUTThreeClosures.IUTActualHaarAdmissibleOrbit20260902.weighted_residueDegree_shift_eq_log_prime' depends on axioms: [propext,
 Classical.choice,
 Quot.sound]
'IUTThreeClosures.IUTActualHaarAdmissibleOrbit20260902.weighted_uniformizerPreimage_logVolume_eq_add_log_prime' depends on axioms: [propext,
 Classical.choice,
 Quot.sound]
'IUTThreeClosures.IUTActualHaarAdmissibleOrbit20260902.weighted_normalized_primeScalarPreimage' depends on axioms: [propext,
 Classical.choice,
 Quot.sound]
'IUTThreeClosures.IUTActualHaarAdmissibleOrbit20260902.weight_sum_one_not_sufficient' depends on axioms: [propext,
 Classical.choice,
 Quot.sound]
'IUTThreeClosures.IUTActualHaarAdmissibleOrbit20260902.padic_residueCard' depends on axioms: [propext,
 Classical.choice,
 Quot.sound]
'IUTThreeClosures.MersenneSigmaOneExactOrderCoupling20260902.index_multiplier_eq_of_slope_eq' depends on axioms: [propext]
'IUTThreeClosures.MersenneSigmaOneExactOrderCoupling20260902.endpointExactOrderRow_eq_of_slope_eq' depends on axioms: [propext,
 Classical.choice,
 Quot.sound]
'IUTThreeClosures.MersenneSigmaOneExactOrderCoupling20260902.endpointSlopeCross_injective' depends on axioms: [propext,
 Classical.choice,
 Quot.sound]
'IUTThreeClosures.MersenneSigmaOneExactOrderCoupling20260902.aboveSizeCutoff_forces_highMultiplier' depends on axioms: [propext,
 Classical.choice,
 Quot.sound]
'IUTThreeClosures.MersenneSigmaOneExactOrderCoupling20260902.indexMultiplier_real_eq_fareySlope' depends on axioms: [propext,
 Classical.choice,
 Quot.sound]
'IUTThreeClosures.MersenneSigmaOneExactOrderCoupling20260902.endpointSlope_eq_primeSubOne_div_index' depends on axioms: [propext,
 Classical.choice,
 Quot.sound]
'IUTThreeClosures.MersenneSigmaOneExactOrderCoupling20260902.endpointFareyEnergy_eq_primeMoment_div_index' depends on axioms: [propext,
 Classical.choice,
 Quot.sound]
'IUTThreeClosures.MersenneSigmaOneExactOrderCoupling20260902.packetMass_le_mul_fareyEnergy_add_card' depends on axioms: [propext,
 Classical.choice,
 Quot.sound]
'IUTThreeClosures.MersenneSigmaOneExactOrderCoupling20260902.zmod_two_pow_eq_one_iff_dvd_mersenne' depends on axioms: [propext,
 Classical.choice,
 Quot.sound]
'IUTThreeClosures.MersenneSigmaOneExactOrderCoupling20260902.mersennePrimePowerExactOrder_eq_of_layer' depends on axioms: [propext,
 Classical.choice,
 Quot.sound]
'IUTThreeClosures.MersenneSigmaOneExactOrderCoupling20260902.mersennePrimePowerExactOrder_eq_iff_layer_le_depth' depends on axioms: [propext,
 Classical.choice,
 Quot.sound]
'IUTThreeClosures.MersenneSigmaOneExactOrderCoupling20260902.stableLiftLayer_count' depends on axioms: [propext,
 Classical.choice,
 Quot.sound]
'IUTThreeClosures.MersenneSigmaOneExactOrderCoupling20260902.weighted_stableLiftLayer_sum' depends on axioms: [propext,
 Classical.choice,
 Quot.sound]
'IUTThreeClosures.MersenneSigmaOneExactOrderCoupling20260902.weighted_stableLiftLayer_eq_second_add_deep' depends on axioms: [propext,
 Classical.choice,
 Quot.sound]
'IUTThreeClosures.MersenneSigmaOneExactOrderCoupling20260902.selectedHigherStableLayerMass_eq_depthExcessMass' depends on axioms: [propext,
 Classical.choice,
 Quot.sound]
'IUTThreeClosures.MersenneSigmaOneExactOrderCoupling20260902.criticalStableLayerMass_eq_twoArms' depends on axioms: [propext,
 Classical.choice,
 Quot.sound]
'IUTThreeClosures.MersenneSigmaOneExactOrderCoupling20260902.sigmaOne_highDeep_or_nearSquare' depends on axioms: [propext,
 Classical.choice,
 Quot.sound]
'IUTThreeClosures.MersenneSigmaOneExactOrderCoupling20260902.wieferich_1093_exactly_one_repeated_layer' depends on axioms: [propext,
 Classical.choice,
 Quot.sound]
'IUTThreeClosures.MersenneSigmaOneExactOrderCoupling20260902.wieferich_3511_exactly_one_repeated_layer' depends on axioms: [propext,
 Classical.choice,
 Quot.sound]
'IUTThreeClosures.AffineInversePeriodCatalogueNovelty20260902.cube_le_self_add_six_shiftedCube' depends on axioms: [propext,
 Classical.choice,
 Quot.sound]
'IUTThreeClosures.AffineInversePeriodCatalogueNovelty20260902.factorFive_incidenceShift_counterexample' depends on axioms: [propext,
 Classical.choice,
 Quot.sound]
'IUTThreeClosures.AffineInversePeriodCatalogueNovelty20260902.six_le_incidenceCoefficient_of_occupancyTwo' depends on axioms: [propext,
 Classical.choice,
 Quot.sound]
'IUTThreeClosures.AffineInversePeriodCatalogueNovelty20260902.cube_le_self_add_three_shiftedCube_of_three_le' depends on axioms: [propext,
 Quot.sound]
'IUTThreeClosures.AffineInversePeriodCatalogueNovelty20260902.factorTwo_incidenceShift_counterexample' depends on axioms: [propext,
 Classical.choice,
 Quot.sound]
'IUTThreeClosures.AffineInversePeriodCatalogueNovelty20260902.three_le_incidenceCoefficient_of_occupancyThree' depends on axioms: [propext,
 Classical.choice,
 Quot.sound]
'IUTThreeClosures.AffineInversePeriodCatalogueNovelty20260902.cube_le_eight_shiftedCube_of_two_le' depends on axioms: [propext,
 Classical.choice,
 Quot.sound]
'IUTThreeClosures.AffineInversePeriodCatalogueNovelty20260902.factorSeven_noSingleton_counterexample' depends on axioms: [propext,
 Classical.choice,
 Quot.sound]
'IUTThreeClosures.AffineInversePeriodCatalogueNovelty20260902.eight_le_noSingletonCoefficient_of_occupancyTwo' depends on axioms: [propext,
 Classical.choice,
 Quot.sound]
'IUTThreeClosures.AffineInversePeriodCatalogueNovelty20260902.weightedCubicEnergy_le_incidence_add_sixShifted' depends on axioms: [propext,
 Classical.choice,
 Quot.sound]
'IUTThreeClosures.AffineInversePeriodCatalogueNovelty20260902.weightedCubicEnergy_le_incidence_add_sixCaps' depends on axioms: [propext,
 Classical.choice,
 Quot.sound]
'IUTThreeClosures.AffineInversePeriodCatalogueNovelty20260902.weightedSupportIncidence_eq_classIncidence' depends on axioms: [propext,
 Classical.choice,
 Quot.sound]
'IUTThreeClosures.AffineInversePeriodCatalogueNovelty20260902.classDiagonal_le_classIncidence_add_sixShifted' depends on axioms: [propext,
 Classical.choice,
 Quot.sound]
'IUTThreeClosures.AffineInversePeriodCatalogueNovelty20260902.shiftedIncidence_eq_multiplicity_add_novelty' depends on axioms: [propext,
 Quot.sound]
'IUTThreeClosures.AffineInversePeriodCatalogueNovelty20260902.shiftedIncidence_eq_multiplicity_add_novelty_of_sub' depends on axioms: [propext,
 Quot.sound]
'IUTThreeClosures.AffineInversePeriodCatalogueNovelty20260902.weightedCoordinateMoment_le_ownerLargeTail' depends on axioms: [propext,
 Classical.choice,
 Quot.sound]
'IUTThreeClosures.AffineInversePeriodCatalogueNovelty20260902.pairCatalogue_doubleCount' depends on axioms: [propext,
 Classical.choice,
 Quot.sound]
'IUTThreeClosures.AffineInversePeriodCatalogueNovelty20260902.targetCharge_le_pairCatalogue' depends on axioms: [propext,
 Classical.choice,
 Quot.sound]
'IUTThreeClosures.AffineInversePeriodCatalogueNovelty20260902.inversePeriodWeight_eq_captureRatio' depends on axioms: [propext,
 Classical.choice,
 Quot.sound]
'IUTThreeClosures.AffineInversePeriodCatalogueNovelty20260902.tripleInversePeriod_factorization' depends on axioms: [propext,
 Classical.choice,
 Quot.sound]
'IUTThreeClosures.AffineInversePeriodCatalogueNovelty20260902.subcritical_periodOne_numeric_certificate' depends on axioms: [propext,
 Classical.choice,
 Quot.sound]
'IUTThreeClosures.AffineInversePeriodCatalogueNovelty20260902.subcritical_commonLabel_fibre_classification' depends on axioms: [propext,
 Quot.sound]
'IUTThreeClosures.AffineInversePeriodCatalogueNovelty20260902.subcritical_fibrePoints_arithmetic_certificate' depends on axioms: [propext,
 Classical.choice,
 Quot.sound]
'IUTThreeClosures.AffineInversePeriodCatalogueNovelty20260902.subcritical_periodOne_totientWeight' depends on axioms: [propext,
 Classical.choice,
 Quot.sound]
'IUTThreeClosures.AffineInversePeriodCatalogueNovelty20260902.subcritical_weightRatio_certificate' depends on axioms: [propext,
 Classical.choice,
 Quot.sound]
'IUTThreeClosures.AffineInversePeriodCatalogueNovelty20260902.reducedPeriodEulerCorrection_counterexample' depends on axioms: [propext,
 Classical.choice,
 Quot.sound]
'IUTThreeClosures.PellLucasFactorQuotientProjectiveCoupling20260902.tripleCarrier_coefficients' depends on axioms: [propext]
'IUTThreeClosures.PellLucasFactorQuotientProjectiveCoupling20260902.positiveCarrier_minimal_coefficients' depends on axioms: [propext]
'IUTThreeClosures.PellLucasFactorQuotientProjectiveCoupling20260902.negativeCarrier_minimal_coefficients' depends on axioms: [propext,
 Quot.sound]
'IUTThreeClosures.PellLucasFactorQuotientProjectiveCoupling20260902.companionJets_difference_exact' depends on axioms: [propext,
 Quot.sound]
'IUTThreeClosures.PellLucasFactorQuotientProjectiveCoupling20260902.companionJets_modEq_of_completeThirdOrderLedger' depends on axioms: [propext,
 Quot.sound]
'IUTThreeClosures.PellLucasFactorQuotientProjectiveCoupling20260902.completeThirdOrderLedger_modEllCube_of_companionJets' depends on axioms: [propext,
 Classical.choice,
 Quot.sound]
'IUTThreeClosures.PellLucasFactorQuotientProjectiveCoupling20260902.jetEquality_losesEight_counterexample' depends on axioms: [propext,
 Classical.choice,
 Quot.sound]
'IUTThreeClosures.PellLucasFactorQuotientProjectiveCoupling20260902.companionAJet_modEq' depends on axioms: [propext,
 Classical.choice,
 Quot.sound]
'IUTThreeClosures.PellLucasFactorQuotientProjectiveCoupling20260902.companionBJet_modEq' depends on axioms: [propext,
 Classical.choice,
 Quot.sound]
'IUTThreeClosures.PellLucasFactorQuotientProjectiveCoupling20260902.companionAJet_of_factorProduct' depends on axioms: [propext,
 Classical.choice,
 Quot.sound]
'IUTThreeClosures.PellLucasFactorQuotientProjectiveCoupling20260902.companionBJet_of_factorProduct' depends on axioms: [propext,
 Classical.choice,
 Quot.sound]
'IUTThreeClosures.PellLucasFactorQuotientProjectiveCoupling20260902.twoChannel_companionJets' depends on axioms: [propext,
 Classical.choice,
 Quot.sound]
'IUTThreeClosures.PellLucasFactorQuotientProjectiveCoupling20260902.endpointProjectiveCurvature_exact' depends on axioms: [propext,
 Quot.sound]
'IUTThreeClosures.PellLucasFactorQuotientProjectiveCoupling20260902.endpointCurvature_modEq_of_companion' depends on axioms: [propext,
 Classical.choice,
 Quot.sound]
'IUTThreeClosures.PellLucasFactorQuotientProjectiveCoupling20260902.normIdentity_gives_companion_coprime' depends on axioms: [propext,
 Quot.sound]
'IUTThreeClosures.PellLucasFactorQuotientProjectiveCoupling20260902.endpointCurvature_coprime' depends on axioms: [propext,
 Classical.choice,
 Quot.sound]
'IUTThreeClosures.PellLucasFactorQuotientProjectiveCoupling20260902.endpointProjectiveModulus_sharp' depends on axioms: [propext,
 Classical.choice,
 Quot.sound]
'IUTThreeClosures.PellLucasFactorQuotientProjectiveCoupling20260902.endpointProjectiveCurvature_and_sharpness' depends on axioms: [propext,
 Classical.choice,
 Quot.sound]
'IUTThreeClosures.PellLucasFactorQuotientProjectiveCoupling20260902.localLedgerCounterexample_arithmetic' depends on axioms: [propext,
 Classical.choice,
 Quot.sound]
'IUTThreeClosures.PellLucasFactorQuotientProjectiveCoupling20260902.localLedgerCounterexample_characterPowers' depends on axioms: [propext,
 Quot.sound]
'IUTThreeClosures.PellLucasFactorQuotientProjectiveCoupling20260902.indexSeven_factorQuotientTriples' depends on axioms: [propext,
 Quot.sound]
'IUTThreeClosures.PellLucasFactorQuotientProjectiveCoupling20260902.indexSeven_companionAndCurvatureJets' depends on axioms: [propext,
 Classical.choice,
 Quot.sound]
'IUTThreeClosures.PellLucasFactorQuotientProjectiveCoupling20260902.indexSeven_endpointDeterminant' depends on axioms: [propext]
'IUTThreeClosures.PellLucasFactorQuotientProjectiveCoupling20260902.indexSeven_refutes_endpointCubeDivisibility' depends on axioms: [propext,
 Quot.sound]
EXIT_CODE: 0
