WORKDIR: Lean
COMMAND: C:\Users\Admin\.elan\bin\lake.EXE env lean -DwarningAsError=true IUTThreeClosures/MersenneSigmaOneExactOrderCoupling20260902.lean
'IUTThreeClosures.MersenneSigmaOneExactOrderCoupling20260902.index_multiplier_eq_of_slope_eq' depends on axioms: [propext,
 Classical.choice,
 Quot.sound]
'IUTThreeClosures.MersenneSigmaOneExactOrderCoupling20260902.endpointExactOrderRow_eq_of_slope_eq' depends on axioms: [propext,
 Classical.choice,
 Quot.sound]
'IUTThreeClosures.MersenneSigmaOneExactOrderCoupling20260902.endpointSlopeCross_injective' depends on axioms: [propext,
 Classical.choice,
 Quot.sound]
'IUTThreeClosures.MersenneSigmaOneExactOrderCoupling20260902.aboveSizeCutoff_forces_highMultiplier' depends on axioms: [propext,
 Classical.choice,
 Quot.sound]
'IUTThreeClosures.MersenneSigmaOneExactOrderCoupling20260902.indexMultiplier_real_eq_fareySlope' depends on axioms: [propext,
 Classical.choice,
 Quot.sound]
'IUTThreeClosures.MersenneSigmaOneExactOrderCoupling20260902.endpointSlope_eq_primeSubOne_div_index' depends on axioms: [propext,
 Classical.choice,
 Quot.sound]
'IUTThreeClosures.MersenneSigmaOneExactOrderCoupling20260902.endpointFareyEnergy_eq_primeMoment_div_index' depends on axioms: [propext,
 Classical.choice,
 Quot.sound]
'IUTThreeClosures.MersenneSigmaOneExactOrderCoupling20260902.packetMass_le_mul_fareyEnergy_add_card' depends on axioms: [propext,
 Classical.choice,
 Quot.sound]
'IUTThreeClosures.MersenneSigmaOneExactOrderCoupling20260902.zmod_two_pow_eq_one_iff_dvd_mersenne' depends on axioms: [propext,
 Classical.choice,
 Quot.sound]
'IUTThreeClosures.MersenneSigmaOneExactOrderCoupling20260902.mersennePrimePowerExactOrder_eq_of_layer' depends on axioms: [propext,
 Classical.choice,
 Quot.sound]
'IUTThreeClosures.MersenneSigmaOneExactOrderCoupling20260902.mersennePrimePowerExactOrder_eq_iff_layer_le_depth' depends on axioms: [propext,
 Classical.choice,
 Quot.sound]
'IUTThreeClosures.MersenneSigmaOneExactOrderCoupling20260902.stableLiftLayer_count' depends on axioms: [propext,
 Classical.choice,
 Quot.sound]
'IUTThreeClosures.MersenneSigmaOneExactOrderCoupling20260902.weighted_stableLiftLayer_sum' depends on axioms: [propext,
 Classical.choice,
 Quot.sound]
'IUTThreeClosures.MersenneSigmaOneExactOrderCoupling20260902.weighted_stableLiftLayer_eq_second_add_deep' depends on axioms: [propext,
 Classical.choice,
 Quot.sound]
'IUTThreeClosures.MersenneSigmaOneExactOrderCoupling20260902.selectedHigherStableLayerMass_eq_depthExcessMass' depends on axioms: [propext,
 Classical.choice,
 Quot.sound]
'IUTThreeClosures.MersenneSigmaOneExactOrderCoupling20260902.criticalStableLayerMass_eq_twoArms' depends on axioms: [propext,
 Classical.choice,
 Quot.sound]
'IUTThreeClosures.MersenneSigmaOneExactOrderCoupling20260902.sigmaOne_highDeep_or_nearSquare' depends on axioms: [propext,
 Classical.choice,
 Quot.sound]
'IUTThreeClosures.MersenneSigmaOneExactOrderCoupling20260902.wieferich_1093_exactly_one_repeated_layer' depends on axioms: [propext,
 Classical.choice,
 Quot.sound]
'IUTThreeClosures.MersenneSigmaOneExactOrderCoupling20260902.wieferich_3511_exactly_one_repeated_layer' depends on axioms: [propext,
 Classical.choice,
 Quot.sound]
EXIT_CODE: 0
