'ABCCorrelatedCompletions20260906.norm_seven_expansion' depends on axioms: [propext, Classical.choice, Quot.sound]
'ABCCorrelatedCompletions20260906.exact_norm_seven' depends on axioms: [propext, Classical.choice, Quot.sound]
'ABCCorrelatedCompletions20260906.forced_small_prime_residues' depends on axioms: [propext,
 Classical.choice,
 Quot.sound]
'ABCCorrelatedCompletions20260906.prescribed_power_divides' does not depend on any axioms
'ABCCorrelatedCompletions20260906.prescribed_power_exact' depends on axioms: [propext, Quot.sound]
'ABCCorrelatedCompletions20260906.completion_radical_lower' depends on axioms: [propext, Classical.choice, Quot.sound]
'ABCCorrelatedCompletions20260906.squarefree_complement_identity' does not depend on any axioms
'ABCCorrelatedCompletions20260906.weighted_union_bound' depends on axioms: [propext, Quot.sound]
'ABCCorrelatedCompletions20260906.surviving_weight' depends on axioms: [propext, Quot.sound]
'ABCCorrelatedCompletions20260906.sieve_margin' does not depend on any axioms
'ABCCorrelatedCompletions20260906.norm_square_map' depends on axioms: [propext, Classical.choice, Quot.sound]
'ABCCorrelatedCompletions20260906.square_map_boundary' depends on axioms: [propext, Classical.choice, Quot.sound]
'ABCCorrelatedCompletions20260906.square_map_jacobian' depends on axioms: [propext, Classical.choice, Quot.sound]
'ABCCorrelatedCompletions20260906.ramification_budget' depends on axioms: [propext, Classical.choice, Quot.sound]
'ABCCorrelatedCompletions20260906.pure_power_new_degree' depends on axioms: [propext, Classical.choice, Quot.sound]
'ABCCorrelatedCompletions20260906.degree_only_transfer_nonpositive' depends on axioms: [propext,
 Classical.choice,
 Quot.sound]
