ℹ [2/8] Built ProductTripodRectangle (4.4s)
info: ProductTripodRectangle.lean:98:0: 'ProductTripodRectangle.rectangle_additive' depends on axioms: [propext, Classical.choice, Quot.sound]
info: ProductTripodRectangle.lean:99:0: 'ProductTripodRectangle.rectangle_zero_product' depends on axioms: [propext, Classical.choice, Quot.sound]
info: ProductTripodRectangle.lean:100:0: 'ProductTripodRectangle.rectangle_dichotomy' depends on axioms: [propext, Classical.choice, Quot.sound]
info: ProductTripodRectangle.lean:101:0: 'ProductTripodRectangle.rectangle_nonzero_variation' depends on axioms: [propext, Classical.choice, Quot.sound]
info: ProductTripodRectangle.lean:102:0: 'ProductTripodRectangle.separated_rectangle' depends on axioms: [propext, Classical.choice, Quot.sound]
info: ProductTripodRectangle.lean:103:0: 'ProductTripodRectangle.matrix_coordinate_separation' depends on axioms: [propext, Classical.choice, Quot.sound]
info: ProductTripodRectangle.lean:104:0: 'ProductTripodRectangle.mixed_numerator' depends on axioms: [propext, Classical.choice, Quot.sound]
info: ProductTripodRectangle.lean:105:0: 'ProductTripodRectangle.mixed_addition' depends on axioms: [propext, Classical.choice, Quot.sound]
info: ProductTripodRectangle.lean:106:0: 'ProductTripodRectangle.mixed_size_lower' depends on axioms: [propext, Classical.choice, Quot.sound]
info: ProductTripodRectangle.lean:107:0: 'ProductTripodRectangle.mixed_size_upper' depends on axioms: [propext, Classical.choice, Quot.sound]
ℹ [3/8] Built PowerDescent (4.6s)
info: PowerDescent.lean:268:0: 'ABCPowerDescent20260905.phi_step' depends on axioms: [propext, Classical.choice, Quot.sound]
info: PowerDescent.lean:269:0: 'ABCPowerDescent20260905.step_mod49' depends on axioms: [propext]
info: PowerDescent.lean:270:0: 'ABCPowerDescent20260905.factor_mod49' depends on axioms: [propext]
info: PowerDescent.lean:271:0: 'ABCPowerDescent20260905.step_mod4' depends on axioms: [propext]
info: PowerDescent.lean:272:0: 'ABCPowerDescent20260905.factor_decomposition' depends on axioms: [propext, Quot.sound]
info: PowerDescent.lean:273:0: 'ABCPowerDescent20260905.orbit_residues' depends on axioms: [propext]
info: PowerDescent.lean:274:0: 'ABCPowerDescent20260905.step_increases' depends on axioms: [propext, Quot.sound]
info: PowerDescent.lean:275:0: 'ABCPowerDescent20260905.orbit_increases' depends on axioms: [propext, Quot.sound]
info: PowerDescent.lean:276:0: 'ABCPowerDescent20260905.orbit_lower' depends on axioms: [propext, Quot.sound]
info: PowerDescent.lean:277:0: 'ABCPowerDescent20260905.orbit_unit_factor' depends on axioms: [propext, Classical.choice, Quot.sound]
info: PowerDescent.lean:278:0: 'ABCPowerDescent20260905.exact_from_unit' depends on axioms: [propext]
info: PowerDescent.lean:279:0: 'ABCPowerDescent20260905.orbit_exact_phi' depends on axioms: [propext, Classical.choice, Quot.sound]
info: PowerDescent.lean:280:0: 'ABCPowerDescent20260905.orbit_order_three' depends on axioms: [propext, Quot.sound]
info: PowerDescent.lean:281:0: 'ABCPowerDescent20260905.mod_four_not_power' depends on axioms: [propext, Quot.sound]
info: PowerDescent.lean:282:0: 'ABCPowerDescent20260905.orbit_not_perfect_power' depends on axioms: [propext, Quot.sound]
info: PowerDescent.lean:283:0: 'ABCPowerDescent20260905.cubic_factorization' depends on axioms: [propext, Classical.choice, Quot.sound]
info: PowerDescent.lean:284:0: 'ABCPowerDescent20260905.orbit_exact_cubic_difference' depends on axioms: [propext, Classical.choice, Quot.sound]
info: PowerDescent.lean:285:0: 'ABCPowerDescent20260905.infinite_first_appearance_certificate' depends on axioms: [propext,
 Classical.choice,
 Quot.sound]
info: PowerDescent.lean:286:0: 'ABCPowerDescent20260905.small_root_residues' depends on axioms: [propext, Quot.sound]
info: PowerDescent.lean:287:0: 'ABCPowerDescent20260905.phi_mod_congr' depends on axioms: [propext]
info: PowerDescent.lean:288:0: 'ABCPowerDescent20260905.small_root_divisibility' depends on axioms: [propext, Classical.choice, Quot.sound]
info: PowerDescent.lean:289:0: 'ABCPowerDescent20260905.small_root_size' depends on axioms: [propext, Classical.choice, Quot.sound]
info: PowerDescent.lean:290:0: 'ABCPowerDescent20260905.normalized_small_first_appearance' depends on axioms: [propext, Classical.choice, Quot.sound]
info: PowerDescent.lean:291:0: 'ABCPowerDescent20260905.transfer_criterion' depends on axioms: [propext]
info: PowerDescent.lean:292:0: 'ABCPowerDescent20260905.difference_subcritical' depends on axioms: [propext]
info: PowerDescent.lean:293:0: 'ABCPowerDescent20260905.sum_subcritical' depends on axioms: [propext]
info: PowerDescent.lean:294:0: 'ABCPowerDescent20260905.difference_obstruction' depends on axioms: [propext, Quot.sound]
info: PowerDescent.lean:295:0: 'ABCPowerDescent20260905.budget_cocycle' depends on axioms: [propext]
info: PowerDescent.lean:296:0: 'ABCPowerDescent20260905.exchange_identity' depends on axioms: [propext, Classical.choice, Quot.sound]
ℹ [4/8] Built EisensteinDescent (4.7s)
info: EisensteinDescent.lean:197:0: 'ABCEisenstein20260905.mul_comm' depends on axioms: [propext, Classical.choice, Quot.sound]
info: EisensteinDescent.lean:198:0: 'ABCEisenstein20260905.mul_assoc' depends on axioms: [propext, Classical.choice, Quot.sound]
info: EisensteinDescent.lean:199:0: 'ABCEisenstein20260905.mul_one' depends on axioms: [propext]
info: EisensteinDescent.lean:200:0: 'ABCEisenstein20260905.norm_mul' depends on axioms: [propext, Classical.choice, Quot.sound]
info: EisensteinDescent.lean:201:0: 'ABCEisenstein20260905.conjugate_product' depends on axioms: [propext, Classical.choice, Quot.sound]
info: EisensteinDescent.lean:202:0: 'ABCEisenstein20260905.rotate_boundary' depends on axioms: [propext, Classical.choice, Quot.sound]
info: EisensteinDescent.lean:203:0: 'ABCEisenstein20260905.rotate_norm' depends on axioms: [propext, Classical.choice, Quot.sound]
info: EisensteinDescent.lean:204:0: 'ABCEisenstein20260905.norm_height_identity' depends on axioms: [propext, Classical.choice, Quot.sound]
info: EisensteinDescent.lean:205:0: 'ABCEisenstein20260905.inverse_numerators' depends on axioms: [propext, Classical.choice, Quot.sound]
info: EisensteinDescent.lean:206:0: 'ABCEisenstein20260905.boundary_remainder_x' depends on axioms: [propext, Classical.choice, Quot.sound]
info: EisensteinDescent.lean:207:0: 'ABCEisenstein20260905.boundary_remainder_y' depends on axioms: [propext, Classical.choice, Quot.sound]
info: EisensteinDescent.lean:208:0: 'ABCEisenstein20260905.boundary_remainder_sum' depends on axioms: [propext, Classical.choice, Quot.sound]
info: EisensteinDescent.lean:209:0: 'ABCEisenstein20260905.step_is_mul' depends on axioms: [propext, Classical.choice, Quot.sound]
info: EisensteinDescent.lean:210:0: 'ABCEisenstein20260905.step_norm' depends on axioms: [propext, Classical.choice, Quot.sound]
info: EisensteinDescent.lean:211:0: 'ABCEisenstein20260905.orbit_norm' depends on axioms: [propext, Classical.choice, Quot.sound]
info: EisensteinDescent.lean:212:0: 'ABCEisenstein20260905.orbit_add' depends on axioms: [propext, Classical.choice, Quot.sound]
info: EisensteinDescent.lean:213:0: 'ABCEisenstein20260905.orbit_six' does not depend on any axioms
info: EisensteinDescent.lean:214:0: 'ABCEisenstein20260905.orbit_six_shift' depends on axioms: [propext, Classical.choice, Quot.sound]
info: EisensteinDescent.lean:215:0: 'ABCEisenstein20260905.orbit_mod_four' depends on axioms: [propext, Classical.choice, Quot.sound]
info: EisensteinDescent.lean:216:0: 'ABCEisenstein20260905.orbit_mod_seven' depends on axioms: [propext, Classical.choice, Quot.sound]
info: EisensteinDescent.lean:217:0: 'ABCEisenstein20260905.cubic_coordinate' depends on axioms: [propext, Classical.choice, Quot.sound]
info: EisensteinDescent.lean:218:0: 'ABCEisenstein20260905.boundary_step_recurrence' depends on axioms: [propext, Classical.choice, Quot.sound]
info: EisensteinDescent.lean:219:0: 'ABCEisenstein20260905.orbit_boundary_recurrence' depends on axioms: [propext, Classical.choice, Quot.sound]
info: EisensteinDescent.lean:220:0: 'ABCEisenstein20260905.orbit_boundary_lucas' depends on axioms: [propext, Classical.choice, Quot.sound]
info: EisensteinDescent.lean:221:0: 'ABCEisenstein20260905.cubic_difference' depends on axioms: [propext, Classical.choice, Quot.sound]
info: EisensteinDescent.lean:222:0: 'ABCEisenstein20260905.orbit_cubic_difference' depends on axioms: [propext, Classical.choice, Quot.sound]
info: EisensteinDescent.lean:223:0: 'ABCEisenstein20260905.exact_small_orbits' does not depend on any axioms
info: EisensteinDescent.lean:224:0: 'ABCEisenstein20260905.boundary_factor_certificates' does not depend on any axioms
info: EisensteinDescent.lean:225:0: 'ABCEisenstein20260905.defect_ratio_increases' depends on axioms: [propext, Quot.sound]
ℹ [5/8] Built ExponentProfiles (1.1s)
info: ExponentProfiles.lean:141:0: 'ABCExponentProfiles20260906.one_mul' depends on axioms: [propext, Classical.choice, Quot.sound]
info: ExponentProfiles.lean:142:0: 'ABCExponentProfiles20260906.mul_interchange' depends on axioms: [propext, Classical.choice, Quot.sound]
info: ExponentProfiles.lean:143:0: 'ABCExponentProfiles20260906.epow_add' depends on axioms: [propext, Classical.choice, Quot.sound]
info: ExponentProfiles.lean:144:0: 'ABCExponentProfiles20260906.epow_mul' depends on axioms: [propext, Classical.choice, Quot.sound]
info: ExponentProfiles.lean:145:0: 'ABCExponentProfiles20260906.epow_product' depends on axioms: [propext, Classical.choice, Quot.sound]
info: ExponentProfiles.lean:146:0: 'ABCExponentProfiles20260906.norm_epow' depends on axioms: [propext, Classical.choice, Quot.sound]
info: ExponentProfiles.lean:147:0: 'ABCExponentProfiles20260906.eprod_power' depends on axioms: [propext, Classical.choice, Quot.sound]
info: ExponentProfiles.lean:148:0: 'ABCExponentProfiles20260906.content_extraction' depends on axioms: [propext, Classical.choice, Quot.sound]
info: ExponentProfiles.lean:149:0: 'ABCExponentProfiles20260906.norm_weighted_product' depends on axioms: [propext, Classical.choice, Quot.sound]
info: ExponentProfiles.lean:150:0: 'ABCExponentProfiles20260906.endpoint_expansion' depends on axioms: [propext, Classical.choice, Quot.sound]
info: ExponentProfiles.lean:151:0: 'ABCExponentProfiles20260906.endpoint_fourth_divides' does not depend on any axioms
info: ExponentProfiles.lean:152:0: 'ABCExponentProfiles20260906.endpoint_fifth_not_divides' depends on axioms: [propext, Quot.sound]
info: ExponentProfiles.lean:153:0: 'ABCExponentProfiles20260906.endpoint_progression' depends on axioms: [propext, Classical.choice, Quot.sound]
info: ExponentProfiles.lean:154:0: 'ABCExponentProfiles20260906.endpoint_lower_bound' depends on axioms: [propext, Classical.choice, Quot.sound]
info: ExponentProfiles.lean:155:0: 'ABCExponentProfiles20260906.primitive_neighbour' depends on axioms: [propext, Quot.sound]
info: ExponentProfiles.lean:156:0: 'ABCExponentProfiles20260906.compensated_shape_identity' depends on axioms: [propext, Classical.choice, Quot.sound]
ℹ [6/8] Built CubicAmplification (1.2s)
info: CubicAmplification.lean:147:0: 'ABCCubicAmplification20260907.phi_le_three_square' depends on axioms: [propext, Quot.sound]
info: CubicAmplification.lean:148:0: 'ABCCubicAmplification20260907.phi_mono' depends on axioms: [propext, Quot.sound]
info: CubicAmplification.lean:149:0: 'ABCCubicAmplification20260907.seven_power_exceeds_index' depends on axioms: [propext, Quot.sound]
info: CubicAmplification.lean:150:0: 'ABCCubicAmplification20260907.small_root_exceeds' depends on axioms: [propext, Classical.choice, Quot.sound]
info: CubicAmplification.lean:151:0: 'ABCCubicAmplification20260907.unbounded_normalized_roots' depends on axioms: [propext, Classical.choice, Quot.sound]
info: CubicAmplification.lean:152:0: 'ABCCubicAmplification20260907.compression_bound' depends on axioms: [propext, Classical.choice, Quot.sound]
info: CubicAmplification.lean:153:0: 'ABCCubicAmplification20260907.cleared_amplification' depends on axioms: [propext, Classical.choice, Quot.sound]
info: CubicAmplification.lean:154:0: 'ABCCubicAmplification20260907.root_cleared_amplification' depends on axioms: [propext, Classical.choice, Quot.sound]
info: CubicAmplification.lean:155:0: 'ABCCubicAmplification20260907.no_uniform_relative_bound' depends on axioms: [propext, Classical.choice, Quot.sound]
ℹ [7/8] Built OverlapColumns (2.6s)
info: OverlapColumns.lean:47:0: 'ABCOverlapColumns20260907.shared_columns_reconstruct' depends on axioms: [propext, Classical.choice, Quot.sound]
info: OverlapColumns.lean:48:0: 'ABCOverlapColumns20260907.shared_columns_norm' depends on axioms: [propext, Classical.choice, Quot.sound]
info: OverlapColumns.lean:49:0: 'ABCOverlapColumns20260907.euclidean_exponent_split' depends on axioms: [propext]
Build completed successfully (8 jobs).
info: ABCResearchRound20260907: no previous manifest, creating one from scratch
info: toolchain not updated; already up-to-date
