{
  "FCRT_largest_fragmentation": {
    "abc": [
      1,
      2303,
      2304
    ],
    "factor": {
      "denominator": 3,
      "numerator": 7
    }
  },
  "exhaustive_counts": {
    "FCRT_equal_to_scalar": 1368092,
    "FCRT_positive_B": 57,
    "FCRT_strict_fragmentation_beyond_scalar": 2,
    "FCRT_strict_improvement_over_SCRT": 3,
    "FCRT_zero_B": 1368037,
    "endpoint_with_at_least_two_sources": 43340,
    "endpoint_with_source": 405871,
    "equal_to_scalar": 1368089,
    "positive_B": 57,
    "strict_fragmentation_beyond_scalar": 5,
    "triples": 1368094,
    "zero_B": 1368037
  },
  "largest_fragmentation": {
    "abc": [
      1,
      2303,
      2304
    ],
    "factor": {
      "denominator": 3,
      "numerator": 7
    }
  },
  "largest_residual": {
    "abc": [
      1,
      2400,
      2401
    ],
    "factor": {
      "denominator": 30,
      "numerator": 343
    }
  },
  "output": "research\\computation\\2026_09_04_shared_crt_exact\\OUTPUT.json",
  "structured_csv": "research\\computation\\2026_09_04_shared_crt_exact\\STRUCTURED_FAMILIES.csv",
  "structured_rows": 154
}
