WORKDIR: Lean
COMMAND: C:\Users\Admin\.elan\bin\lake.EXE env lean verification/2026_09_01_determinant_totient_refined_signature/axiom-audit.lean
'IUTThreeClosures.AffineDeterminantLayerEntropy20260901.threeForm_modulusProduct_dvd_det' depends on axioms: [propext,
 Quot.sound]
'IUTThreeClosures.AffineDeterminantLayerEntropy20260901.eq_zero_of_modulus_dvd_and_natAbs_lt' depends on axioms: [propext,
 Quot.sound]
'IUTThreeClosures.AffineDeterminantLayerEntropy20260901.signedPairDet_eq_zero_of_template_and_bound' depends on axioms: [propext,
 Quot.sound]
'IUTThreeClosures.AffineDeterminantLayerEntropy20260901.fractionalTemplateCover_card_le' depends on axioms: [propext,
 Classical.choice,
 Quot.sound]
'IUTThreeClosures.AffineDeterminantLayerEntropy20260901.signedPairDet_eq_zero_of_dvd_of_coordinateBounds' depends on axioms: [propext,
 Quot.sound]
'IUTThreeClosures.AffineDeterminantLayerEntropy20260901.threeForm_signedPairDet_eq_zero_of_large_modulusProduct' depends on axioms: [propext,
 Quot.sound]
'IUTThreeClosures.AffineDeterminantLayerEntropy20260901.oneDimSeparated_card_le' depends on axioms: [propext,
 Classical.choice,
 Quot.sound]
'IUTThreeClosures.AffineDeterminantLayerEntropy20260901.dominantFirstCoordinate_card_le' depends on axioms: [propext,
 Classical.choice,
 Quot.sound]
'_private.verification.«2026_09_01_determinant_totient_refined_signature».«axiom-audit».0.IUTThreeClosures.AffineDeterminantLayerEntropy20260901.radical_30' depends on axioms: [propext,
 Classical.choice,
 Quot.sound]
'_private.verification.«2026_09_01_determinant_totient_refined_signature».«axiom-audit».0.IUTThreeClosures.AffineDeterminantLayerEntropy20260901.radical_42' depends on axioms: [propext,
 Classical.choice,
 Quot.sound]
'_private.verification.«2026_09_01_determinant_totient_refined_signature».«axiom-audit».0.IUTThreeClosures.AffineDeterminantLayerEntropy20260901.radical_56' depends on axioms: [propext,
 Classical.choice,
 Quot.sound]
'_private.verification.«2026_09_01_determinant_totient_refined_signature».«axiom-audit».0.IUTThreeClosures.AffineDeterminantLayerEntropy20260901.radical_70' depends on axioms: [propext,
 Classical.choice,
 Quot.sound]
'_private.verification.«2026_09_01_determinant_totient_refined_signature».«axiom-audit».0.IUTThreeClosures.AffineDeterminantLayerEntropy20260901.radical_84' depends on axioms: [propext,
 Classical.choice,
 Quot.sound]
'_private.verification.«2026_09_01_determinant_totient_refined_signature».«axiom-audit».0.IUTThreeClosures.AffineDeterminantLayerEntropy20260901.radical_120' depends on axioms: [propext,
 Classical.choice,
 Quot.sound]
'IUTThreeClosures.AffineDeterminantLayerEntropy20260901.primitive_subcritical_c_ge_nine' depends on axioms: [propext,
 Classical.choice,
 Quot.sound]
'IUTThreeClosures.AffineDeterminantLayerEntropy20260901.canonical_cubicThreshold_scale12' depends on axioms: [propext,
 Classical.choice,
 Quot.sound]
'IUTThreeClosures.AffineDeterminantLayerEntropy20260901.canonical_longCapThreshold_scale12' depends on axioms: [propext,
 Classical.choice,
 Quot.sound]
'IUTThreeClosures.AffineDeterminantLayerEntropy20260901.canonical_cubicThreshold_scale22' depends on axioms: [propext,
 Classical.choice,
 Quot.sound]
'IUTThreeClosures.AffineDeterminantLayerEntropy20260901.canonical_longCapThreshold_scale22' depends on axioms: [propext,
 Classical.choice,
 Quot.sound]
'IUTThreeClosures.AffineDeterminantLayerEntropy20260901.canonical_threshold_forces_twice_boxSq' depends on axioms: [propext,
 Classical.choice,
 Quot.sound]
'_private.verification.«2026_09_01_determinant_totient_refined_signature».«axiom-audit».0.IUTThreeClosures.AffineDeterminantLayerEntropy20260901.radical_49' depends on axioms: [propext,
 Classical.choice,
 Quot.sound]
'_private.verification.«2026_09_01_determinant_totient_refined_signature».«axiom-audit».0.IUTThreeClosures.AffineDeterminantLayerEntropy20260901.radical_121' depends on axioms: [propext,
 Classical.choice,
 Quot.sound]
'_private.verification.«2026_09_01_determinant_totient_refined_signature».«axiom-audit».0.IUTThreeClosures.AffineDeterminantLayerEntropy20260901.radical_169' depends on axioms: [propext,
 Classical.choice,
 Quot.sound]
'_private.verification.«2026_09_01_determinant_totient_refined_signature».«axiom-audit».0.IUTThreeClosures.AffineDeterminantLayerEntropy20260901.radical_289' depends on axioms: [propext,
 Classical.choice,
 Quot.sound]
'_private.verification.«2026_09_01_determinant_totient_refined_signature».«axiom-audit».0.IUTThreeClosures.AffineDeterminantLayerEntropy20260901.radical_361' depends on axioms: [propext,
 Classical.choice,
 Quot.sound]
'_private.verification.«2026_09_01_determinant_totient_refined_signature».«axiom-audit».0.IUTThreeClosures.AffineDeterminantLayerEntropy20260901.radical_529' depends on axioms: [propext,
 Classical.choice,
 Quot.sound]
'_private.verification.«2026_09_01_determinant_totient_refined_signature».«axiom-audit».0.IUTThreeClosures.AffineDeterminantLayerEntropy20260901.radical_841' depends on axioms: [propext,
 Classical.choice,
 Quot.sound]
'IUTThreeClosures.AffineDeterminantLayerEntropy20260901.areaOnlyTemplateBound_counterexample' depends on axioms: [propext,
 Classical.choice,
 Quot.sound]
'IUTThreeClosures.AffineDeterminantLayerEntropy20260901.adaptiveTemplateUnion_not_separated_counterexample' depends on axioms: [propext,
 Classical.choice,
 Quot.sound]
'IUTThreeClosures.AffineDeterminantLayerEntropy20260901.zeroDensityStrictEntropy_counterexample' depends on axioms: [propext,
 Classical.choice,
 Quot.sound]
'IUTThreeClosures.MersenneTotientDivisorConcentration20260901.threshold_mul_totientExceptionalDivisorMass_le' depends on axioms: [propext,
 Classical.choice,
 Quot.sound]
'IUTThreeClosures.MersenneTotientDivisorConcentration20260901.divisorOrderBlockMassSum_le_threshold_add_exceptional' depends on axioms: [propext,
 Classical.choice,
 Quot.sound]
'IUTThreeClosures.MersenneTotientDivisorConcentration20260901.totientExceptionalDivisorMass_nonneg' depends on axioms: [propext,
 Classical.choice,
 Quot.sound]
'IUTThreeClosures.MersenneTotientDivisorConcentration20260901.divisorOrderBlockMassSum_nonneg' depends on axioms: [propext,
 Classical.choice,
 Quot.sound]
'IUTThreeClosures.MersenneTotientDivisorConcentration20260901.totientExceptionalDivisorMass_isLittleO_of_divisorMass' depends on axioms: [propext,
 Classical.choice,
 Quot.sound]
'IUTThreeClosures.MersenneTotientDivisorConcentration20260901.divisorOrderBlockMassSum_isLittleO_of_exceptionalTotientMass' depends on axioms: [propext,
 Classical.choice,
 Quot.sound]
'IUTThreeClosures.MersenneTotientDivisorConcentration20260901.divisorOrderBlockMassSum_isLittleO_iff_exceptionalTotientMass' depends on axioms: [propext,
 Classical.choice,
 Quot.sound]
'IUTThreeClosures.MersenneTotientDivisorConcentration20260901.restrictedDivisorMass_le_cap_totient' depends on axioms: [propext,
 Classical.choice,
 Quot.sound]
'IUTThreeClosures.MersenneTotientDivisorConcentration20260901.isLittleO_natCast_of_nonneg_le' depends on axioms: [propext,
 Classical.choice,
 Quot.sound]
'IUTThreeClosures.MersenneTotientDivisorConcentration20260901.restrictedDivisorMass_isLittleO_of_totient' depends on axioms: [propext,
 Classical.choice,
 Quot.sound]
'IUTThreeClosures.MersenneTotientDivisorConcentration20260901.totientExceptionalDivisorMass_eq_restricted_add_complement' depends on axioms: [propext,
 Classical.choice,
 Quot.sound]
'IUTThreeClosures.MersenneTotientDivisorConcentration20260901.restrictedExceptionalTotientDivisorMass_le_restrictedTotient' depends on axioms: [propext,
 Classical.choice,
 Quot.sound]
'IUTThreeClosures.MersenneTotientDivisorConcentration20260901.restrictedExceptionalTotientDivisorMass_le_total' depends on axioms: [propext,
 Classical.choice,
 Quot.sound]
'IUTThreeClosures.MersenneTotientDivisorConcentration20260901.divisorOrderBlockMassSum_isLittleO_of_localizedExceptional' depends on axioms: [propext,
 Classical.choice,
 Quot.sound]
'IUTThreeClosures.MersenneTotientDivisorConcentration20260901.divisorOrderBlockMassSum_isLittleO_iff_localizedExceptional' depends on axioms: [propext,
 Classical.choice,
 Quot.sound]
'IUTThreeClosures.MersenneTotientDivisorConcentration20260901.cyclotomic_eval_two_int_pos' depends on axioms: [propext,
 Classical.choice,
 Quot.sound]
'IUTThreeClosures.MersenneTotientDivisorConcentration20260901.coe_mersenneCyclotomicValue_eq_eval_real' depends on axioms: [propext,
 Classical.choice,
 Quot.sound]
'IUTThreeClosures.MersenneTotientDivisorConcentration20260901.mersenneCyclotomicValue_pos' depends on axioms: [propext,
 Classical.choice,
 Quot.sound]
'IUTThreeClosures.MersenneTotientDivisorConcentration20260901.isRoot_cyclotomic_two_of_prime_dvd_value' depends on axioms: [propext,
 Classical.choice,
 Quot.sound]
'IUTThreeClosures.MersenneTotientDivisorConcentration20260901.mersenneExactOrder_eq_of_prime_dvd_cyclotomicValue' depends on axioms: [propext,
 Classical.choice,
 Quot.sound]
'IUTThreeClosures.MersenneTotientDivisorConcentration20260901.prod_mersenneCyclotomicValue_divisors_eq' depends on axioms: [propext,
 Classical.choice,
 Quot.sound]
'IUTThreeClosures.MersenneTotientDivisorConcentration20260901.exactOrder_prime_fullPower_dvd_cyclotomicValue' depends on axioms: [propext,
 Classical.choice,
 Quot.sound]
'IUTThreeClosures.MersenneTotientDivisorConcentration20260901.mersenneCanonicalOrderBlock_dvd_cyclotomicValue' depends on axioms: [propext,
 Classical.choice,
 Quot.sound]
'IUTThreeClosures.MersenneTotientDivisorConcentration20260901.mersenneCyclotomicValue_le_three_pow_totient' depends on axioms: [propext,
 Classical.choice,
 Quot.sound]
'IUTThreeClosures.MersenneTotientDivisorConcentration20260901.log_le_log_three_mul_totient_of_dvd_cyclotomicValue' depends on axioms: [propext,
 Classical.choice,
 Quot.sound]
'IUTThreeClosures.MersenneTotientDivisorConcentration20260901.mersenneCanonicalOrderBlockLogMass_le_of_dvd_cyclotomicValue' depends on axioms: [propext,
 Classical.choice,
 Quot.sound]
'IUTThreeClosures.MersenneTotientDivisorConcentration20260901.mersenneCanonicalOrderBlockLogMass_le_cyclotomicCap' depends on axioms: [propext,
 Classical.choice,
 Quot.sound]
'IUTThreeClosures.MersenneTotientDivisorConcentration20260901.log_mersennePowerLoss_isLittleO_of_localizedExceptional' depends on axioms: [propext,
 Classical.choice,
 Quot.sound]
'IUTThreeClosures.MersenneTotientDivisorConcentration20260901.log_mersennePowerLoss_isLittleO_iff_localizedExceptional' depends on axioms: [propext,
 Classical.choice,
 Quot.sound]
'IUTThreeClosures.MersenneTotientDivisorConcentration20260901.totientLogDeficitSum_nonneg' depends on axioms: [propext,
 Classical.choice,
 Quot.sound]
'IUTThreeClosures.MersenneTotientDivisorConcentration20260901.barrier_mul_restrictedTotient_le_logDeficit' depends on axioms: [propext,
 Classical.choice,
 Quot.sound]
'IUTThreeClosures.MersenneTotientDivisorConcentration20260901.restrictedTotient_isLittleO_of_logDeficitMoment' depends on axioms: [propext,
 Classical.choice,
 Quot.sound]
'IUTThreeClosures.MersenneTotientDivisorConcentration20260901.ExactMoment.sum_totient_prime_power_coordinates' depends on axioms: [propext,
 Classical.choice,
 Quot.sound]
'IUTThreeClosures.MersenneTotientDivisorConcentration20260901.ExactMoment.primePowerDeficitMoment_eq_geomSum' depends on axioms: [propext,
 Classical.choice,
 Quot.sound]
'IUTThreeClosures.MersenneTotientDivisorConcentration20260901.ExactMoment.primePowerDeficitMoment_real_eq_geomSum' depends on axioms: [propext,
 Classical.choice,
 Quot.sound]
'IUTThreeClosures.MersenneTotientDivisorConcentration20260901.ExactMoment.primePowerDeficitExpectation_exact' depends on axioms: [propext,
 Classical.choice,
 Quot.sound]
'IUTThreeClosures.MersenneTotientDivisorConcentration20260901.ExactMoment.primePowerLogDeficitExpectation_exact' depends on axioms: [propext,
 Classical.choice,
 Quot.sound]
'IUTThreeClosures.MersenneTotientDivisorConcentration20260901.ExactMoment.totientArithmeticFunction_apply' depends on axioms: [propext,
 Classical.choice,
 Quot.sound]
'IUTThreeClosures.MersenneTotientDivisorConcentration20260901.ExactMoment.identityArithmeticFunction_apply' depends on axioms: [propext,
 Classical.choice,
 Quot.sound]
'IUTThreeClosures.MersenneTotientDivisorConcentration20260901.ExactMoment.totientArithmeticFunction_mul_zeta' depends on axioms: [propext,
 Classical.choice,
 Quot.sound]
'IUTThreeClosures.MersenneTotientDivisorConcentration20260901.ExactMoment.totientArithmeticFunction_mul_log' depends on axioms: [propext,
 Classical.choice,
 Quot.sound]
'IUTThreeClosures.MersenneTotientDivisorConcentration20260901.ExactMoment.totientLogDeficitMoment_eq_vonMangoldtDivisorSum' depends on axioms: [propext,
 Classical.choice,
 Quot.sound]
'IUTThreeClosures.MersenneTotientDivisorConcentration20260901.ExactMoment.normalizedTotientLogDeficitMoment_eq_vonMangoldtDivisorSum' depends on axioms: [propext,
 Classical.choice,
 Quot.sound]
'IUTThreeClosures.MersenneTotientDivisorConcentration20260901.ExactMoment.vonMangoldtDivisorRatioSum_eq_filter_isPrimePow' depends on axioms: [propext,
 Classical.choice,
 Quot.sound]
'IUTThreeClosures.MersenneTotientDivisorConcentration20260901.ExactMoment.vonMangoldtDivisorRatioSum_coprime_add' depends on axioms: [propext,
 Classical.choice,
 Quot.sound]
'IUTThreeClosures.MersenneTotientDivisorConcentration20260901.ExactMoment.sum_reciprocal_prime_powers_exact' depends on axioms: [propext,
 Classical.choice,
 Quot.sound]
'IUTThreeClosures.MersenneTotientDivisorConcentration20260901.ExactMoment.vonMangoldtDivisorRatioSum_primePower' depends on axioms: [propext,
 Classical.choice,
 Quot.sound]
'IUTThreeClosures.MersenneTotientDivisorConcentration20260901.ExactMoment.primeFactorDeficitMoment_coprime_add' depends on axioms: [propext,
 Classical.choice,
 Quot.sound]
'IUTThreeClosures.MersenneTotientDivisorConcentration20260901.ExactMoment.vonMangoldtDivisorRatioSum_eq_primeFactorDeficitMoment' depends on axioms: [propext,
 Classical.choice,
 Quot.sound]
'IUTThreeClosures.MersenneTotientDivisorConcentration20260901.ExactMoment.normalizedTotientLogDeficitMoment_exact' depends on axioms: [propext,
 Classical.choice,
 Quot.sound]
'IUTThreeClosures.MersenneTotientDivisorConcentration20260901.ExactMoment.prime_log_div_sub_one_nonneg' depends on axioms: [propext,
 Classical.choice,
 Quot.sound]
'IUTThreeClosures.MersenneTotientDivisorConcentration20260901.ExactMoment.primeFactorDeficitMoment_le_harmonicLogSum' depends on axioms: [propext,
 Classical.choice,
 Quot.sound]
'IUTThreeClosures.MersenneTotientDivisorConcentration20260901.ExactMoment.sum_log_primeFactors_le_log' depends on axioms: [propext,
 Classical.choice,
 Quot.sound]
'IUTThreeClosures.MersenneTotientDivisorConcentration20260901.ExactMoment.primeFactorHarmonicLogSum_le_cutoff' depends on axioms: [propext,
 Classical.choice,
 Quot.sound]
'IUTThreeClosures.MersenneTotientDivisorConcentration20260901.ExactMoment.primeHarmonicLogCutoff_two_pow_le' depends on axioms: [propext,
 Classical.choice,
 Quot.sound]
'IUTThreeClosures.MersenneTotientDivisorConcentration20260901.ExactMoment.primeFactorHarmonicLogSum_le_dyadic' depends on axioms: [propext,
 Classical.choice,
 Quot.sound]
'IUTThreeClosures.MersenneTotientDivisorConcentration20260901.ExactMoment.log_three_mul_nat_gt_one' depends on axioms: [propext,
 Classical.choice,
 Quot.sound]
'IUTThreeClosures.MersenneTotientDivisorConcentration20260901.ExactMoment.dyadicLogScale_tail_le_two' depends on axioms: [propext,
 Classical.choice,
 Quot.sound]
'IUTThreeClosures.MersenneTotientDivisorConcentration20260901.ExactMoment.dyadicLogScale_le_one_add_loglog_div_log_two' depends on axioms: [propext,
 Classical.choice,
 Quot.sound]
'IUTThreeClosures.MersenneTotientDivisorConcentration20260901.ExactMoment.primeFactorHarmonicLogSum_le_loglog_explicit' depends on axioms: [propext,
 Classical.choice,
 Quot.sound]
'IUTThreeClosures.MersenneTotientDivisorConcentration20260901.ExactMoment.primeFactorHarmonicLogSum_isBigO_loglog' depends on axioms: [propext,
 Classical.choice,
 Quot.sound]
'IUTThreeClosures.MersenneTotientDivisorConcentration20260901.ExactMoment.primeFactorHarmonicLogSum_nonneg' depends on axioms: [propext,
 Classical.choice,
 Quot.sound]
'IUTThreeClosures.MersenneTotientDivisorConcentration20260901.ExactMoment.primeHarmonicLogCutoff_nonneg' depends on axioms: [propext,
 Classical.choice,
 Quot.sound]
'IUTThreeClosures.MersenneTotientDivisorConcentration20260901.ExactMoment.primeFactorHarmonicLogSum_isLittleO_log' depends on axioms: [propext,
 Classical.choice,
 Quot.sound]
'IUTThreeClosures.MersenneTotientDivisorConcentration20260901.ExactMoment.primeFactorDeficitMoment_nonneg' depends on axioms: [propext,
 Classical.choice,
 Quot.sound]
'IUTThreeClosures.MersenneTotientDivisorConcentration20260901.ExactMoment.primeFactorDeficitMoment_isBigO_loglog' depends on axioms: [propext,
 Classical.choice,
 Quot.sound]
'IUTThreeClosures.MersenneTotientDivisorConcentration20260901.ExactMoment.primeFactorDeficitMoment_isLittleO_log' depends on axioms: [propext,
 Classical.choice,
 Quot.sound]
'IUTThreeClosures.MersenneTotientDivisorConcentration20260901.ExactMoment.threshold_mul_weightedEvent_le_moment' depends on axioms: [propext,
 Classical.choice,
 Quot.sound]
'IUTThreeClosures.MersenneTotientDivisorConcentration20260901.ExactMoment.threshold_mul_weightedTail_le_moment' depends on axioms: [propext,
 Classical.choice,
 Quot.sound]
'IUTThreeClosures.MersenneTotientDivisorConcentration20260901.ExactMoment.threshold_mul_totientDivisorEvent_le_logDeficitMoment' depends on axioms: [propext,
 Classical.choice,
 Quot.sound]
'IUTThreeClosures.MersenneTotientDivisorConcentration20260901.ExactMoment.totientLogDeficitTailWeight_nonneg' depends on axioms: [propext,
 Classical.choice,
 Quot.sound]
'IUTThreeClosures.MersenneTotientDivisorConcentration20260901.ExactMoment.delta_log_mul_totientLogDeficitTailWeight_le' depends on axioms: [propext,
 Classical.choice,
 Quot.sound]
'IUTThreeClosures.MersenneTotientDivisorConcentration20260901.ExactMoment.totientLogDeficitMoment_eq_mul_primeFactorDeficitMoment' depends on axioms: [propext,
 Classical.choice,
 Quot.sound]
'IUTThreeClosures.MersenneTotientDivisorConcentration20260901.ExactMoment.totientLogDeficitTailWeight_isLittleO' depends on axioms: [propext,
 Classical.choice,
 Quot.sound]
'IUTThreeClosures.MersenneTotientDivisorConcentration20260901.ExactMoment.totientPowerSmallDivisorWeight_nonneg' depends on axioms: [propext,
 Classical.choice,
 Quot.sound]
'IUTThreeClosures.MersenneTotientDivisorConcentration20260901.ExactMoment.totientPowerSmallDivisorWeight_le_logTail' depends on axioms: [propext,
 Classical.choice,
 Quot.sound]
'IUTThreeClosures.MersenneTotientDivisorConcentration20260901.ExactMoment.totientPowerSmallDivisorWeight_isLittleO' depends on axioms: [propext,
 Classical.choice,
 Quot.sound]
'IUTThreeClosures.MersenneTotientDivisorConcentration20260901.ExactMoment.totientMovingLogDeficitTailWeight_eq_restrictedTotientDivisorMass' depends on axioms: [propext,
 Classical.choice,
 Quot.sound]
'IUTThreeClosures.MersenneTotientDivisorConcentration20260901.ExactMoment.totientMovingLogDeficitTailWeight_nonneg' depends on axioms: [propext,
 Classical.choice,
 Quot.sound]
'IUTThreeClosures.MersenneTotientDivisorConcentration20260901.ExactMoment.movingThreshold_mul_totientMovingLogDeficitTailWeight_le' depends on axioms: [propext,
 Classical.choice,
 Quot.sound]
'IUTThreeClosures.MersenneTotientDivisorConcentration20260901.ExactMoment.totientMovingLogDeficitTailWeight_isLittleO' depends on axioms: [propext,
 Classical.choice,
 Quot.sound]
'IUTThreeClosures.MersenneTotientDivisorConcentration20260901.ExactMoment.totientMovingLogDeficitTailWeight_loglog_sq_isLittleO' depends on axioms: [propext,
 Classical.choice,
 Quot.sound]
'IUTThreeClosures.MersenneTotientDivisorConcentration20260901.log_mersennePowerLoss_isLittleO_iff_movingLogDeficitExceptional' depends on axioms: [propext,
 Classical.choice,
 Quot.sound]
'IUTThreeClosures.MersenneTotientDivisorConcentration20260901.log_mersennePowerLoss_isLittleO_iff_loglogSquaredExceptional' depends on axioms: [propext,
 Classical.choice,
 Quot.sound]
'IUTThreeClosures.MersenneTotientDivisorConcentration20260901.totientLogDeficitSum_eq_exactMoment' depends on axioms: [propext,
 Classical.choice,
 Quot.sound]
'IUTThreeClosures.MersenneTotientDivisorConcentration20260901.totientLogDeficitSum_eq_mul_primeFactorDeficitMoment' depends on axioms: [propext,
 Classical.choice,
 Quot.sound]
'IUTThreeClosures.MersenneTotientDivisorConcentration20260901.card_divisors_two_pow' depends on axioms: [propext,
 Classical.choice,
 Quot.sound]
'IUTThreeClosures.MersenneTotientDivisorConcentration20260901.totient_two_pow_succ_ratio' depends on axioms: [propext,
 Classical.choice,
 Quot.sound]
'IUTThreeClosures.reconstruct_zeroAwareScaleCoordinate' depends on axioms: [propext, Classical.choice, Quot.sound]
'IUTThreeClosures.zeroAwareScaleCoordinate_injective' depends on axioms: [propext, Classical.choice, Quot.sound]
'IUTThreeClosures.zeroAwareScaleCoordinate_covariant' depends on axioms: [propext, Classical.choice, Quot.sound]
'IUTThreeClosures.refinedPrimeUnitSignature_injective' depends on axioms: [propext, Classical.choice, Quot.sound]
'IUTThreeClosures.refinedPrimeUnitSignature_covariant' depends on axioms: [propext, Classical.choice, Quot.sound]
'IUTThreeClosures.TupleFiniteEtalePacket.packetRefinedPrimeUnitSignature_injective' depends on axioms: [propext,
 Classical.choice,
 Quot.sound]
'IUTThreeClosures.TupleFiniteEtalePacket.allTuplePrimeUnitSignature_injective' depends on axioms: [propext,
 Classical.choice,
 Quot.sound]
EXIT_CODE: 0
