'IUTThreeClosures.ABCFlaggedCRTSurplusResidueCube20260904.feasibleSourceSubsets' depends on axioms: [propext,
 Classical.choice,
 Quot.sound]
'IUTThreeClosures.ABCFlaggedCRTSurplusResidueCube20260904.exists_maximalFeasibleSourceSubset' depends on axioms: [propext,
 Classical.choice,
 Quot.sound]
'IUTThreeClosures.ABCFlaggedCRTSurplusResidueCube20260904.freeTarget_residualMass_eq_scalar' depends on axioms: [propext,
 Classical.choice,
 Quot.sound]
'IUTThreeClosures.ABCFlaggedCRTSurplusResidueCube20260904.ProperSubfaceFlag' depends on axioms: [propext, Quot.sound]
'IUTThreeClosures.ABCFlaggedCRTSurplusResidueCube20260904.ProperSubfaceFlag.witness_ssubset' depends on axioms: [propext,
 Quot.sound]
'IUTThreeClosures.ABCFlaggedCRTSurplusResidueCube20260904.ProperSubfaceFlag.witnessMass' depends on axioms: [propext,
 Classical.choice,
 Quot.sound]
'IUTThreeClosures.ABCFlaggedCRTSurplusResidueCube20260904.ownedMass' depends on axioms: [propext,
 Classical.choice,
 Quot.sound]
'IUTThreeClosures.ABCFlaggedCRTSurplusResidueCube20260904.sum_ownedMass_le_total' depends on axioms: [propext,
 Classical.choice,
 Quot.sound]
'IUTThreeClosures.ABCFlaggedCRTSurplusResidueCube20260904.clippedResidual' depends on axioms: [propext,
 Classical.choice,
 Quot.sound]
'IUTThreeClosures.ABCFlaggedCRTSurplusResidueCube20260904.sourceWeight_le_credit_add_clippedResidual' depends on axioms: [propext,
 Classical.choice,
 Quot.sound]
'IUTThreeClosures.ABCFlaggedCRTSurplusResidueCube20260904.OwnedFlaggedConfiguration' depends on axioms: [propext,
 Classical.choice,
 Quot.sound]
'IUTThreeClosures.ABCFlaggedCRTSurplusResidueCube20260904.OwnedFlaggedConfiguration.sourceCredit' depends on axioms: [propext,
 Classical.choice,
 Quot.sound]
'IUTThreeClosures.ABCFlaggedCRTSurplusResidueCube20260904.OwnedFlaggedConfiguration.residual' depends on axioms: [propext,
 Classical.choice,
 Quot.sound]
'IUTThreeClosures.ABCFlaggedCRTSurplusResidueCube20260904.OwnedFlaggedConfiguration.boundary' depends on axioms: [propext,
 Classical.choice,
 Quot.sound]
'IUTThreeClosures.ABCFlaggedCRTSurplusResidueCube20260904.OwnedFlaggedConfiguration.sourceMass' depends on axioms: [propext,
 Classical.choice,
 Quot.sound]
'IUTThreeClosures.ABCFlaggedCRTSurplusResidueCube20260904.OwnedFlaggedConfiguration.sinkMass' depends on axioms: [propext,
 Classical.choice,
 Quot.sound]
'IUTThreeClosures.ABCFlaggedCRTSurplusResidueCube20260904.OwnedFlaggedConfiguration.totalSourceCredit_le_sink_add_reuse' depends on axioms: [propext,
 Classical.choice,
 Quot.sound]
'IUTThreeClosures.ABCFlaggedCRTSurplusResidueCube20260904.OwnedFlaggedConfiguration.totalReuse_le_totalSurplus' depends on axioms: [propext,
 Classical.choice,
 Quot.sound]
'IUTThreeClosures.ABCFlaggedCRTSurplusResidueCube20260904.OwnedFlaggedConfiguration.sourceMass_sub_sinkMass_le_boundary' depends on axioms: [propext,
 Classical.choice,
 Quot.sound]
'IUTThreeClosures.ABCFlaggedCRTSurplusResidueCube20260904.FlaggedSurplusCertificate' depends on axioms: [propext,
 Classical.choice,
 Quot.sound]
'IUTThreeClosures.ABCFlaggedCRTSurplusResidueCube20260904.FlaggedSurplusCertificate.sourceMass' depends on axioms: [propext,
 Classical.choice,
 Quot.sound]
'IUTThreeClosures.ABCFlaggedCRTSurplusResidueCube20260904.FlaggedSurplusCertificate.sinkMass' depends on axioms: [propext,
 Classical.choice,
 Quot.sound]
'IUTThreeClosures.ABCFlaggedCRTSurplusResidueCube20260904.FlaggedSurplusCertificate.boundary' depends on axioms: [propext,
 Classical.choice,
 Quot.sound]
'IUTThreeClosures.ABCFlaggedCRTSurplusResidueCube20260904.FlaggedSurplusCertificate.boundary_nonneg' depends on axioms: [propext,
 Classical.choice,
 Quot.sound]
'IUTThreeClosures.ABCFlaggedCRTSurplusResidueCube20260904.FlaggedSurplusCertificate.totalReuse_le_totalSurplus' depends on axioms: [propext,
 Classical.choice,
 Quot.sound]
'IUTThreeClosures.ABCFlaggedCRTSurplusResidueCube20260904.FlaggedSurplusCertificate.totalReuse_le_totalWitness' depends on axioms: [propext,
 Classical.choice,
 Quot.sound]
'IUTThreeClosures.ABCFlaggedCRTSurplusResidueCube20260904.FlaggedSurplusCertificate.sourceMass_sub_sinkMass_le_boundary' depends on axioms: [propext,
 Classical.choice,
 Quot.sound]
'IUTThreeClosures.ABCFlaggedCRTSurplusResidueCube20260904.EndpointFlaggedCertificate' depends on axioms: [propext,
 Classical.choice,
 Quot.sound]
'IUTThreeClosures.ABCFlaggedCRTSurplusResidueCube20260904.height_le_conductor_add_flaggedBoundary' depends on axioms: [propext,
 Classical.choice,
 Quot.sound]
'IUTThreeClosures.ABCFlaggedCRTSurplusResidueCube20260904.EndpointFlaggedAdmissibility' depends on axioms: [propext,
 Classical.choice,
 Quot.sound]
'IUTThreeClosures.ABCFlaggedCRTSurplusResidueCube20260904.UniformAdmissibleFlaggedCRTBoundary' depends on axioms: [propext,
 Classical.choice,
 Quot.sound]
'IUTThreeClosures.ABCFlaggedCRTSurplusResidueCube20260904.abc_of_uniformAdmissibleFlaggedCRTBoundary' depends on axioms: [propext,
 Classical.choice,
 Quot.sound]
'IUTThreeClosures.ABCFlaggedCRTSurplusResidueCube20260904.packetLabel' depends on axioms: [propext, Quot.sound]
'IUTThreeClosures.ABCFlaggedCRTSurplusResidueCube20260904.IsCompatiblePacket' depends on axioms: [propext, Quot.sound]
'IUTThreeClosures.ABCFlaggedCRTSurplusResidueCube20260904.packetLabel_add_compl' depends on axioms: [propext,
 Classical.choice,
 Quot.sound]
'IUTThreeClosures.ABCFlaggedCRTSurplusResidueCube20260904.compatible_iff_compl_zero' depends on axioms: [propext,
 Classical.choice,
 Quot.sound]
'IUTThreeClosures.ABCFlaggedCRTSurplusResidueCube20260904.packetLabel_inter_add_sdiff' depends on axioms: [propext,
 Classical.choice,
 Quot.sound]
'IUTThreeClosures.ABCFlaggedCRTSurplusResidueCube20260904.packetLabel_sdiff_eq_of_eq' depends on axioms: [propext,
 Classical.choice,
 Quot.sound]
'IUTThreeClosures.ABCFlaggedCRTSurplusResidueCube20260904.compatiblePacket_sdiff_eq' depends on axioms: [propext,
 Classical.choice,
 Quot.sound]
'IUTThreeClosures.ABCFlaggedCRTSurplusResidueCube20260904.witness675_sum' depends on axioms: [propext]
'IUTThreeClosures.ABCFlaggedCRTSurplusResidueCube20260904.witness675_factor_b' depends on axioms: [propext]
'IUTThreeClosures.ABCFlaggedCRTSurplusResidueCube20260904.witness675_factor_c' depends on axioms: [propext]
'IUTThreeClosures.ABCFlaggedCRTSurplusResidueCube20260904.witness675_threeFace_for_two' depends on axioms: [propext]
'IUTThreeClosures.ABCFlaggedCRTSurplusResidueCube20260904.witness675_fiveFace_not_for_two' depends on axioms: [propext]
'IUTThreeClosures.ABCFlaggedCRTSurplusResidueCube20260904.witness675_threeFace_not_for_thirteen' depends on axioms: [propext]
'IUTThreeClosures.ABCFlaggedCRTSurplusResidueCube20260904.witness675_fiveFace_not_for_thirteen' depends on axioms: [propext]
'IUTThreeClosures.ABCFlaggedCRTSurplusResidueCube20260904.witness675_fullFace_for_both' depends on axioms: [propext]
'IUTThreeClosures.ABCFlaggedCRTSurplusResidueCube20260904.witness675_reuseCap_is_surplus' depends on axioms: [propext,
 Classical.choice,
 Quot.sound]
'IUTThreeClosures.ABCFlaggedCRTSurplusResidueCube20260904.witness675_flaggedBoundary_eq_scalarDefect' depends on axioms: [propext,
 Classical.choice,
 Quot.sound]
'IUTThreeClosures.ABCFlaggedCRTSurplusResidueCube20260904.witness224_sum' depends on axioms: [propext]
'IUTThreeClosures.ABCFlaggedCRTSurplusResidueCube20260904.witness224_factor_b' depends on axioms: [propext]
'IUTThreeClosures.ABCFlaggedCRTSurplusResidueCube20260904.witness224_factor_c' depends on axioms: [propext]
'IUTThreeClosures.ABCFlaggedCRTSurplusResidueCube20260904.witness224_twoFace_not_for_three' depends on axioms: [propext]
'IUTThreeClosures.ABCFlaggedCRTSurplusResidueCube20260904.witness224_sevenFace_not_for_three' depends on axioms: [propext]
'IUTThreeClosures.ABCFlaggedCRTSurplusResidueCube20260904.witness224_twoFace_not_for_five' depends on axioms: [propext]
'IUTThreeClosures.ABCFlaggedCRTSurplusResidueCube20260904.witness224_sevenFace_not_for_five' depends on axioms: [propext]
'IUTThreeClosures.ABCFlaggedCRTSurplusResidueCube20260904.witness224_fullFace_for_both' depends on axioms: [propext]
'IUTThreeClosures.ABCFlaggedCRTSurplusResidueCube20260904.witness224_boundary_strictly_above_scalarDefect' depends on axioms: [propext,
 Classical.choice,
 Quot.sound]
'IUTThreeClosures.ABCFlaggedCRTSurplusResidueCube20260904.witness65025_sum' depends on axioms: [propext]
'IUTThreeClosures.ABCFlaggedCRTSurplusResidueCube20260904.witness65025_factor_b' depends on axioms: [propext]
'IUTThreeClosures.ABCFlaggedCRTSurplusResidueCube20260904.witness65025_factor_c' depends on axioms: [propext]
'IUTThreeClosures.ABCFlaggedCRTSurplusResidueCube20260904.witness65025_twoFace_for_three' depends on axioms: [propext]
'IUTThreeClosures.ABCFlaggedCRTSurplusResidueCube20260904.witness65025_twoFace_not_for_five' depends on axioms: [propext]
'IUTThreeClosures.ABCFlaggedCRTSurplusResidueCube20260904.witness65025_twoFace_not_for_seventeen' depends on axioms: [propext]
'IUTThreeClosures.ABCFlaggedCRTSurplusResidueCube20260904.witness65025_127Face_not_for_three' depends on axioms: [propext]
'IUTThreeClosures.ABCFlaggedCRTSurplusResidueCube20260904.witness65025_127Face_not_for_five' depends on axioms: [propext]
'IUTThreeClosures.ABCFlaggedCRTSurplusResidueCube20260904.witness65025_127Face_not_for_seventeen' depends on axioms: [propext]
'IUTThreeClosures.ABCFlaggedCRTSurplusResidueCube20260904.witness65025_fullFace_for_all' depends on axioms: [propext]
'IUTThreeClosures.ABCFlaggedCRTSurplusResidueCube20260904.witness65025_reuseCap_is_witness' depends on axioms: [propext,
 Classical.choice,
 Quot.sound]
'IUTThreeClosures.ABCFlaggedCRTSurplusResidueCube20260904.witness65025_fourBoundaryLevels_strict' depends on axioms: [propext,
 Classical.choice,
 Quot.sound]
