'IUTThreeClosures.ABCAnchoredPrefixFlaggedCRT20260904.anchoredCodeFibreAvoidance' depends on axioms: [propext,
 Classical.choice,
 Quot.sound]
'IUTThreeClosures.ABCAnchoredPrefixFlaggedCRT20260904.prefixLabel' depends on axioms: [propext,
 Classical.choice,
 Quot.sound]
'IUTThreeClosures.ABCAnchoredPrefixFlaggedCRT20260904.intervalLabel' depends on axioms: [propext,
 Classical.choice,
 Quot.sound]
'IUTThreeClosures.ABCAnchoredPrefixFlaggedCRT20260904.intervalLabel_eq_zero_of_prefix_eq' depends on axioms: [propext,
 Classical.choice,
 Quot.sound]
'IUTThreeClosures.ABCAnchoredPrefixFlaggedCRT20260904.exists_zeroInterval_avoiding_forbidden' depends on axioms: [propext,
 Classical.choice,
 Quot.sound]
'IUTThreeClosures.ABCAnchoredPrefixFlaggedCRT20260904.zeroDeletion_gives_compatibleProperFace' depends on axioms: [propext,
 Classical.choice,
 Quot.sound]
'IUTThreeClosures.ABCAnchoredPrefixFlaggedCRT20260904.compatibleProperFace_gives_zeroDeletion' depends on axioms: [propext,
 Classical.choice,
 Quot.sound]
'IUTThreeClosures.ABCAnchoredPrefixFlaggedCRT20260904.reuseCredit_lower_bound_of_deletion_le' depends on axioms: [propext,
 Classical.choice,
 Quot.sound]
'IUTThreeClosures.ABCAnchoredPrefixFlaggedCRT20260904.reuseCredit_eq_surplus_of_deletion_le_source' depends on axioms: [propext,
 Classical.choice,
 Quot.sound]
'IUTThreeClosures.ABCAnchoredPrefixFlaggedCRT20260904.fullSurplus_targetResidual_eq_scalarDefect' depends on axioms: [propext,
 Classical.choice,
 Quot.sound]
'IUTThreeClosures.ABCAnchoredPrefixFlaggedCRT20260904.witness4715_sum' depends on axioms: [propext]
'IUTThreeClosures.ABCAnchoredPrefixFlaggedCRT20260904.witness4715_factor_b' depends on axioms: [propext]
'IUTThreeClosures.ABCAnchoredPrefixFlaggedCRT20260904.witness4715_factor_c' depends on axioms: [propext]
'IUTThreeClosures.ABCAnchoredPrefixFlaggedCRT20260904.witness4715_sink_primes' depends on axioms: [propext,
 Classical.choice,
 Quot.sound]
'IUTThreeClosures.ABCAnchoredPrefixFlaggedCRT20260904.witness4715_source_primes' depends on axioms: [propext,
 Classical.choice,
 Quot.sound]
'IUTThreeClosures.ABCAnchoredPrefixFlaggedCRT20260904.witness4715_primitive' depends on axioms: [propext, Quot.sound]
'IUTThreeClosures.ABCAnchoredPrefixFlaggedCRT20260904.witness4715_source_three' depends on axioms: [propext]
'IUTThreeClosures.ABCAnchoredPrefixFlaggedCRT20260904.witness4715_block_source_two' depends on axioms: [propext]
'IUTThreeClosures.ABCAnchoredPrefixFlaggedCRT20260904.witness4715_unit_group_card' depends on axioms: [propext,
 Classical.choice,
 Quot.sound]
'IUTThreeClosures.ABCAnchoredPrefixFlaggedCRT20260904.witness4715_boolean_count_exceeds_unit_group' depends on axioms: [propext,
 Classical.choice,
 Quot.sound]
'IUTThreeClosures.ABCAnchoredPrefixFlaggedCRT20260904.witness4715SinkPrime' depends on axioms: [propext]
'IUTThreeClosures.ABCAnchoredPrefixFlaggedCRT20260904.witness4715PacketArm' depends on axioms: [propext, Quot.sound]
'IUTThreeClosures.ABCAnchoredPrefixFlaggedCRT20260904.witness4715_fullPacketArm' depends on axioms: [propext,
 Classical.choice,
 Quot.sound]
'IUTThreeClosures.ABCAnchoredPrefixFlaggedCRT20260904.witness4715_no_nonemptyProperPacket_for_three' depends on axioms: [propext,
 Classical.choice,
 Quot.sound]
'IUTThreeClosures.ABCAnchoredPrefixFlaggedCRT20260904.witness4715_no_targetFlag_for_three' depends on axioms: [propext,
 Classical.choice,
 Quot.sound]
'IUTThreeClosures.ABCAnchoredPrefixFlaggedCRT20260904.witness4715_fullPacket_for_three' depends on axioms: [propext,
 Classical.choice,
 Quot.sound]
'IUTThreeClosures.ABCAnchoredPrefixFlaggedCRT20260904.witness4715_each_sink_inverse_is_two_mod_nine' depends on axioms: [propext,
 Classical.choice,
 Quot.sound]
'IUTThreeClosures.ABCAnchoredPrefixFlaggedCRT20260904.witness4715_fullBlock_saturated' depends on axioms: [propext,
 Classical.choice,
 Quot.sound]
