'IUTThreeClosures.ABCFlaggedCRTSurplusResidueCube20260904IndependentBridge.ownedMass_nonneg' depends on axioms: [propext,
 Classical.choice,
 Quot.sound]
'IUTThreeClosures.ABCFlaggedCRTSurplusResidueCube20260904IndependentBridge.sub_min_eq_clippedResidual' depends on axioms: [propext,
 Classical.choice,
 Quot.sound]
'IUTThreeClosures.ABCFlaggedCRTSurplusResidueCube20260904IndependentBridge.tautologicalEndpointCertificate' depends on axioms: [propext,
 Classical.choice,
 Quot.sound]
'IUTThreeClosures.ABCFlaggedCRTSurplusResidueCube20260904IndependentBridge.ownedSourceCredit_nonneg' depends on axioms: [propext,
 Classical.choice,
 Quot.sound]
'IUTThreeClosures.ABCFlaggedCRTSurplusResidueCube20260904IndependentBridge.cappedSourceCredit' depends on axioms: [propext,
 Classical.choice,
 Quot.sound]
'IUTThreeClosures.ABCFlaggedCRTSurplusResidueCube20260904IndependentBridge.cappedSourceCredit_nonneg' depends on axioms: [propext,
 Classical.choice,
 Quot.sound]
'IUTThreeClosures.ABCFlaggedCRTSurplusResidueCube20260904IndependentBridge.cappedSourceCredit_le_sourceWeight' depends on axioms: [propext,
 Classical.choice,
 Quot.sound]
'IUTThreeClosures.ABCFlaggedCRTSurplusResidueCube20260904IndependentBridge.cappedSourceCredit_le_sourceCredit' depends on axioms: [propext,
 Classical.choice,
 Quot.sound]
'IUTThreeClosures.ABCFlaggedCRTSurplusResidueCube20260904IndependentBridge.toFlaggedSurplusCertificate' depends on axioms: [propext,
 Classical.choice,
 Quot.sound]
'IUTThreeClosures.ABCFlaggedCRTSurplusResidueCube20260904IndependentBridge.toFlaggedSurplusCertificate_sourceMass' depends on axioms: [propext,
 Classical.choice,
 Quot.sound]
'IUTThreeClosures.ABCFlaggedCRTSurplusResidueCube20260904IndependentBridge.toFlaggedSurplusCertificate_sinkMass' depends on axioms: [propext,
 Classical.choice,
 Quot.sound]
'IUTThreeClosures.ABCFlaggedCRTSurplusResidueCube20260904IndependentBridge.toFlaggedSurplusCertificate_boundary' depends on axioms: [propext,
 Classical.choice,
 Quot.sound]
'IUTThreeClosures.ABCFlaggedCRTSurplusResidueCube20260904IndependentBridge.owner_massBridge_via_aggregate' depends on axioms: [propext,
 Classical.choice,
 Quot.sound]
'IUTThreeClosures.ABCFlaggedCRTSurplusResidueCube20260904IndependentBridge.endpointCertificateOfAggregate' depends on axioms: [propext,
 Classical.choice,
 Quot.sound]
'IUTThreeClosures.ABCFlaggedCRTSurplusResidueCube20260904IndependentBridge.endpointCertificateOfAggregate_boundary' depends on axioms: [propext,
 Classical.choice,
 Quot.sound]
'IUTThreeClosures.ABCFlaggedCRTSurplusResidueCube20260904IndependentBridge.endpointCertificateOfOwned' depends on axioms: [propext,
 Classical.choice,
 Quot.sound]
'IUTThreeClosures.ABCFlaggedCRTSurplusResidueCube20260904IndependentBridge.endpointCertificateOfOwned_boundary' depends on axioms: [propext,
 Classical.choice,
 Quot.sound]
'IUTThreeClosures.ABCFlaggedCRTSurplusResidueCube20260904IndependentBridge.height_le_conductor_add_ownedBoundary' depends on axioms: [propext,
 Classical.choice,
 Quot.sound]
