{
  "abc_hits": 419,
  "max_c": 100000,
  "maximum_quality": {
    "a": 1,
    "b": 4374,
    "c": 4375,
    "epsilon_excesses": {
      "1/10": {
        "positive_exactly_iff_c_pow_den_gt_radical_pow_den_plus_num": true,
        "value": "2.501843515002499254937941697792853681665245693019210098259828"
      },
      "1/100": {
        "positive_exactly_iff_c_pow_den_gt_radical_pow_den_plus_num": true,
        "value": "2.983083192767071436184614746947359949434956602862214623720295"
      },
      "1/2": {
        "positive_exactly_iff_c_pow_den_gt_radical_pow_den_plus_num": true,
        "value": "0.363000502715511782730505923772825824910974982605856651768863"
      },
      "1/20": {
        "positive_exactly_iff_c_pow_den_gt_radical_pow_den_plus_num": true,
        "value": "2.769198891538372688963871169545357163759529531820879279071199"
      },
      "1/4": {
        "positive_exactly_iff_c_pow_den_gt_radical_pow_den_plus_num": true,
        "value": "1.699777385394878952860153282535343235382394176614202555825716"
      }
    },
    "factorizations": {
      "a": {},
      "b": {
        "2": 1,
        "3": 7
      },
      "c": {
        "5": 4,
        "7": 1
      }
    },
    "quality_log_c_over_log_radical": "1.567887264400460784583677657062804683061721857306058700944279",
    "rad_a": 1,
    "rad_b": 6,
    "rad_c": 35,
    "radical_abc": 210
  },
  "positive_fixed_epsilon_counts": {
    "1/10": 152,
    "1/100": 370,
    "1/2": 2,
    "1/20": 240,
    "1/4": 30
  },
  "primitive_triples": 1519825376,
  "status": "PASS"
}
