{
  "family_row_counts": {
    "balanced_two_prime_r_1_12": 12,
    "balancing_pell_square_n_1_14": 14,
    "danilov_hall_orbit_t_0_fully_factored": 1,
    "mersenne_neighbour_n_2_40": 39,
    "named_exact_benchmark_singleton": 1,
    "prime_square_endpoint_p_le_100000": 9592,
    "primitive_pythagorean_squares_m_le_1000": 202861,
    "two_plus_fifteen_power_neighbour_n_1_8": 8,
    "two_power_plus_three_k_0_36": 37
  },
  "status": "PASS",
  "strongest": {
    "a": 2,
    "b": 6436341,
    "c": 6436343,
    "epsilon_excesses": {
      "1/10": {
        "positive_exact_power_comparison": true,
        "value": "5.097009355520765222837562852410870545763609694622839948971405"
      },
      "1/100": {
        "positive_exact_power_comparison": true,
        "value": "5.962683496585536578117252050226879549563924484770240393055005"
      },
      "1/2": {
        "positive_exact_power_comparison": true,
        "value": "1.249568728566225866038944195450830528873321738412171308599852"
      },
      "1/20": {
        "positive_exact_power_comparison": true,
        "value": "5.577939433890082642437390184530875547874895689149173529017849"
      },
      "1/4": {
        "positive_exact_power_comparison": true,
        "value": "3.654219120412812964038080856050855539429751711043839208832073"
      }
    },
    "factorizations": {
      "a": {
        "2": 1
      },
      "b": {
        "109": 1,
        "3": 10
      },
      "c": {
        "23": 5
      }
    },
    "family": "named_high_quality_benchmark",
    "parameters": {
      "instance": 1
    },
    "quality_log_c_over_log_radical": "1.629911684127048184630860054535604882258701066736290987863167",
    "rad_a": 2,
    "rad_b": 327,
    "rad_c": 23,
    "radical_abc": 15042
  }
}
