'IUTThreeClosures.ABCCanonicalGainSurface20260903.canonicalProduct' does not depend on any axioms
'IUTThreeClosures.ABCCanonicalGainSurface20260903.canonicalApproximationGain' depends on axioms: [propext,
 Classical.choice,
 Quot.sound]
'IUTThreeClosures.ABCCanonicalGainSurface20260903.canonicalPowerGain' depends on axioms: [propext,
 Classical.choice,
 Quot.sound]
'IUTThreeClosures.ABCCanonicalGainSurface20260903.canonicalPowerExcess' depends on axioms: [propext,
 Classical.choice,
 Quot.sound]
'IUTThreeClosures.ABCCanonicalGainSurface20260903.canonicalApproximationSlack' depends on axioms: [propext,
 Classical.choice,
 Quot.sound]
'IUTThreeClosures.ABCCanonicalGainSurface20260903.PrimitiveABC.one_lt_canonicalProduct' depends on axioms: [propext,
 Quot.sound]
'IUTThreeClosures.ABCCanonicalGainSurface20260903.PrimitiveABC.c_sq_lt_canonicalProduct' depends on axioms: [propext,
 Quot.sound]
'IUTThreeClosures.ABCCanonicalGainSurface20260903.PrimitiveABC.canonicalProduct_lt_c_cube' depends on axioms: [propext,
 Classical.choice,
 Quot.sound]
'IUTThreeClosures.ABCCanonicalGainSurface20260903.PrimitiveABC.log_c_pos' depends on axioms: [propext,
 Classical.choice,
 Quot.sound]
'IUTThreeClosures.ABCCanonicalGainSurface20260903.PrimitiveABC.log_canonicalProduct_pos' depends on axioms: [propext,
 Classical.choice,
 Quot.sound]
'IUTThreeClosures.ABCCanonicalGainSurface20260903.PrimitiveABC.log_abcRadical_pos' depends on axioms: [propext,
 Classical.choice,
 Quot.sound]
'IUTThreeClosures.ABCCanonicalGainSurface20260903.PrimitiveABC.two_log_c_lt_log_canonicalProduct' depends on axioms: [propext,
 Classical.choice,
 Quot.sound]
'IUTThreeClosures.ABCCanonicalGainSurface20260903.PrimitiveABC.log_canonicalProduct_lt_three_log_c' depends on axioms: [propext,
 Classical.choice,
 Quot.sound]
'IUTThreeClosures.ABCCanonicalGainSurface20260903.PrimitiveABC.standardQuality_eq_gainProduct' depends on axioms: [propext,
 Classical.choice,
 Quot.sound]
'IUTThreeClosures.ABCCanonicalGainSurface20260903.PrimitiveABC.canonicalApproximationGain_lt_one_half' depends on axioms: [propext,
 Classical.choice,
 Quot.sound]
'IUTThreeClosures.ABCCanonicalGainSurface20260903.PrimitiveABC.one_third_lt_canonicalApproximationGain' depends on axioms: [propext,
 Classical.choice,
 Quot.sound]
'IUTThreeClosures.ABCCanonicalGainSurface20260903.PrimitiveABC.canonicalPowerGain_pos' depends on axioms: [propext,
 Classical.choice,
 Quot.sound]
'IUTThreeClosures.ABCCanonicalGainSurface20260903.PrimitiveABC.standardQuality_lt_half_powerGain' depends on axioms: [propext,
 Classical.choice,
 Quot.sound]
'IUTThreeClosures.ABCCanonicalGainSurface20260903.PrimitiveABC.one_third_powerGain_lt_standardQuality' depends on axioms: [propext,
 Classical.choice,
 Quot.sound]
'IUTThreeClosures.ABCCanonicalGainSurface20260903.PrimitiveABC.powerGain_gt_two_mul_of_transgression' depends on axioms: [propext,
 Classical.choice,
 Quot.sound]
'IUTThreeClosures.ABCCanonicalGainSurface20260903.PrimitiveABC.quality_lt_one_add_of_powerGain_le' depends on axioms: [propext,
 Classical.choice,
 Quot.sound]
'IUTThreeClosures.ABCCanonicalGainSurface20260903.PrimitiveABC.standardQuality_eq_one_add_powerExcess_sub_slack' depends on axioms: [propext,
 Classical.choice,
 Quot.sound]
'IUTThreeClosures.ABCCanonicalGainSurface20260903.PrimitiveABC.logarithmicABC_iff_defectBarrier' depends on axioms: [propext,
 Classical.choice,
 Quot.sound]
'IUTThreeClosures.ABCCanonicalGainSurface20260903.AdditiveScaleCocycle' depends on axioms: [propext,
 Classical.choice,
 Quot.sound]
'IUTThreeClosures.ABCCanonicalGainSurface20260903.endpointDifferenceCocycle' depends on axioms: [propext,
 Classical.choice,
 Quot.sound]
'IUTThreeClosures.ABCCanonicalGainSurface20260903.endpointDifferenceCocycle_apply' depends on axioms: [propext,
 Classical.choice,
 Quot.sound]
'IUTThreeClosures.ABCCanonicalGainSurface20260903.ratioTransition' depends on axioms: [propext,
 Classical.choice,
 Quot.sound]
'IUTThreeClosures.ABCCanonicalGainSurface20260903.ratioTransition_self' depends on axioms: [propext,
 Classical.choice,
 Quot.sound]
'IUTThreeClosures.ABCCanonicalGainSurface20260903.ratioTransition_comp' depends on axioms: [propext,
 Classical.choice,
 Quot.sound]
'IUTThreeClosures.ABCCanonicalGainSurface20260903.defectFlagTotal' depends on axioms: [propext,
 Classical.choice,
 Quot.sound]
'IUTThreeClosures.ABCCanonicalGainSurface20260903.defectFlagEndpoint' depends on axioms: [propext,
 Classical.choice,
 Quot.sound]
'IUTThreeClosures.ABCCanonicalGainSurface20260903.defectFlagTotal_eq_endpoint_sub_base' depends on axioms: [propext,
 Classical.choice,
 Quot.sound]
'IUTThreeClosures.ABCCanonicalGainSurface20260903.defectFlagBudget_iff_heightBound' depends on axioms: [propext,
 Classical.choice,
 Quot.sound]
'IUTThreeClosures.ABCCanonicalGainSurface20260903.defectFlagBudget_of_total_le_sum' depends on axioms: [propext,
 Classical.choice,
 Quot.sound]
'IUTThreeClosures.ABCCanonicalGainSurface20260903.UniformDefectFlagBudget' depends on axioms: [propext,
 Classical.choice,
 Quot.sound]
'IUTThreeClosures.ABCCanonicalGainSurface20260903.uniformDefectFlagBudget_iff_ABCConjecture' depends on axioms: [propext,
 Classical.choice,
 Quot.sound]
'IUTThreeClosures.ABCCanonicalGainSurface20260903.independentGainBounds_do_not_force_threeHalves' depends on axioms: [propext,
 Classical.choice,
 Quot.sound]
'IUTThreeClosures.ABCCanonicalGainSurface20260903.powerThreeCounterexample' depends on axioms: [propext,
 Classical.choice,
 Quot.sound]
'IUTThreeClosures.ABCCanonicalGainSurface20260903.powerThreeCounterexample_product' depends on axioms: [propext,
 Classical.choice,
 Quot.sound]
'IUTThreeClosures.ABCCanonicalGainSurface20260903.powerThreeCounterexample_radical' depends on axioms: [propext,
 Classical.choice,
 Quot.sound]
'IUTThreeClosures.ABCCanonicalGainSurface20260903.powerThreeCounterexample_powerGain_gt_three' depends on axioms: [propext,
 Classical.choice,
 Quot.sound]
