'IUTThreeClosures.ABCSynchronizedDivisorPackets20260903.PrimitiveABC.coprime_ac' depends on axioms: [propext,
 Quot.sound]
'IUTThreeClosures.ABCSynchronizedDivisorPackets20260903.PrimitiveABC.coprime_bc' depends on axioms: [propext,
 Quot.sound]
'IUTThreeClosures.ABCSynchronizedDivisorPackets20260903.PrimitiveABC.c_pos' depends on axioms: [propext, Quot.sound]
'IUTThreeClosures.ABCSynchronizedDivisorPackets20260903.PrimitiveABC.a_lt_c' depends on axioms: [propext, Quot.sound]
'IUTThreeClosures.ABCSynchronizedDivisorPackets20260903.PrimitiveABC.b_lt_c' depends on axioms: [propext, Quot.sound]
'IUTThreeClosures.ABCSynchronizedDivisorPackets20260903.PrimitiveABC.c_lt_mul_ab' depends on axioms: [propext,
 Quot.sound]
'IUTThreeClosures.ABCSynchronizedDivisorPackets20260903.squareGap_comm' depends on axioms: [propext]
'IUTThreeClosures.ABCSynchronizedDivisorPackets20260903.squareGap_pos' depends on axioms: [propext]
'IUTThreeClosures.ABCSynchronizedDivisorPackets20260903.squareGap_le_max_sq' depends on axioms: [propext]
'IUTThreeClosures.ABCSynchronizedDivisorPackets20260903.squareGap_of_le' depends on axioms: [propext]
'IUTThreeClosures.ABCSynchronizedDivisorPackets20260903.SynchronizedPacket.ext' depends on axioms: [propext]
'IUTThreeClosures.ABCSynchronizedDivisorPackets20260903.SynchronizedPacket.coprime_xy' depends on axioms: [propext,
 Quot.sound]
'IUTThreeClosures.ABCSynchronizedDivisorPackets20260903.SynchronizedPacket.coprime_xz' depends on axioms: [propext,
 Quot.sound]
'IUTThreeClosures.ABCSynchronizedDivisorPackets20260903.SynchronizedPacket.coprime_yz' depends on axioms: [propext,
 Quot.sound]
'IUTThreeClosures.ABCSynchronizedDivisorPackets20260903.SynchronizedPacket.x_ne_y' depends on axioms: [propext,
 Quot.sound]
'IUTThreeClosures.ABCSynchronizedDivisorPackets20260903.SynchronizedPacket.x_ne_z' depends on axioms: [propext,
 Quot.sound]
'IUTThreeClosures.ABCSynchronizedDivisorPackets20260903.SynchronizedPacket.y_ne_z' depends on axioms: [propext,
 Quot.sound]
'IUTThreeClosures.ABCSynchronizedDivisorPackets20260903.SynchronizedPacket.modulusProduct_dvd_gapProduct' depends on axioms: [propext]
'IUTThreeClosures.ABCSynchronizedDivisorPackets20260903.SynchronizedPacket.gapProduct_pos' depends on axioms: [propext,
 Quot.sound]
'IUTThreeClosures.ABCSynchronizedDivisorPackets20260903.SynchronizedPacket.modulusProduct_le_gapProduct' depends on axioms: [propext,
 Quot.sound]
'IUTThreeClosures.ABCSynchronizedDivisorPackets20260903.SynchronizedPacket.gapProduct_le_pairMaxBound' depends on axioms: [propext]
'IUTThreeClosures.ABCSynchronizedDivisorPackets20260903.SynchronizedPacket.pairMax_le_height' depends on axioms: [propext]
'IUTThreeClosures.ABCSynchronizedDivisorPackets20260903.SynchronizedPacket.pairMaxBound_le_height_pow_six' depends on axioms: [propext]
'IUTThreeClosures.ABCSynchronizedDivisorPackets20260903.SynchronizedPacket.modulusProduct_le_pairMaxBound' depends on axioms: [propext,
 Quot.sound]
'IUTThreeClosures.ABCSynchronizedDivisorPackets20260903.SynchronizedPacket.modulusProduct_le_height_pow_six' depends on axioms: [propext,
 Quot.sound]
'IUTThreeClosures.ABCSynchronizedDivisorPackets20260903.SynchronizedPacket.synchronizationIndex_pos' depends on axioms: [propext,
 Quot.sound]
'IUTThreeClosures.ABCSynchronizedDivisorPackets20260903.SynchronizedPacket.modulusProduct_mul_synchronizationIndex' depends on axioms: [propext]
'IUTThreeClosures.ABCSynchronizedDivisorPackets20260903.SynchronizedPacket.synchronizationIndex_eq_one_iff' depends on axioms: [propext,
 Quot.sound]
'IUTThreeClosures.ABCSynchronizedDivisorPackets20260903.SynchronizedPacket.exactGaps_of_synchronizationIndex_eq_one' depends on axioms: [propext,
 Quot.sound]
'IUTThreeClosures.ABCSynchronizedDivisorPackets20260903.SynchronizedPacket.synchronizationIndex_eq_one_of_exactGaps' depends on axioms: [propext,
 Quot.sound]
'IUTThreeClosures.ABCSynchronizedDivisorPackets20260903.SynchronizedPacket.synchronizationIndex_eq_one_iff_exactGaps' depends on axioms: [propext,
 Quot.sound]
'IUTThreeClosures.ABCSynchronizedDivisorPackets20260903.SynchronizedPacket.coordinate_bounds' depends on axioms: [propext,
 Quot.sound]
'IUTThreeClosures.ABCSynchronizedDivisorPackets20260903.SynchronizedPacket.canonicalOrientation_rigid' depends on axioms: [propext,
 Classical.choice,
 Quot.sound]
'IUTThreeClosures.ABCSynchronizedDivisorPackets20260903.SynchronizedPacket.finiteCoordinates' depends on axioms: [propext,
 Quot.sound]
'IUTThreeClosures.ABCSynchronizedDivisorPackets20260903.SynchronizedPacket.finiteCoordinates_injective' depends on axioms: [propext,
 Quot.sound]
'IUTThreeClosures.ABCSynchronizedDivisorPackets20260903.synchronizedPacketFintype' depends on axioms: [propext,
 Classical.choice,
 Quot.sound]
'IUTThreeClosures.ABCSynchronizedDivisorPackets20260903.finite_synchronizedPacket' depends on axioms: [propext,
 Classical.choice,
 Quot.sound]
'IUTThreeClosures.ABCSynchronizedDivisorPackets20260903.fullPacket' depends on axioms: [propext,
 Classical.choice,
 Quot.sound]
'IUTThreeClosures.ABCSynchronizedDivisorPackets20260903.fullPacket_canonicallyOriented' depends on axioms: [propext,
 Classical.choice,
 Quot.sound]
'IUTThreeClosures.ABCSynchronizedDivisorPackets20260903.synchronizedPacketNonempty' depends on axioms: [propext,
 Classical.choice,
 Quot.sound]
'IUTThreeClosures.ABCSynchronizedDivisorPackets20260903.abcRadical' depends on axioms: [propext,
 Classical.choice,
 Quot.sound]
'IUTThreeClosures.ABCSynchronizedDivisorPackets20260903.abcRadical_gt_one' depends on axioms: [propext,
 Classical.choice,
 Quot.sound]
'IUTThreeClosures.ABCSynchronizedDivisorPackets20260903.standardQuality' depends on axioms: [propext,
 Classical.choice,
 Quot.sound]
'IUTThreeClosures.ABCSynchronizedDivisorPackets20260903.packetEnergy' depends on axioms: [propext,
 Classical.choice,
 Quot.sound]
'IUTThreeClosures.ABCSynchronizedDivisorPackets20260903.standardQuality_le_packetEnergy' depends on axioms: [propext,
 Classical.choice,
 Quot.sound]
'IUTThreeClosures.ABCSynchronizedDivisorPackets20260903.minimumPacketEnergy' depends on axioms: [propext,
 Classical.choice,
 Quot.sound]
'IUTThreeClosures.ABCSynchronizedDivisorPackets20260903.standardQuality_le_minimumPacketEnergy' depends on axioms: [propext,
 Classical.choice,
 Quot.sound]
'IUTThreeClosures.ABCSynchronizedDivisorPackets20260903.primePower_orientation_channel' depends on axioms: [propext,
 Classical.choice,
 Quot.sound]
'IUTThreeClosures.ABCSynchronizedDivisorPackets20260903.coprime_channel_allocation' depends on axioms: [propext,
 Classical.choice,
 Quot.sound]
'IUTThreeClosures.ABCSynchronizedDivisorPackets20260903.family_sum' depends on axioms: [propext]
'IUTThreeClosures.ABCSynchronizedDivisorPackets20260903.family_coprime' depends on axioms: [propext, Quot.sound]
'IUTThreeClosures.ABCSynchronizedDivisorPackets20260903.family_exact_gaps' depends on axioms: [propext, Quot.sound]
'IUTThreeClosures.ABCSynchronizedDivisorPackets20260903.familyDatum' depends on axioms: [propext, Quot.sound]
'IUTThreeClosures.ABCSynchronizedDivisorPackets20260903.familyPacket' depends on axioms: [propext, Quot.sound]
'IUTThreeClosures.ABCSynchronizedDivisorPackets20260903.familyPacket_y_ne_full' depends on axioms: [propext, Quot.sound]
'IUTThreeClosures.ABCSynchronizedDivisorPackets20260903.cornerCounterexampleDatum' depends on axioms: [propext,
 Classical.choice,
 Quot.sound]
'IUTThreeClosures.ABCSynchronizedDivisorPackets20260903.cornerCounterexamplePacket' depends on axioms: [propext,
 Classical.choice,
 Quot.sound]
'IUTThreeClosures.ABCSynchronizedDivisorPackets20260903.cornerCounterexamplePacket_ne_full' depends on axioms: [propext,
 Classical.choice,
 Quot.sound]
'IUTThreeClosures.ABCSynchronizedDivisorPackets20260903.cubicCounterexampleDatum' depends on axioms: [propext,
 Classical.choice,
 Quot.sound]
'IUTThreeClosures.ABCSynchronizedDivisorPackets20260903.cubicCounterexamplePacket' depends on axioms: [propext,
 Classical.choice,
 Quot.sound]
'IUTThreeClosures.ABCSynchronizedDivisorPackets20260903.cubicCounterexamplePacket_fails_height_pow_three' depends on axioms: [propext,
 Classical.choice,
 Quot.sound]
'IUTThreeClosures.ABCSynchronizedDivisorPackets20260903.quarticCounterexampleDatum' depends on axioms: [propext,
 Classical.choice,
 Quot.sound]
'IUTThreeClosures.ABCSynchronizedDivisorPackets20260903.quarticCounterexamplePacket' depends on axioms: [propext,
 Classical.choice,
 Quot.sound]
'IUTThreeClosures.ABCSynchronizedDivisorPackets20260903.quarticCounterexamplePacket_exactGaps' depends on axioms: [propext,
 Classical.choice,
 Quot.sound]
'IUTThreeClosures.ABCSynchronizedDivisorPackets20260903.quarticCounterexamplePacket_fails_height_pow_four' depends on axioms: [propext,
 Classical.choice,
 Quot.sound]
'IUTThreeClosures.ABCSynchronizedDivisorPackets20260903.quarticCounterexamplePacket_fails_coordinateProduct_sq' depends on axioms: [propext,
 Classical.choice,
 Quot.sound]
'IUTThreeClosures.ABCSynchronizedDivisorPackets20260903.quinticCounterexampleDatum' depends on axioms: [propext,
 Classical.choice,
 Quot.sound]
'IUTThreeClosures.ABCSynchronizedDivisorPackets20260903.quinticCounterexamplePacket' depends on axioms: [propext,
 Classical.choice,
 Quot.sound]
'IUTThreeClosures.ABCSynchronizedDivisorPackets20260903.quinticCounterexamplePacket_exactGaps' depends on axioms: [propext,
 Classical.choice,
 Quot.sound]
'IUTThreeClosures.ABCSynchronizedDivisorPackets20260903.quinticCounterexamplePacket_fails_height_pow_five' depends on axioms: [propext,
 Classical.choice,
 Quot.sound]
