{
  "axiom_audit_targets": 37,
  "axiom_union": [
    "Classical.choice",
    "Quot.sound",
    "propext"
  ],
  "declarations": 37,
  "dyadic_rows_checked": 21,
  "lean_exit_codes": {
    "axiom-audit.log.exitcode": 0,
    "lake-build.log.exitcode": 0,
    "latex-compile.json.exitcode": 0,
    "main-direct.log.exitcode": 0
  },
  "output_sha256": "94a213521f2a3d71626f50d2db9d8929a69942064fc9ac9f47d6ca722711e8a6",
  "packets_exhausted": 1366531,
  "paper_fragment_pdf_bytes": 43565,
  "primitive_triples_exhausted": 1365095,
  "proper_packets_exhausted": 1436,
  "script_sha256": "4c0b132cfcdd5dcc670573ad5e00a3b4d8b63ded51b1333f6648d3b25c319649",
  "status": "PASS"
}
