'IUTThreeClosures.SynchronizedPacketRadicalExcessObstruction20260903.PrimitiveABC' does not depend on any axioms
'IUTThreeClosures.SynchronizedPacketRadicalExcessObstruction20260903.SynchronizedPacket' depends on axioms: [propext]
'IUTThreeClosures.SynchronizedPacketRadicalExcessObstruction20260903.SynchronizedPacket.minCoordinate' depends on axioms: [propext]
'IUTThreeClosures.SynchronizedPacketRadicalExcessObstruction20260903.SynchronizedPacket.pairMaxRoot' depends on axioms: [propext]
'IUTThreeClosures.SynchronizedPacketRadicalExcessObstruction20260903.SynchronizedPacket.pairMaxBound_eq_pairMaxRoot_sq' depends on axioms: [propext]
'IUTThreeClosures.SynchronizedPacketRadicalExcessObstruction20260903.SynchronizedPacket.min_mul_pairMaxRoot' depends on axioms: [propext]
'IUTThreeClosures.SynchronizedPacketRadicalExcessObstruction20260903.SynchronizedPacket.min_sq_mul_pairMaxBound' depends on axioms: [propext]
'IUTThreeClosures.SynchronizedPacketRadicalExcessObstruction20260903.SynchronizedPacket.coordinateProduct_dvd_modulusProduct' depends on axioms: [propext]
'IUTThreeClosures.SynchronizedPacketRadicalExcessObstruction20260903.SynchronizedPacket.coordinateRadical_dvd_abcRadical' depends on axioms: [propext,
 Classical.choice,
 Quot.sound]
'IUTThreeClosures.SynchronizedPacketRadicalExcessObstruction20260903.SynchronizedPacket.pairMaxBound_le_fullPacket' depends on axioms: [propext,
 Classical.choice,
 Quot.sound]
'IUTThreeClosures.SynchronizedPacketRadicalExcessObstruction20260903.radicalExcess' depends on axioms: [propext,
 Classical.choice,
 Quot.sound]
'IUTThreeClosures.SynchronizedPacketRadicalExcessObstruction20260903.abcRadical_dvd_modulusProduct' depends on axioms: [propext,
 Classical.choice,
 Quot.sound]
'IUTThreeClosures.SynchronizedPacketRadicalExcessObstruction20260903.abcRadical_mul_radicalExcess' depends on axioms: [propext,
 Classical.choice,
 Quot.sound]
'IUTThreeClosures.SynchronizedPacketRadicalExcessObstruction20260903.compressionPower_forces_radicalExcessPower' depends on axioms: [propext,
 Classical.choice,
 Quot.sound]
'IUTThreeClosures.SynchronizedPacketRadicalExcessObstruction20260903.radicalExcessPower_obstructs_compressionPower' depends on axioms: [propext,
 Classical.choice,
 Quot.sound]
'IUTThreeClosures.SynchronizedPacketRadicalExcessObstruction20260903.compensatedCompression_forces_cPower' depends on axioms: [propext,
 Classical.choice,
 Quot.sound]
'IUTThreeClosures.SynchronizedPacketRadicalExcessObstruction20260903.twoThreeFiveDatum' depends on axioms: [propext,
 Classical.choice,
 Quot.sound]
'IUTThreeClosures.SynchronizedPacketRadicalExcessObstruction20260903.twoThreeFivePacket_rigid' depends on axioms: [propext,
 Classical.choice,
 Quot.sound]
'IUTThreeClosures.SynchronizedPacketRadicalExcessObstruction20260903.radical_thirty' depends on axioms: [propext,
 Classical.choice,
 Quot.sound]
'IUTThreeClosures.SynchronizedPacketRadicalExcessObstruction20260903.twoThreeFive_abcRadical' depends on axioms: [propext,
 Classical.choice,
 Quot.sound]
'IUTThreeClosures.SynchronizedPacketRadicalExcessObstruction20260903.twoThreeFive_no_fourThirdCompressedPacket' depends on axioms: [propext,
 Classical.choice,
 Quot.sound]
'IUTThreeClosures.SynchronizedPacketRadicalExcessObstruction20260903.twoThreeFive_no_compensatedFourThirdCompressedPacket' depends on axioms: [propext,
 Classical.choice,
 Quot.sound]
'IUTThreeClosures.SynchronizedPacketRadicalExcessObstruction20260903.radical_seventy' depends on axioms: [propext,
 Classical.choice,
 Quot.sound]
'IUTThreeClosures.SynchronizedPacketRadicalExcessObstruction20260903.radical_fourHundredTwenty' depends on axioms: [propext,
 Classical.choice,
 Quot.sound]
'IUTThreeClosures.SynchronizedPacketRadicalExcessObstruction20260903.cubicCounterexamplePacket_coordinateRadical_ne_abcRadical' depends on axioms: [propext,
 Classical.choice,
 Quot.sound]
'IUTThreeClosures.SynchronizedPacketRadicalExcessObstruction20260903.dyadicThreeDatum' depends on axioms: [propext,
 Classical.choice,
 Quot.sound]
'IUTThreeClosures.SynchronizedPacketRadicalExcessObstruction20260903.dyadicThreeDatum_injective' depends on axioms: [propext,
 Classical.choice,
 Quot.sound]
'IUTThreeClosures.SynchronizedPacketRadicalExcessObstruction20260903.dyadicThreeDatum_range_infinite' depends on axioms: [propext,
 Classical.choice,
 Quot.sound]
'IUTThreeClosures.SynchronizedPacketRadicalExcessObstruction20260903.radical_two_pow_add_four' depends on axioms: [propext,
 Classical.choice,
 Quot.sound]
'IUTThreeClosures.SynchronizedPacketRadicalExcessObstruction20260903.dyadicThree_abcRadical_le' depends on axioms: [propext,
 Classical.choice,
 Quot.sound]
'IUTThreeClosures.SynchronizedPacketRadicalExcessObstruction20260903.dyadicThree_halfArm_le_radicalExcess' depends on axioms: [propext,
 Classical.choice,
 Quot.sound]
'IUTThreeClosures.SynchronizedPacketRadicalExcessObstruction20260903.dyadicThree_abcRadical_lt_radicalExcess_cube' depends on axioms: [propext,
 Classical.choice,
 Quot.sound]
'IUTThreeClosures.SynchronizedPacketRadicalExcessObstruction20260903.dyadicThree_everyPacket_fails_fourThirdCompression' depends on axioms: [propext,
 Classical.choice,
 Quot.sound]
'IUTThreeClosures.SynchronizedPacketRadicalExcessObstruction20260903.dyadicThree_no_fourThirdCompressedPacket' depends on axioms: [propext,
 Classical.choice,
 Quot.sound]
'IUTThreeClosures.SynchronizedPacketRadicalExcessObstruction20260903.fourThirdObstructionLocus' depends on axioms: [propext,
 Classical.choice,
 Quot.sound]
'IUTThreeClosures.SynchronizedPacketRadicalExcessObstruction20260903.dyadicThreeDatum_range_subset_fourThirdObstructionLocus' depends on axioms: [propext,
 Classical.choice,
 Quot.sound]
'IUTThreeClosures.SynchronizedPacketRadicalExcessObstruction20260903.fourThirdObstructionLocus_infinite' depends on axioms: [propext,
 Classical.choice,
 Quot.sound]
