'ABCNonlinearPowerSelectors.root_norm_formula' depends on axioms: [propext]
'ABCNonlinearPowerSelectors.root_norm_mod_three' depends on axioms: [propext, Quot.sound]
'ABCNonlinearPowerSelectors.root_norm_gt_one' depends on axioms: [propext, Classical.choice, Quot.sound]
'ABCNonlinearPowerSelectors.square_coordinates' depends on axioms: [propext]
'ABCNonlinearPowerSelectors.square_sum' depends on axioms: [propext]
'ABCNonlinearPowerSelectors.square_norm' depends on axioms: [propext, Quot.sound]
'ABCNonlinearPowerSelectors.square_boundary' depends on axioms: [propext, Quot.sound]
'ABCNonlinearPowerSelectors.square_positive' depends on axioms: [propext, Classical.choice, Quot.sound]
'ABCNonlinearPowerSelectors.square_coprime' depends on axioms: [propext, Quot.sound]
'ABCNonlinearPowerSelectors.cube_coordinates' depends on axioms: [propext, Quot.sound]
'ABCNonlinearPowerSelectors.cube_sum' depends on axioms: [propext, Quot.sound]
'ABCNonlinearPowerSelectors.cube_norm' depends on axioms: [propext, Quot.sound]
'ABCNonlinearPowerSelectors.cube_boundary' depends on axioms: [propext, Quot.sound]
'ABCNonlinearPowerSelectors.cube_positive' depends on axioms: [propext, Classical.choice, Quot.sound]
'ABCNonlinearPowerSelectors.cube_coprime' depends on axioms: [propext, Quot.sound]
'ABCNonlinearPowerSelectors.coprime_arm_gcds' depends on axioms: [propext, Classical.choice, Quot.sound]
'ABCNonlinearPowerSelectors.square_pairwise_gcd' depends on axioms: [propext, Classical.choice, Quot.sound]
'ABCNonlinearPowerSelectors.cube_pairwise_gcd' depends on axioms: [propext, Classical.choice, Quot.sound]
'ABCNonlinearPowerSelectors.boundary_norm_common_zero' depends on axioms: [propext, Classical.choice, Quot.sound]
'ABCNonlinearPowerSelectors.primitive_boundary_norm_unit' depends on axioms: [propext, Classical.choice, Quot.sound]
'ABCNonlinearPowerSelectors.square_boundary_root_norm_unit' depends on axioms: [propext, Classical.choice, Quot.sound]
'ABCNonlinearPowerSelectors.cube_boundary_root_norm_unit' depends on axioms: [propext, Classical.choice, Quot.sound]
'ABCNonlinearPowerSelectors.square_boundary_root_norm_not_dvd' depends on axioms: [propext,
 Classical.choice,
 Quot.sound]
'ABCNonlinearPowerSelectors.cube_boundary_root_norm_not_dvd' depends on axioms: [propext, Classical.choice, Quot.sound]
