'ABCEisenstein20260905.mul_comm' depends on axioms: [propext, Classical.choice, Quot.sound]
'ABCEisenstein20260905.mul_assoc' depends on axioms: [propext, Classical.choice, Quot.sound]
'ABCEisenstein20260905.mul_one' depends on axioms: [propext]
'ABCEisenstein20260905.norm_mul' depends on axioms: [propext, Classical.choice, Quot.sound]
'ABCEisenstein20260905.conjugate_product' depends on axioms: [propext, Classical.choice, Quot.sound]
'ABCEisenstein20260905.rotate_boundary' depends on axioms: [propext, Classical.choice, Quot.sound]
'ABCEisenstein20260905.rotate_norm' depends on axioms: [propext, Classical.choice, Quot.sound]
'ABCEisenstein20260905.norm_height_identity' depends on axioms: [propext, Classical.choice, Quot.sound]
'ABCEisenstein20260905.inverse_numerators' depends on axioms: [propext, Classical.choice, Quot.sound]
'ABCEisenstein20260905.boundary_remainder_x' depends on axioms: [propext, Classical.choice, Quot.sound]
'ABCEisenstein20260905.boundary_remainder_y' depends on axioms: [propext, Classical.choice, Quot.sound]
'ABCEisenstein20260905.boundary_remainder_sum' depends on axioms: [propext, Classical.choice, Quot.sound]
'ABCEisenstein20260905.step_is_mul' depends on axioms: [propext, Classical.choice, Quot.sound]
'ABCEisenstein20260905.step_norm' depends on axioms: [propext, Classical.choice, Quot.sound]
'ABCEisenstein20260905.orbit_norm' depends on axioms: [propext, Classical.choice, Quot.sound]
'ABCEisenstein20260905.orbit_add' depends on axioms: [propext, Classical.choice, Quot.sound]
'ABCEisenstein20260905.orbit_six' does not depend on any axioms
'ABCEisenstein20260905.orbit_six_shift' depends on axioms: [propext, Classical.choice, Quot.sound]
'ABCEisenstein20260905.orbit_mod_four' depends on axioms: [propext, Classical.choice, Quot.sound]
'ABCEisenstein20260905.orbit_mod_seven' depends on axioms: [propext, Classical.choice, Quot.sound]
'ABCEisenstein20260905.cubic_coordinate' depends on axioms: [propext, Classical.choice, Quot.sound]
'ABCEisenstein20260905.boundary_step_recurrence' depends on axioms: [propext, Classical.choice, Quot.sound]
'ABCEisenstein20260905.orbit_boundary_recurrence' depends on axioms: [propext, Classical.choice, Quot.sound]
'ABCEisenstein20260905.orbit_boundary_lucas' depends on axioms: [propext, Classical.choice, Quot.sound]
'ABCEisenstein20260905.cubic_difference' depends on axioms: [propext, Classical.choice, Quot.sound]
'ABCEisenstein20260905.orbit_cubic_difference' depends on axioms: [propext, Classical.choice, Quot.sound]
'ABCEisenstein20260905.exact_small_orbits' does not depend on any axioms
'ABCEisenstein20260905.boundary_factor_certificates' does not depend on any axioms
'ABCEisenstein20260905.defect_ratio_increases' depends on axioms: [propext, Quot.sound]

'ABCUniformMoment20260907.six_choose_three' depends on axioms: [propext, Classical.choice, Quot.sound]
'ABCUniformMoment20260907.choose_three_exceeds_three_n' depends on axioms: [propext, Classical.choice, Quot.sound]
'ABCUniformMoment20260907.count_le_three_of_multiset_bound' depends on axioms: [propext, Classical.choice, Quot.sound]
'ABCUniformMoment20260907.explicit_root_threshold' depends on axioms: [propext, Classical.choice, Quot.sound]
'ABCUniformMoment20260907.count_le_three_at_explicit_threshold' depends on axioms: [propext,
 Classical.choice,
 Quot.sound]
'ABCUniformMoment20260907.low_layer_count_bound' depends on axioms: [propext, Classical.choice, Quot.sound]
'ABCUniformMoment20260907.countAbove_eq_filter_length' depends on axioms: [propext]
'ABCUniformMoment20260907.pointwise_complete_excess' depends on axioms: [propext, Quot.sound]
'ABCUniformMoment20260907.finite_complete_excess' depends on axioms: [propext, Classical.choice, Quot.sound]
'ABCUniformMoment20260907.actual_depth_list_budget' depends on axioms: [propext, Classical.choice, Quot.sound]
'ABCUniformMoment20260907.weighted_complete_prime_budget' depends on axioms: [propext, Classical.choice, Quot.sound]
'ABCUniformMoment20260907.actual_depth_budget_from_multisets' depends on axioms: [propext, Classical.choice, Quot.sound]
'ABCUniformMoment20260907.weighted_prime_budget_from_multisets' depends on axioms: [propext,
 Classical.choice,
 Quot.sound]
'ABCUniformMoment20260907.normalized_prime_budget' depends on axioms: [propext, Classical.choice, Quot.sound]
'ABCUniformMoment20260907.normalized_progression_budget' depends on axioms: [propext, Classical.choice, Quot.sound]

'ABCAdaptiveOwner20260907.cubic_count_bound' depends on axioms: [propext, Classical.choice, Quot.sound]
'ABCAdaptiveOwner20260907.count_le_two' depends on axioms: [propext, Classical.choice, Quot.sound]
'ABCAdaptiveOwner20260907.adaptive_ceiling_bounds' depends on axioms: [propext, Classical.choice, Quot.sound]
'ABCAdaptiveOwner20260907.complete_middle_layers' depends on axioms: [propext, Quot.sound]
'ABCAdaptiveOwner20260907.exists_two_maximal' depends on axioms: [propext, Classical.choice, Quot.sound]
'ABCAdaptiveOwner20260907.two_maximal_contains_deep' depends on axioms: [propext, Classical.choice, Quot.sound]
'ABCAdaptiveOwner20260907.complete_finite_middle_budget' depends on axioms: [propext, Classical.choice, Quot.sound]
'ABCAdaptiveOwner20260907.weighted_finite_middle_budget' depends on axioms: [propext, Classical.choice, Quot.sound]
'ABCAdaptiveOwner20260907.removed_two_cost' depends on axioms: [propext, Classical.choice, Quot.sound]
'ABCAdaptiveOwner20260907.finite_global_from_two_cost' depends on axioms: [propext, Classical.choice, Quot.sound]
'ABCAdaptiveOwner20260907.two_stage_ceiling_bounds' depends on axioms: [propext, Classical.choice, Quot.sound]
'ABCAdaptiveOwner20260907.exists_actual_two_owner_budget' depends on axioms: [propext, Classical.choice, Quot.sound]

'ABCSignedMoment20260907.ballCount_radius_two' depends on axioms: [propext, Classical.choice, Quot.sound]
'ABCSignedMoment20260907.ballCount_radius_three' depends on axioms: [propext, Classical.choice, Quot.sound]
'ABCSignedMoment20260907.ballCount_two_coordinates' depends on axioms: [propext, Classical.choice, Quot.sound]
'ABCSignedMoment20260907.ballCount_mono' depends on axioms: [propext, Classical.choice, Quot.sound]
'ABCSignedMoment20260907.signed_low_count' depends on axioms: [propext, Classical.choice, Quot.sound]
'ABCSignedMoment20260907.signed_cubic_count' depends on axioms: [propext, Classical.choice, Quot.sound]
'ABCSignedMoment20260907.signed_count_le_one' depends on axioms: [propext, Classical.choice, Quot.sound]
'ABCSignedMoment20260907.count_le_one_of_actual_diamond' depends on axioms: [propext, Quot.sound]
'ABCSignedMoment20260907.half_root_threshold' depends on axioms: [propext, Classical.choice, Quot.sound]
'ABCSignedMoment20260907.half_root_threshold_upper' depends on axioms: [propext, Classical.choice, Quot.sound]
'ABCSignedMoment20260907.signed_low_layer_coefficient' depends on axioms: [propext, Classical.choice, Quot.sound]
'ABCSignedMoment20260907.exists_one_maximal' depends on axioms: [propext, Classical.choice, Quot.sound]
'ABCSignedMoment20260907.one_maximal_contains_deep' depends on axioms: [propext, Classical.choice, Quot.sound]
'ABCSignedMoment20260907.complete_one_range_budget' depends on axioms: [propext, Classical.choice, Quot.sound]
'ABCSignedMoment20260907.removed_one_cost' depends on axioms: [propext, Classical.choice, Quot.sound]
'ABCSignedMoment20260907.finite_global_from_one_cost' depends on axioms: [propext, Classical.choice, Quot.sound]
'ABCSignedMoment20260907.actual_single_owner_budget' depends on axioms: [propext, Classical.choice, Quot.sound]
'ABCSignedMoment20260907.single_owner_budget_from_signed_counts' depends on axioms: [propext,
 Classical.choice,
 Quot.sound]
'ABCSignedMoment20260907.actual_one_owner_two_range' depends on axioms: [propext, Classical.choice, Quot.sound]
'ABCSignedMoment20260907.single_prime_budget_at_natural_threshold' depends on axioms: [propext,
 Classical.choice,
 Quot.sound]
'ABCSignedMoment20260907.normalized_actual_prime_budget' depends on axioms: [propext, Classical.choice, Quot.sound]
'ABCSignedMoment20260907.signed_progression_normalization' depends on axioms: [propext, Classical.choice, Quot.sound]

'ABCGramRigidity20260907.actual_norm_nonnegative' depends on axioms: [propext, Classical.choice, Quot.sound]
'ABCGramRigidity20260907.actual_gram_identity' depends on axioms: [propext, Quot.sound]
'ABCGramRigidity20260907.actual_determinant_square_bound' depends on axioms: [propext, Classical.choice, Quot.sound]
'ABCGramRigidity20260907.actual_determinant_zero_of_modulus' depends on axioms: [propext, Classical.choice, Quot.sound]

'ABCActualSignedProducts20260907.private_signed_valuation' depends on axioms: [propext, Classical.choice, Quot.sound]
'ABCActualSignedProducts20260907.private_signed_coordinates_equal' depends on axioms: [propext,
 Classical.choice,
 Quot.sound]
'ABCActualSignedProducts20260907.private_signed_product_injective' depends on axioms: [propext,
 Classical.choice,
 Quot.sound]
'ABCActualSignedProducts20260907.actual_unit_normalized_injective' depends on axioms: [propext,
 Classical.choice,
 Quot.sound]
'ABCActualSignedProducts20260907.actual_finite_signed_capacity' depends on axioms: [propext,
 Classical.choice,
 Quot.sound]
'ABCActualSignedProducts20260907.actual_diamond_card' depends on axioms: [propext, Classical.choice, Quot.sound]
'ABCActualSignedProducts20260907.actual_diamond_coordinates_injective' depends on axioms: [propext, Quot.sound]
'ABCActualSignedProducts20260907.absolute_sum_le_of_four_corners' depends on axioms: [propext]
'ABCActualSignedProducts20260907.actual_diamond_radius' depends on axioms: [propext, Quot.sound]
'ABCActualSignedProducts20260907.actual_pair_vector_injective' depends on axioms: [propext]
'ABCActualSignedProducts20260907.actual_private_diamond_injective' depends on axioms: [propext,
 Classical.choice,
 Quot.sound]
'ABCActualSignedProducts20260907.actual_diamond_target_capacity' depends on axioms: [propext,
 Classical.choice,
 Quot.sound]

'ABCActualSingleOwner20260907.actual_pair_rigidity_card_le_one' depends on axioms: [propext,
 Classical.choice,
 Quot.sound]
'ABCActualSingleOwner20260907.actual_product_single_prime_budget' depends on axioms: [propext,
 Classical.choice,
 Quot.sound]

'ABCGaussianDescent20260907.psi_phi_tripling_x' depends on axioms: [propext, Classical.choice, Quot.sound]
'ABCGaussianDescent20260907.psi_phi_tripling_factor' depends on axioms: [propext, Classical.choice, Quot.sound]
'ABCGaussianDescent20260907.actual_gaussian_norm' depends on axioms: [propext]
'ABCGaussianDescent20260907.actual_real_quadratic_norm' depends on axioms: [propext, Quot.sound]
'ABCGaussianDescent20260907.fHom_mod' depends on axioms: [propext]
'ABCGaussianDescent20260907.mod_twenty_seven_table' depends on axioms: [propext]
'ABCGaussianDescent20260907.actual_congruence_three' depends on axioms: [propext, Classical.choice, Quot.sound]
'ABCGaussianDescent20260907.primitive_curve_three_unit' depends on axioms: [propext, Classical.choice, Quot.sound]
'ABCGaussianDescent20260907.opposite_isogeny_identity' depends on axioms: [propext, Classical.choice, Quot.sound]
'ABCGaussianDescent20260907.gaussian_inverse_norm' depends on axioms: [propext, Classical.choice, Quot.sound]
'ABCGaussianDescent20260907.gaussian_inverse_imaginary' depends on axioms: [propext, Classical.choice, Quot.sound]
'ABCGaussianDescent20260907.gaussian_inverse_real_factor' depends on axioms: [propext, Classical.choice, Quot.sound]
'ABCGaussianDescent20260907.real_quadratic_inverse_norm' depends on axioms: [propext, Classical.choice, Quot.sound]
'ABCGaussianDescent20260907.real_quadratic_inverse_imaginary' depends on axioms: [propext, Classical.choice, Quot.sound]
'ABCGaussianDescent20260907.real_quadratic_inverse_real_factor' depends on axioms: [propext,
 Classical.choice,
 Quot.sound]
