'ABCUniformMoment20260907.six_choose_three' depends on axioms: [propext, Classical.choice, Quot.sound]
'ABCUniformMoment20260907.choose_three_exceeds_three_n' depends on axioms: [propext, Classical.choice, Quot.sound]
'ABCUniformMoment20260907.count_le_three_of_multiset_bound' depends on axioms: [propext, Classical.choice, Quot.sound]
'ABCUniformMoment20260907.explicit_root_threshold' depends on axioms: [propext, Classical.choice, Quot.sound]
'ABCUniformMoment20260907.count_le_three_at_explicit_threshold' depends on axioms: [propext,
 Classical.choice,
 Quot.sound]
'ABCUniformMoment20260907.low_layer_count_bound' depends on axioms: [propext, Classical.choice, Quot.sound]
'ABCUniformMoment20260907.countAbove_eq_filter_length' depends on axioms: [propext]
'ABCUniformMoment20260907.pointwise_complete_excess' depends on axioms: [propext, Quot.sound]
'ABCUniformMoment20260907.finite_complete_excess' depends on axioms: [propext, Classical.choice, Quot.sound]
'ABCUniformMoment20260907.actual_depth_list_budget' depends on axioms: [propext, Classical.choice, Quot.sound]
'ABCUniformMoment20260907.weighted_complete_prime_budget' depends on axioms: [propext, Classical.choice, Quot.sound]
'ABCUniformMoment20260907.actual_depth_budget_from_multisets' depends on axioms: [propext, Classical.choice, Quot.sound]
'ABCUniformMoment20260907.weighted_prime_budget_from_multisets' depends on axioms: [propext,
 Classical.choice,
 Quot.sound]
'ABCUniformMoment20260907.normalized_prime_budget' depends on axioms: [propext, Classical.choice, Quot.sound]
'ABCUniformMoment20260907.normalized_progression_budget' depends on axioms: [propext, Classical.choice, Quot.sound]

'ABCPrivateDensityMass20260907.actual_cofactor_identity' depends on axioms: [propext, Classical.choice, Quot.sound]
'ABCPrivateDensityMass20260907.actual_cofactor_discriminant' depends on axioms: [propext, Classical.choice, Quot.sound]
'ABCPrivateDensityMass20260907.actual_exception_indicator' depends on axioms: [propext, Classical.choice, Quot.sound]
'ABCPrivateDensityMass20260907.actual_finite_mass_cut' depends on axioms: [propext, Classical.choice, Quot.sound]
'ABCPrivateDensityMass20260907.actual_private_mass_budget' depends on axioms: [propext, Classical.choice, Quot.sound]
'ABCPrivateDensityMass20260907.strict_density_numerical_gain' depends on axioms: [propext, Classical.choice, Quot.sound]
'ABCPrivateDensityMass20260907.positive_half_density_gap' depends on axioms: [propext, Classical.choice, Quot.sound]
'ABCPrivateDensityMass20260907.finite_error_density_gain' depends on axioms: [propext, Classical.choice, Quot.sound]
'ABCPrivateDensityMass20260907.actual_density_gain_from_mass' depends on axioms: [propext, Classical.choice, Quot.sound]
'ABCPrivateDensityMass20260907.actual_density_gain_with_remainders' depends on axioms: [propext,
 Classical.choice,
 Quot.sound]
'ABCPrivateDensityMass20260907.actual_natural_weighted_cutoff' depends on axioms: [propext,
 Classical.choice,
 Quot.sound]

'ABCAdaptiveOwner20260907.cubic_count_bound' depends on axioms: [propext, Classical.choice, Quot.sound]
'ABCAdaptiveOwner20260907.count_le_two' depends on axioms: [propext, Classical.choice, Quot.sound]
'ABCAdaptiveOwner20260907.adaptive_ceiling_bounds' depends on axioms: [propext, Classical.choice, Quot.sound]
'ABCAdaptiveOwner20260907.complete_middle_layers' depends on axioms: [propext, Quot.sound]
'ABCAdaptiveOwner20260907.exists_two_maximal' depends on axioms: [propext, Classical.choice, Quot.sound]
'ABCAdaptiveOwner20260907.two_maximal_contains_deep' depends on axioms: [propext, Classical.choice, Quot.sound]
'ABCAdaptiveOwner20260907.complete_finite_middle_budget' depends on axioms: [propext, Classical.choice, Quot.sound]
'ABCAdaptiveOwner20260907.weighted_finite_middle_budget' depends on axioms: [propext, Classical.choice, Quot.sound]
'ABCAdaptiveOwner20260907.removed_two_cost' depends on axioms: [propext, Classical.choice, Quot.sound]
'ABCAdaptiveOwner20260907.finite_global_from_two_cost' depends on axioms: [propext, Classical.choice, Quot.sound]
'ABCAdaptiveOwner20260907.two_stage_ceiling_bounds' depends on axioms: [propext, Classical.choice, Quot.sound]
'ABCAdaptiveOwner20260907.exists_actual_two_owner_budget' depends on axioms: [propext, Classical.choice, Quot.sound]

'ABCSimultaneousElliptic20260907.discriminant_identity' depends on axioms: [propext, Quot.sound]
'ABCSimultaneousElliptic20260907.quartic_conic_identity' depends on axioms: [propext, Quot.sound]
'ABCSimultaneousElliptic20260907.homogeneous_quartic_conic' depends on axioms: [propext, Quot.sound]
'ABCSimultaneousElliptic20260907.actual_homogeneous_conic' depends on axioms: [propext, Quot.sound]
'ABCSimultaneousElliptic20260907.square_factor_divides' depends on axioms: [propext, Quot.sound]
'ABCSimultaneousElliptic20260907.square_factor_quotient' depends on axioms: [propext, Classical.choice, Quot.sound]
'ABCSimultaneousElliptic20260907.actual_integer_conic_lift' depends on axioms: [propext, Classical.choice, Quot.sound]
'ABCSimultaneousElliptic20260907.actual_curve_boundary_unit' depends on axioms: [propext, Classical.choice, Quot.sound]
'ABCSimultaneousElliptic20260907.conic_cofactor_unit' depends on axioms: [propext, Classical.choice, Quot.sound]
'ABCSimultaneousElliptic20260907.square_factor_exact_depth' depends on axioms: [propext, Classical.choice, Quot.sound]
'ABCSimultaneousElliptic20260907.actual_boundary_exact_depth' depends on axioms: [propext, Classical.choice, Quot.sound]
'ABCSimultaneousElliptic20260907.three_isogeny_rational_identity' depends on axioms: [propext,
 Classical.choice,
 Quot.sound]
