'ABCEisenstein20260905.mul_comm' depends on axioms: [propext, Classical.choice, Quot.sound]
'ABCEisenstein20260905.mul_assoc' depends on axioms: [propext, Classical.choice, Quot.sound]
'ABCEisenstein20260905.mul_one' depends on axioms: [propext]
'ABCEisenstein20260905.norm_mul' depends on axioms: [propext, Classical.choice, Quot.sound]
'ABCEisenstein20260905.conjugate_product' depends on axioms: [propext, Classical.choice, Quot.sound]
'ABCEisenstein20260905.rotate_boundary' depends on axioms: [propext, Classical.choice, Quot.sound]
'ABCEisenstein20260905.rotate_norm' depends on axioms: [propext, Classical.choice, Quot.sound]
'ABCEisenstein20260905.norm_height_identity' depends on axioms: [propext, Classical.choice, Quot.sound]
'ABCEisenstein20260905.inverse_numerators' depends on axioms: [propext, Classical.choice, Quot.sound]
'ABCEisenstein20260905.boundary_remainder_x' depends on axioms: [propext, Classical.choice, Quot.sound]
'ABCEisenstein20260905.boundary_remainder_y' depends on axioms: [propext, Classical.choice, Quot.sound]
'ABCEisenstein20260905.boundary_remainder_sum' depends on axioms: [propext, Classical.choice, Quot.sound]
'ABCEisenstein20260905.step_is_mul' depends on axioms: [propext, Classical.choice, Quot.sound]
'ABCEisenstein20260905.step_norm' depends on axioms: [propext, Classical.choice, Quot.sound]
'ABCEisenstein20260905.orbit_norm' depends on axioms: [propext, Classical.choice, Quot.sound]
'ABCEisenstein20260905.orbit_add' depends on axioms: [propext, Classical.choice, Quot.sound]
'ABCEisenstein20260905.orbit_six' does not depend on any axioms
'ABCEisenstein20260905.orbit_six_shift' depends on axioms: [propext, Classical.choice, Quot.sound]
'ABCEisenstein20260905.orbit_mod_four' depends on axioms: [propext, Classical.choice, Quot.sound]
'ABCEisenstein20260905.orbit_mod_seven' depends on axioms: [propext, Classical.choice, Quot.sound]
'ABCEisenstein20260905.cubic_coordinate' depends on axioms: [propext, Classical.choice, Quot.sound]
'ABCEisenstein20260905.boundary_step_recurrence' depends on axioms: [propext, Classical.choice, Quot.sound]
'ABCEisenstein20260905.orbit_boundary_recurrence' depends on axioms: [propext, Classical.choice, Quot.sound]
'ABCEisenstein20260905.orbit_boundary_lucas' depends on axioms: [propext, Classical.choice, Quot.sound]
'ABCEisenstein20260905.cubic_difference' depends on axioms: [propext, Classical.choice, Quot.sound]
'ABCEisenstein20260905.orbit_cubic_difference' depends on axioms: [propext, Classical.choice, Quot.sound]
'ABCEisenstein20260905.exact_small_orbits' does not depend on any axioms
'ABCEisenstein20260905.boundary_factor_certificates' does not depend on any axioms
'ABCEisenstein20260905.defect_ratio_increases' depends on axioms: [propext, Quot.sound]

'ABCActualPrimeLogCompensation20260907.prime_weight_nonnegative' depends on axioms: [propext,
 Classical.choice,
 Quot.sound]
'ABCActualPrimeLogCompensation20260907.mass_nonnegative' depends on axioms: [propext, Classical.choice, Quot.sound]
'ABCActualPrimeLogCompensation20260907.small_mass_nonnegative' depends on axioms: [propext,
 Classical.choice,
 Quot.sound]
'ABCActualPrimeLogCompensation20260907.mass_partition' depends on axioms: [propext, Classical.choice, Quot.sound]
'ABCActualPrimeLogCompensation20260907.mass_le_log' depends on axioms: [propext, Classical.choice, Quot.sound]
'ABCActualPrimeLogCompensation20260907.actual_depth_cap_budget' depends on axioms: [propext,
 Classical.choice,
 Quot.sound]
'ABCActualPrimeLogCompensation20260907.mass_mul' depends on axioms: [propext, Classical.choice, Quot.sound]
'ABCActualPrimeLogCompensation20260907.radical_mul_coprime' depends on axioms: [propext, Classical.choice, Quot.sound]
'ABCActualPrimeLogCompensation20260907.signed_mul_coprime' depends on axioms: [propext, Classical.choice, Quot.sound]
'ABCActualPrimeLogCompensation20260907.radical_mul_ge_right' depends on axioms: [propext, Classical.choice, Quot.sound]
'ABCActualPrimeLogCompensation20260907.actual_overlap_budget' depends on axioms: [propext, Classical.choice, Quot.sound]
'ABCActualPrimeLogCompensation20260907.actual_three_factor_additivity' depends on axioms: [propext,
 Classical.choice,
 Quot.sound]
'ABCActualPrimeLogCompensation20260907.actual_two_arm_prime_log_budget' depends on axioms: [propext,
 Classical.choice,
 Quot.sound]
'ABCActualPrimeLogCompensation20260907.actual_two_arm_with_height_budget' depends on axioms: [propext,
 Classical.choice,
 Quot.sound]
'ABCActualPrimeLogCompensation20260907.actual_two_arm_with_old_factor' depends on axioms: [propext,
 Classical.choice,
 Quot.sound]
'ABCActualPrimeLogCompensation20260907.excess_zero_of_actual_cap' depends on axioms: [propext,
 Classical.choice,
 Quot.sound]
'ABCActualPrimeLogCompensation20260907.actual_one_squarefree_prime_log_budget' depends on axioms: [propext,
 Classical.choice,
 Quot.sound]

'ABCActualPrimeLogHeight20260907.nat_log_mul' depends on axioms: [propext, Classical.choice, Quot.sound]
'ABCActualPrimeLogHeight20260907.small_mass_mul' depends on axioms: [propext, Classical.choice, Quot.sound]
'ABCActualPrimeLogHeight20260907.nat_log_monotone' depends on axioms: [propext, Classical.choice, Quot.sound]
'ABCActualPrimeLogHeight20260907.output_log_lower' depends on axioms: [propext, Classical.choice, Quot.sound]
'ABCActualPrimeLogHeight20260907.actual_arm_mass_bounds' depends on axioms: [propext, Classical.choice, Quot.sound]
'ABCActualPrimeLogHeight20260907.two_small_parts_le_product' depends on axioms: [propext, Classical.choice, Quot.sound]
'ABCActualPrimeLogHeight20260907.finite_actual_arm_compensation' depends on axioms: [propext,
 Classical.choice,
 Quot.sound]

'ABCActualGlobalSignedBridge20260907.prime_weight_antitone' depends on axioms: [propext, Classical.choice, Quot.sound]
'ABCActualGlobalSignedBridge20260907.radical_antitone' depends on axioms: [propext, Classical.choice, Quot.sound]
'ABCActualGlobalSignedBridge20260907.small_mass_zero_cutoff' depends on axioms: [propext, Classical.choice, Quot.sound]
'ABCActualGlobalSignedBridge20260907.mass_zero_cutoff' depends on axioms: [propext, Classical.choice, Quot.sound]
'ABCActualGlobalSignedBridge20260907.signed_zero_cutoff' depends on axioms: [propext, Classical.choice, Quot.sound]
'ABCActualGlobalSignedBridge20260907.global_signed_le_tail_plus_small' depends on axioms: [propext,
 Classical.choice,
 Quot.sound]
'ABCActualGlobalSignedBridge20260907.global_radical_height_transfer' depends on axioms: [propext,
 Classical.choice,
 Quot.sound]
'ABCActualGlobalSignedBridge20260907.large_cutoff_numerical_transfer' depends on axioms: [propext,
 Classical.choice,
 Quot.sound]
'ABCActualGlobalSignedBridge20260907.finite_actual_global_arm_compensation' depends on axioms: [propext,
 Classical.choice,
 Quot.sound]

'ABCActualProjectiveContent20260907.norm_positive' depends on axioms: [propext, Classical.choice, Quot.sound]
'ABCActualProjectiveContent20260907.content_mul_divides_norm' depends on axioms: [propext, Classical.choice, Quot.sound]
'ABCActualProjectiveContent20260907.content_positive' depends on axioms: [propext, Quot.sound]
'ABCActualProjectiveContent20260907.content_product_positive' depends on axioms: [propext, Classical.choice, Quot.sound]
'ABCActualProjectiveContent20260907.reduced_reconstruction' depends on axioms: [propext, Quot.sound]
'ABCActualProjectiveContent20260907.reduced_primitive' depends on axioms: [propext, Classical.choice, Quot.sound]
'ABCActualProjectiveContent20260907.reduced_norm_identity' depends on axioms: [propext, Quot.sound]
'ABCActualProjectiveContent20260907.reduced_product_norm_identity' depends on axioms: [propext,
 Classical.choice,
 Quot.sound]
'ABCActualProjectiveContent20260907.concrete_norm_seven_cancellation' depends on axioms: [propext]

'ABCResidualReflection20260907.positive_integer_multiple_lower' depends on axioms: [propext,
 Classical.choice,
 Quot.sound]
'ABCResidualReflection20260907.reflected_depth_budget' depends on axioms: [propext, Classical.choice, Quot.sound]
'ABCResidualReflection20260907.reflected_natural_depth_budget' depends on axioms: [propext,
 Classical.choice,
 Quot.sound]
'ABCResidualReflection20260907.sharp_local_reflection' depends on axioms: [propext, Quot.sound]
'ABCResidualReflection20260907.distinct_prime_product_power_dvd' depends on axioms: [propext,
 Classical.choice,
 Quot.sound]
'ABCResidualReflection20260907.actual_reflected_support_bill' depends on axioms: [propext, Classical.choice, Quot.sound]
'ABCResidualReflection20260907.content_one_of_small_joint_product' depends on axioms: [propext,
 Classical.choice,
 Quot.sound]

'ABCActualResidualLogThreshold20260907.prime_support_product_positive' depends on axioms: [propext,
 Classical.choice,
 Quot.sound]
'ABCActualResidualLogThreshold20260907.radical_zero_eq_log_support_product' depends on axioms: [propext,
 Classical.choice,
 Quot.sound]
'ABCActualResidualLogThreshold20260907.joint_log_small_iff_product_lt_power' depends on axioms: [propext,
 Classical.choice,
 Quot.sound]
'ABCActualResidualLogThreshold20260907.content_one_of_small_joint_log' depends on axioms: [propext,
 Classical.choice,
 Quot.sound]
'ABCActualResidualLogThreshold20260907.actual_global_signed_eq_integer_log' depends on axioms: [propext,
 Classical.choice,
 Quot.sound]
'ABCActualResidualLogThreshold20260907.global_log_radical_height_transfer' depends on axioms: [propext,
 Classical.choice,
 Quot.sound]
