ℹ [2/9] Built EisensteinDescent (6.4s)
info: EisensteinDescent.lean:197:0: 'ABCEisenstein20260905.mul_comm' depends on axioms: [propext, Classical.choice, Quot.sound]
info: EisensteinDescent.lean:198:0: 'ABCEisenstein20260905.mul_assoc' depends on axioms: [propext, Classical.choice, Quot.sound]
info: EisensteinDescent.lean:199:0: 'ABCEisenstein20260905.mul_one' depends on axioms: [propext]
info: EisensteinDescent.lean:200:0: 'ABCEisenstein20260905.norm_mul' depends on axioms: [propext, Classical.choice, Quot.sound]
info: EisensteinDescent.lean:201:0: 'ABCEisenstein20260905.conjugate_product' depends on axioms: [propext, Classical.choice, Quot.sound]
info: EisensteinDescent.lean:202:0: 'ABCEisenstein20260905.rotate_boundary' depends on axioms: [propext, Classical.choice, Quot.sound]
info: EisensteinDescent.lean:203:0: 'ABCEisenstein20260905.rotate_norm' depends on axioms: [propext, Classical.choice, Quot.sound]
info: EisensteinDescent.lean:204:0: 'ABCEisenstein20260905.norm_height_identity' depends on axioms: [propext, Classical.choice, Quot.sound]
info: EisensteinDescent.lean:205:0: 'ABCEisenstein20260905.inverse_numerators' depends on axioms: [propext, Classical.choice, Quot.sound]
info: EisensteinDescent.lean:206:0: 'ABCEisenstein20260905.boundary_remainder_x' depends on axioms: [propext, Classical.choice, Quot.sound]
info: EisensteinDescent.lean:207:0: 'ABCEisenstein20260905.boundary_remainder_y' depends on axioms: [propext, Classical.choice, Quot.sound]
info: EisensteinDescent.lean:208:0: 'ABCEisenstein20260905.boundary_remainder_sum' depends on axioms: [propext, Classical.choice, Quot.sound]
info: EisensteinDescent.lean:209:0: 'ABCEisenstein20260905.step_is_mul' depends on axioms: [propext, Classical.choice, Quot.sound]
info: EisensteinDescent.lean:210:0: 'ABCEisenstein20260905.step_norm' depends on axioms: [propext, Classical.choice, Quot.sound]
info: EisensteinDescent.lean:211:0: 'ABCEisenstein20260905.orbit_norm' depends on axioms: [propext, Classical.choice, Quot.sound]
info: EisensteinDescent.lean:212:0: 'ABCEisenstein20260905.orbit_add' depends on axioms: [propext, Classical.choice, Quot.sound]
info: EisensteinDescent.lean:213:0: 'ABCEisenstein20260905.orbit_six' does not depend on any axioms
info: EisensteinDescent.lean:214:0: 'ABCEisenstein20260905.orbit_six_shift' depends on axioms: [propext, Classical.choice, Quot.sound]
info: EisensteinDescent.lean:215:0: 'ABCEisenstein20260905.orbit_mod_four' depends on axioms: [propext, Classical.choice, Quot.sound]
info: EisensteinDescent.lean:216:0: 'ABCEisenstein20260905.orbit_mod_seven' depends on axioms: [propext, Classical.choice, Quot.sound]
info: EisensteinDescent.lean:217:0: 'ABCEisenstein20260905.cubic_coordinate' depends on axioms: [propext, Classical.choice, Quot.sound]
info: EisensteinDescent.lean:218:0: 'ABCEisenstein20260905.boundary_step_recurrence' depends on axioms: [propext, Classical.choice, Quot.sound]
info: EisensteinDescent.lean:219:0: 'ABCEisenstein20260905.orbit_boundary_recurrence' depends on axioms: [propext, Classical.choice, Quot.sound]
info: EisensteinDescent.lean:220:0: 'ABCEisenstein20260905.orbit_boundary_lucas' depends on axioms: [propext, Classical.choice, Quot.sound]
info: EisensteinDescent.lean:221:0: 'ABCEisenstein20260905.cubic_difference' depends on axioms: [propext, Classical.choice, Quot.sound]
info: EisensteinDescent.lean:222:0: 'ABCEisenstein20260905.orbit_cubic_difference' depends on axioms: [propext, Classical.choice, Quot.sound]
info: EisensteinDescent.lean:223:0: 'ABCEisenstein20260905.exact_small_orbits' does not depend on any axioms
info: EisensteinDescent.lean:224:0: 'ABCEisenstein20260905.boundary_factor_certificates' does not depend on any axioms
info: EisensteinDescent.lean:225:0: 'ABCEisenstein20260905.defect_ratio_increases' depends on axioms: [propext, Quot.sound]
ℹ [3/9] Built LocalPowerArithmetic (1.1s)
info: LocalPowerArithmetic.lean:127:0: 'ABCLocalPowerArithmetic20260907.second_quartic' depends on axioms: [propext, Classical.choice, Quot.sound]
info: LocalPowerArithmetic.lean:128:0: 'ABCLocalPowerArithmetic20260907.consecutive_primitive' depends on axioms: [propext, Quot.sound]
info: LocalPowerArithmetic.lean:129:0: 'ABCLocalPowerArithmetic20260907.consecutive_norm' depends on axioms: [propext, Classical.choice, Quot.sound]
info: LocalPowerArithmetic.lean:130:0: 'ABCLocalPowerArithmetic20260907.consecutive_second' depends on axioms: [propext, Classical.choice, Quot.sound]
info: LocalPowerArithmetic.lean:131:0: 'ABCLocalPowerArithmetic20260907.consecutive_mixed_primitive' depends on axioms: [propext, Classical.choice, Quot.sound]
info: LocalPowerArithmetic.lean:132:0: 'ABCLocalPowerArithmetic20260907.consecutive_norm_power_residue' depends on axioms: [propext,
 Classical.choice,
 Quot.sound]
info: LocalPowerArithmetic.lean:133:0: 'ABCLocalPowerArithmetic20260907.consecutive_second_power_residue' depends on axioms: [propext,
 Classical.choice,
 Quot.sound]
info: LocalPowerArithmetic.lean:134:0: 'ABCLocalPowerArithmetic20260907.unbounded_simultaneous_residue_family' depends on axioms: [propext,
 Classical.choice,
 Quot.sound]
info: LocalPowerArithmetic.lean:135:0: 'ABCLocalPowerArithmetic20260907.norm_simple_root_linearization' depends on axioms: [propext,
 Classical.choice,
 Quot.sound]
info: LocalPowerArithmetic.lean:136:0: 'ABCLocalPowerArithmetic20260907.second_simple_root_linearization' depends on axioms: [propext,
 Classical.choice,
 Quot.sound]
info: LocalPowerArithmetic.lean:137:0: 'ABCLocalPowerArithmetic20260907.extraction_root_data' does not depend on any axioms
info: LocalPowerArithmetic.lean:138:0: 'ABCLocalPowerArithmetic20260907.residual_depth_one_data' depends on axioms: [propext]
info: LocalPowerArithmetic.lean:139:0: 'ABCLocalPowerArithmetic20260907.hfree_valuation_nonnegative' depends on axioms: [propext, Classical.choice, Quot.sound]
info: LocalPowerArithmetic.lean:140:0: 'ABCLocalPowerArithmetic20260907.minimal_denominator_exponent' depends on axioms: [propext, Quot.sound]
info: LocalPowerArithmetic.lean:141:0: 'ABCLocalPowerArithmetic20260907.denominator_clearing_degree' depends on axioms: [propext, Classical.choice, Quot.sound]
ℹ [4/9] Built GeneralLucasBoundary (1.2s)
info: GeneralLucasBoundary.lean:108:0: 'ABCGeneralLucasBoundary20260907.cubic_trace_identity' depends on axioms: [propext, Classical.choice, Quot.sound]
info: GeneralLucasBoundary.lean:109:0: 'ABCGeneralLucasBoundary20260907.trace_discriminant_identity' depends on axioms: [propext, Classical.choice, Quot.sound]
info: GeneralLucasBoundary.lean:110:0: 'ABCGeneralLucasBoundary20260907.general_shifted_boundary_recurrence' depends on axioms: [propext,
 Classical.choice,
 Quot.sound]
info: GeneralLucasBoundary.lean:111:0: 'ABCGeneralLucasBoundary20260907.norm_power' depends on axioms: [propext, Classical.choice, Quot.sound]
info: GeneralLucasBoundary.lean:112:0: 'ABCGeneralLucasBoundary20260907.boundary_orbit_recurrence' depends on axioms: [propext, Classical.choice, Quot.sound]
info: GeneralLucasBoundary.lean:113:0: 'ABCGeneralLucasBoundary20260907.lucas_recurrence' does not depend on any axioms
info: GeneralLucasBoundary.lean:114:0: 'ABCGeneralLucasBoundary20260907.linear_recurrence_solution' depends on axioms: [propext, Classical.choice, Quot.sound]
info: GeneralLucasBoundary.lean:115:0: 'ABCGeneralLucasBoundary20260907.actual_shifted_lucas_solution' depends on axioms: [propext,
 Classical.choice,
 Quot.sound]
info: GeneralLucasBoundary.lean:116:0: 'ABCGeneralLucasBoundary20260907.actual_power_boundary_lucas' depends on axioms: [propext, Classical.choice, Quot.sound]
info: GeneralLucasBoundary.lean:117:0: 'ABCGeneralLucasBoundary20260907.actual_boundary_divides_powers' depends on axioms: [propext,
 Classical.choice,
 Quot.sound]
ℹ [5/9] Built CommonExponentArithmetic (1.0s)
info: CommonExponentArithmetic.lean:97:0: 'ABCCommonExponentArithmetic20260907.actual_norm_difference' depends on axioms: [propext, Classical.choice, Quot.sound]
info: CommonExponentArithmetic.lean:98:0: 'ABCCommonExponentArithmetic20260907.actual_four_ninths_certificate' depends on axioms: [propext,
 Classical.choice,
 Quot.sound]
info: CommonExponentArithmetic.lean:99:0: 'ABCCommonExponentArithmetic20260907.actual_four_ninths_bound' depends on axioms: [propext,
 Classical.choice,
 Quot.sound]
info: CommonExponentArithmetic.lean:100:0: 'ABCCommonExponentArithmetic20260907.actual_first_norm_lt_sum_square' depends on axioms: [propext,
 Classical.choice,
 Quot.sound]
info: CommonExponentArithmetic.lean:101:0: 'ABCCommonExponentArithmetic20260907.actual_second_gt_first_square' depends on axioms: [propext,
 Classical.choice,
 Quot.sound]
info: CommonExponentArithmetic.lean:102:0: 'ABCCommonExponentArithmetic20260907.homogeneous_factorization' depends on axioms: [propext,
 Classical.choice,
 Quot.sound]
info: CommonExponentArithmetic.lean:103:0: 'ABCCommonExponentArithmetic20260907.actual_common_power_factorization' depends on axioms: [propext,
 Classical.choice,
 Quot.sound]
info: CommonExponentArithmetic.lean:104:0: 'ABCCommonExponentArithmetic20260907.root_gap_budget' depends on axioms: [propext, Classical.choice, Quot.sound]
info: CommonExponentArithmetic.lean:105:0: 'ABCCommonExponentArithmetic20260907.root_gap_lower_bound' depends on axioms: [propext, Classical.choice, Quot.sound]
info: CommonExponentArithmetic.lean:106:0: 'ABCCommonExponentArithmetic20260907.bad_part_square_budget' depends on axioms: [propext, Classical.choice, Quot.sound]
ℹ [6/9] Built SignedArmArithmetic (1.2s)
info: SignedArmArithmetic.lean:323:0: 'ABCSignedArmArithmetic20260907.add_mod_congr' depends on axioms: [propext]
info: SignedArmArithmetic.lean:324:0: 'ABCSignedArmArithmetic20260907.sub_mod_congr' depends on axioms: [propext]
info: SignedArmArithmetic.lean:325:0: 'ABCSignedArmArithmetic20260907.mul_mod_congr' depends on axioms: [propext]
info: SignedArmArithmetic.lean:326:0: 'ABCSignedArmArithmetic20260907.mul_congr' depends on axioms: [propext]
info: SignedArmArithmetic.lean:327:0: 'ABCSignedArmArithmetic20260907.conjugate_congr' depends on axioms: [propext]
info: SignedArmArithmetic.lean:328:0: 'ABCSignedArmArithmetic20260907.power_congr' depends on axioms: [propext]
info: SignedArmArithmetic.lean:329:0: 'ABCSignedArmArithmetic20260907.normalized_power_congr' depends on axioms: [propext]
info: SignedArmArithmetic.lean:330:0: 'ABCSignedArmArithmetic20260907.power_add' depends on axioms: [propext, Classical.choice, Quot.sound]
info: SignedArmArithmetic.lean:331:0: 'ABCSignedArmArithmetic20260907.power_scale' depends on axioms: [propext, Classical.choice, Quot.sound]
info: SignedArmArithmetic.lean:332:0: 'ABCSignedArmArithmetic20260907.power_six_blocks' depends on axioms: [propext, Classical.choice, Quot.sound]
info: SignedArmArithmetic.lean:333:0: 'ABCSignedArmArithmetic20260907.power_six_residue' depends on axioms: [propext, Classical.choice, Quot.sound]
info: SignedArmArithmetic.lean:334:0: 'ABCSignedArmArithmetic20260907.normalized_zeta_arm' depends on axioms: [propext, Classical.choice, Quot.sound]
info: SignedArmArithmetic.lean:335:0: 'ABCSignedArmArithmetic20260907.normalized_real_arm' depends on axioms: [propext, Classical.choice, Quot.sound]
info: SignedArmArithmetic.lean:336:0: 'ABCSignedArmArithmetic20260907.normalized_sum_arm' depends on axioms: [propext, Classical.choice, Quot.sound]
info: SignedArmArithmetic.lean:337:0: 'ABCSignedArmArithmetic20260907.normalized_first_divisible' depends on axioms: [propext, Classical.choice, Quot.sound]
info: SignedArmArithmetic.lean:338:0: 'ABCSignedArmArithmetic20260907.normalized_second_divisible' depends on axioms: [propext, Classical.choice, Quot.sound]
info: SignedArmArithmetic.lean:339:0: 'ABCSignedArmArithmetic20260907.normalized_sum_divisible' depends on axioms: [propext, Classical.choice, Quot.sound]
info: SignedArmArithmetic.lean:340:0: 'ABCSignedArmArithmetic20260907.actual_arm_reconstruction' depends on axioms: [propext, Classical.choice, Quot.sound]
info: SignedArmArithmetic.lean:341:0: 'ABCSignedArmArithmetic20260907.actual_arm_additive_relation' depends on axioms: [propext, Classical.choice, Quot.sound]
info: SignedArmArithmetic.lean:342:0: 'ABCSignedArmArithmetic20260907.actual_boundary_quotient_product' depends on axioms: [propext,
 Classical.choice,
 Quot.sound]
info: SignedArmArithmetic.lean:343:0: 'ABCSignedArmArithmetic20260907.norm_conjugate' depends on axioms: [propext, Classical.choice, Quot.sound]
info: SignedArmArithmetic.lean:344:0: 'ABCSignedArmArithmetic20260907.normalized_power_norm' depends on axioms: [propext, Classical.choice, Quot.sound]
info: SignedArmArithmetic.lean:345:0: 'ABCSignedArmArithmetic20260907.actual_quotient_norm' depends on axioms: [propext, Classical.choice, Quot.sound]
info: SignedArmArithmetic.lean:346:0: 'ABCSignedArmArithmetic20260907.coprime_divisors' depends on axioms: [propext, Quot.sound]
info: SignedArmArithmetic.lean:347:0: 'ABCSignedArmArithmetic20260907.actual_quotients_pairwise_coprime' depends on axioms: [propext,
 Classical.choice,
 Quot.sound]
info: SignedArmArithmetic.lean:348:0: 'ABCSignedArmArithmetic20260907.two_arm_integer_budget' depends on axioms: [propext, Quot.sound]
info: SignedArmArithmetic.lean:349:0: 'ABCSignedArmArithmetic20260907.two_cubefree_integer_budget' depends on axioms: [propext, Quot.sound]
info: SignedArmArithmetic.lean:350:0: 'ABCSignedArmArithmetic20260907.local_depth_radical_budget' depends on axioms: [propext, Classical.choice, Quot.sound]
info: SignedArmArithmetic.lean:351:0: 'ABCSignedArmArithmetic20260907.finite_depth_radical_budget' depends on axioms: [propext, Classical.choice, Quot.sound]
info: SignedArmArithmetic.lean:352:0: 'ABCSignedArmArithmetic20260907.finite_two_arm_compensation' depends on axioms: [propext, Classical.choice, Quot.sound]
info: SignedArmArithmetic.lean:353:0: 'ABCSignedArmArithmetic20260907.local_overlap_budget' depends on axioms: [propext, Quot.sound]
info: SignedArmArithmetic.lean:354:0: 'ABCSignedArmArithmetic20260907.weighted_overlap_budget' depends on axioms: [propext, Classical.choice, Quot.sound]
ℹ [7/9] Built ActualCommonExponentGap (974ms)
info: ActualCommonExponentGap.lean:76:0: 'ABCActualCommonExponentGap20260907.nonnegative_power_monotone' depends on axioms: [propext,
 Classical.choice,
 Quot.sound]
info: ActualCommonExponentGap.lean:77:0: 'ABCActualCommonExponentGap20260907.homogeneous_sum_lower' depends on axioms: [propext, Classical.choice, Quot.sound]
info: ActualCommonExponentGap.lean:78:0: 'ABCActualCommonExponentGap20260907.actual_root_gap_positive' depends on axioms: [propext, Classical.choice, Quot.sound]
info: ActualCommonExponentGap.lean:79:0: 'ABCActualCommonExponentGap20260907.actual_common_exponent_budget' depends on axioms: [propext,
 Classical.choice,
 Quot.sound]
info: ActualCommonExponentGap.lean:80:0: 'ABCActualCommonExponentGap20260907.actual_common_root_lower_bound' depends on axioms: [propext,
 Classical.choice,
 Quot.sound]
ℹ [8/9] Built ProgressionSupportArithmetic (2.6s)
info: ProgressionSupportArithmetic.lean:87:0: 'ABCProgressionSupportArithmetic20260907.odd_rank_one' depends on axioms: [propext, Quot.sound]
info: ProgressionSupportArithmetic.lean:88:0: 'ABCProgressionSupportArithmetic20260907.first_arm_height_identity' depends on axioms: [propext,
 Classical.choice,
 Quot.sound]
info: ProgressionSupportArithmetic.lean:89:0: 'ABCProgressionSupportArithmetic20260907.first_arm_height_bound' depends on axioms: [propext,
 Classical.choice,
 Quot.sound]
info: ProgressionSupportArithmetic.lean:90:0: 'ABCProgressionSupportArithmetic20260907.sum_arm_height_bound' depends on axioms: [propext,
 Classical.choice,
 Quot.sound]
info: ProgressionSupportArithmetic.lean:91:0: 'ABCProgressionSupportArithmetic20260907.support_product_budget' depends on axioms: [propext,
 Classical.choice,
 Quot.sound]
info: ProgressionSupportArithmetic.lean:92:0: 'ABCProgressionSupportArithmetic20260907.support_power_product_budget' depends on axioms: [propext,
 Classical.choice,
 Quot.sound]
info: ProgressionSupportArithmetic.lean:93:0: 'ABCProgressionSupportArithmetic20260907.progression_part_nontrivial' depends on axioms: [propext,
 Classical.choice,
 Quot.sound]
Build completed successfully (9 jobs).
info: ABCSignedCompatibilityAudit: no previous manifest, creating one from scratch
info: toolchain not updated; already up-to-date
