{
  "status": "PASS",
  "files": [
    {
      "file": "Mueller_Taktikos_2601.11376v2.pdf",
      "sha256": "80e9a9f11c733d5268df97031f0b49938cf2554698fd1977703c60af33002c61",
      "bytes": 260191
    },
    {
      "file": "Mueller_Taktikos_2601.11376v2.html",
      "sha256": "b9b6819ba2940ba6e3435b81ef62337c7a03c8f7570be0ca857a1d18e355c7eb",
      "bytes": 239198
    },
    {
      "file": "Mueller_Taktikos_2601.11376v2.txt",
      "sha256": "7dc72cd66cb7a4eccc89b0fec2faeca925dcc41815d981883741df237e8758e7",
      "bytes": 22444
    },
    {
      "file": "Mueller_Taktikos_2601.11376v2.normalized.txt",
      "sha256": "9c0540a47f2366bf365658a469658169dc78f70a838196336b5ff50f6e7bba41",
      "bytes": 22443
    }
  ],
  "anchors": [
    "Definition 2.6",
    "Theorem 2.7",
    "The approximation gain is always smaller or equal to the quality",
    "bounding approximation gain and power gain separately"
  ]
}
