ℹ [2/5] Built EisensteinDescent (6.5s)
info: EisensteinDescent.lean:197:0: 'ABCEisenstein20260905.mul_comm' depends on axioms: [propext, Classical.choice, Quot.sound]
info: EisensteinDescent.lean:198:0: 'ABCEisenstein20260905.mul_assoc' depends on axioms: [propext, Classical.choice, Quot.sound]
info: EisensteinDescent.lean:199:0: 'ABCEisenstein20260905.mul_one' depends on axioms: [propext]
info: EisensteinDescent.lean:200:0: 'ABCEisenstein20260905.norm_mul' depends on axioms: [propext, Classical.choice, Quot.sound]
info: EisensteinDescent.lean:201:0: 'ABCEisenstein20260905.conjugate_product' depends on axioms: [propext, Classical.choice, Quot.sound]
info: EisensteinDescent.lean:202:0: 'ABCEisenstein20260905.rotate_boundary' depends on axioms: [propext, Classical.choice, Quot.sound]
info: EisensteinDescent.lean:203:0: 'ABCEisenstein20260905.rotate_norm' depends on axioms: [propext, Classical.choice, Quot.sound]
info: EisensteinDescent.lean:204:0: 'ABCEisenstein20260905.norm_height_identity' depends on axioms: [propext, Classical.choice, Quot.sound]
info: EisensteinDescent.lean:205:0: 'ABCEisenstein20260905.inverse_numerators' depends on axioms: [propext, Classical.choice, Quot.sound]
info: EisensteinDescent.lean:206:0: 'ABCEisenstein20260905.boundary_remainder_x' depends on axioms: [propext, Classical.choice, Quot.sound]
info: EisensteinDescent.lean:207:0: 'ABCEisenstein20260905.boundary_remainder_y' depends on axioms: [propext, Classical.choice, Quot.sound]
info: EisensteinDescent.lean:208:0: 'ABCEisenstein20260905.boundary_remainder_sum' depends on axioms: [propext, Classical.choice, Quot.sound]
info: EisensteinDescent.lean:209:0: 'ABCEisenstein20260905.step_is_mul' depends on axioms: [propext, Classical.choice, Quot.sound]
info: EisensteinDescent.lean:210:0: 'ABCEisenstein20260905.step_norm' depends on axioms: [propext, Classical.choice, Quot.sound]
info: EisensteinDescent.lean:211:0: 'ABCEisenstein20260905.orbit_norm' depends on axioms: [propext, Classical.choice, Quot.sound]
info: EisensteinDescent.lean:212:0: 'ABCEisenstein20260905.orbit_add' depends on axioms: [propext, Classical.choice, Quot.sound]
info: EisensteinDescent.lean:213:0: 'ABCEisenstein20260905.orbit_six' does not depend on any axioms
info: EisensteinDescent.lean:214:0: 'ABCEisenstein20260905.orbit_six_shift' depends on axioms: [propext, Classical.choice, Quot.sound]
info: EisensteinDescent.lean:215:0: 'ABCEisenstein20260905.orbit_mod_four' depends on axioms: [propext, Classical.choice, Quot.sound]
info: EisensteinDescent.lean:216:0: 'ABCEisenstein20260905.orbit_mod_seven' depends on axioms: [propext, Classical.choice, Quot.sound]
info: EisensteinDescent.lean:217:0: 'ABCEisenstein20260905.cubic_coordinate' depends on axioms: [propext, Classical.choice, Quot.sound]
info: EisensteinDescent.lean:218:0: 'ABCEisenstein20260905.boundary_step_recurrence' depends on axioms: [propext, Classical.choice, Quot.sound]
info: EisensteinDescent.lean:219:0: 'ABCEisenstein20260905.orbit_boundary_recurrence' depends on axioms: [propext, Classical.choice, Quot.sound]
info: EisensteinDescent.lean:220:0: 'ABCEisenstein20260905.orbit_boundary_lucas' depends on axioms: [propext, Classical.choice, Quot.sound]
info: EisensteinDescent.lean:221:0: 'ABCEisenstein20260905.cubic_difference' depends on axioms: [propext, Classical.choice, Quot.sound]
info: EisensteinDescent.lean:222:0: 'ABCEisenstein20260905.orbit_cubic_difference' depends on axioms: [propext, Classical.choice, Quot.sound]
info: EisensteinDescent.lean:223:0: 'ABCEisenstein20260905.exact_small_orbits' does not depend on any axioms
info: EisensteinDescent.lean:224:0: 'ABCEisenstein20260905.boundary_factor_certificates' does not depend on any axioms
info: EisensteinDescent.lean:225:0: 'ABCEisenstein20260905.defect_ratio_increases' depends on axioms: [propext, Quot.sound]
ℹ [3/5] Built GeneralLucasBoundary (2.8s)
info: GeneralLucasBoundary.lean:108:0: 'ABCGeneralLucasBoundary20260907.cubic_trace_identity' depends on axioms: [propext, Classical.choice, Quot.sound]
info: GeneralLucasBoundary.lean:109:0: 'ABCGeneralLucasBoundary20260907.trace_discriminant_identity' depends on axioms: [propext, Classical.choice, Quot.sound]
info: GeneralLucasBoundary.lean:110:0: 'ABCGeneralLucasBoundary20260907.general_shifted_boundary_recurrence' depends on axioms: [propext,
 Classical.choice,
 Quot.sound]
info: GeneralLucasBoundary.lean:111:0: 'ABCGeneralLucasBoundary20260907.norm_power' depends on axioms: [propext, Classical.choice, Quot.sound]
info: GeneralLucasBoundary.lean:112:0: 'ABCGeneralLucasBoundary20260907.boundary_orbit_recurrence' depends on axioms: [propext, Classical.choice, Quot.sound]
info: GeneralLucasBoundary.lean:113:0: 'ABCGeneralLucasBoundary20260907.lucas_recurrence' does not depend on any axioms
info: GeneralLucasBoundary.lean:114:0: 'ABCGeneralLucasBoundary20260907.linear_recurrence_solution' depends on axioms: [propext, Classical.choice, Quot.sound]
info: GeneralLucasBoundary.lean:115:0: 'ABCGeneralLucasBoundary20260907.actual_shifted_lucas_solution' depends on axioms: [propext,
 Classical.choice,
 Quot.sound]
info: GeneralLucasBoundary.lean:116:0: 'ABCGeneralLucasBoundary20260907.actual_power_boundary_lucas' depends on axioms: [propext, Classical.choice, Quot.sound]
info: GeneralLucasBoundary.lean:117:0: 'ABCGeneralLucasBoundary20260907.actual_boundary_divides_powers' depends on axioms: [propext,
 Classical.choice,
 Quot.sound]
ℹ [4/5] Built SignedArmArithmetic (2.7s)
info: SignedArmArithmetic.lean:323:0: 'ABCSignedArmArithmetic20260907.add_mod_congr' depends on axioms: [propext]
info: SignedArmArithmetic.lean:324:0: 'ABCSignedArmArithmetic20260907.sub_mod_congr' depends on axioms: [propext]
info: SignedArmArithmetic.lean:325:0: 'ABCSignedArmArithmetic20260907.mul_mod_congr' depends on axioms: [propext]
info: SignedArmArithmetic.lean:326:0: 'ABCSignedArmArithmetic20260907.mul_congr' depends on axioms: [propext]
info: SignedArmArithmetic.lean:327:0: 'ABCSignedArmArithmetic20260907.conjugate_congr' depends on axioms: [propext]
info: SignedArmArithmetic.lean:328:0: 'ABCSignedArmArithmetic20260907.power_congr' depends on axioms: [propext]
info: SignedArmArithmetic.lean:329:0: 'ABCSignedArmArithmetic20260907.normalized_power_congr' depends on axioms: [propext]
info: SignedArmArithmetic.lean:330:0: 'ABCSignedArmArithmetic20260907.power_add' depends on axioms: [propext, Classical.choice, Quot.sound]
info: SignedArmArithmetic.lean:331:0: 'ABCSignedArmArithmetic20260907.power_scale' depends on axioms: [propext, Classical.choice, Quot.sound]
info: SignedArmArithmetic.lean:332:0: 'ABCSignedArmArithmetic20260907.power_six_blocks' depends on axioms: [propext, Classical.choice, Quot.sound]
info: SignedArmArithmetic.lean:333:0: 'ABCSignedArmArithmetic20260907.power_six_residue' depends on axioms: [propext, Classical.choice, Quot.sound]
info: SignedArmArithmetic.lean:334:0: 'ABCSignedArmArithmetic20260907.normalized_zeta_arm' depends on axioms: [propext, Classical.choice, Quot.sound]
info: SignedArmArithmetic.lean:335:0: 'ABCSignedArmArithmetic20260907.normalized_real_arm' depends on axioms: [propext, Classical.choice, Quot.sound]
info: SignedArmArithmetic.lean:336:0: 'ABCSignedArmArithmetic20260907.normalized_sum_arm' depends on axioms: [propext, Classical.choice, Quot.sound]
info: SignedArmArithmetic.lean:337:0: 'ABCSignedArmArithmetic20260907.normalized_first_divisible' depends on axioms: [propext, Classical.choice, Quot.sound]
info: SignedArmArithmetic.lean:338:0: 'ABCSignedArmArithmetic20260907.normalized_second_divisible' depends on axioms: [propext, Classical.choice, Quot.sound]
info: SignedArmArithmetic.lean:339:0: 'ABCSignedArmArithmetic20260907.normalized_sum_divisible' depends on axioms: [propext, Classical.choice, Quot.sound]
info: SignedArmArithmetic.lean:340:0: 'ABCSignedArmArithmetic20260907.actual_arm_reconstruction' depends on axioms: [propext, Classical.choice, Quot.sound]
info: SignedArmArithmetic.lean:341:0: 'ABCSignedArmArithmetic20260907.actual_arm_additive_relation' depends on axioms: [propext, Classical.choice, Quot.sound]
info: SignedArmArithmetic.lean:342:0: 'ABCSignedArmArithmetic20260907.actual_boundary_quotient_product' depends on axioms: [propext,
 Classical.choice,
 Quot.sound]
info: SignedArmArithmetic.lean:343:0: 'ABCSignedArmArithmetic20260907.norm_conjugate' depends on axioms: [propext, Classical.choice, Quot.sound]
info: SignedArmArithmetic.lean:344:0: 'ABCSignedArmArithmetic20260907.normalized_power_norm' depends on axioms: [propext, Classical.choice, Quot.sound]
info: SignedArmArithmetic.lean:345:0: 'ABCSignedArmArithmetic20260907.actual_quotient_norm' depends on axioms: [propext, Classical.choice, Quot.sound]
info: SignedArmArithmetic.lean:346:0: 'ABCSignedArmArithmetic20260907.coprime_divisors' depends on axioms: [propext, Quot.sound]
info: SignedArmArithmetic.lean:347:0: 'ABCSignedArmArithmetic20260907.actual_quotients_pairwise_coprime' depends on axioms: [propext,
 Classical.choice,
 Quot.sound]
info: SignedArmArithmetic.lean:348:0: 'ABCSignedArmArithmetic20260907.two_arm_integer_budget' depends on axioms: [propext, Quot.sound]
info: SignedArmArithmetic.lean:349:0: 'ABCSignedArmArithmetic20260907.two_cubefree_integer_budget' depends on axioms: [propext, Quot.sound]
info: SignedArmArithmetic.lean:350:0: 'ABCSignedArmArithmetic20260907.local_depth_radical_budget' depends on axioms: [propext, Classical.choice, Quot.sound]
info: SignedArmArithmetic.lean:351:0: 'ABCSignedArmArithmetic20260907.finite_depth_radical_budget' depends on axioms: [propext, Classical.choice, Quot.sound]
info: SignedArmArithmetic.lean:352:0: 'ABCSignedArmArithmetic20260907.finite_two_arm_compensation' depends on axioms: [propext, Classical.choice, Quot.sound]
info: SignedArmArithmetic.lean:353:0: 'ABCSignedArmArithmetic20260907.local_overlap_budget' depends on axioms: [propext, Quot.sound]
info: SignedArmArithmetic.lean:354:0: 'ABCSignedArmArithmetic20260907.weighted_overlap_budget' depends on axioms: [propext, Classical.choice, Quot.sound]
Build completed successfully (5 jobs).
info: SignedArmFreshAudit: no previous manifest, creating one from scratch
info: toolchain not updated; already up-to-date
