

'RadicalTransport.transform_addition' depends on axioms: [propext]
'RadicalTransport.norm_coprime_boundary' depends on axioms: [propext, Classical.choice, Quot.sound]
'RadicalTransport.transform_coprime' depends on axioms: [propext, Classical.choice, Quot.sound]
'RadicalTransport.radical_product_le' depends on axioms: [propext, Classical.choice, Quot.sound]
'RadicalTransport.compressed_radical_le' depends on axioms: [propext, Classical.choice, Quot.sound]
'RadicalTransport.one_step_radical' depends on axioms: [propext, Classical.choice, Quot.sound]
'RadicalTransport.two_step_addition' depends on axioms: [propext]
'RadicalTransport.two_step_radical' depends on axioms: [propext, Classical.choice, Quot.sound]
'RadicalTransport.two_step_radical_gate' depends on axioms: [propext, Classical.choice, Quot.sound]

'TwoStepABCObstruction.repository_radical_eq' depends on axioms: [propext, Classical.choice, Quot.sound]
'TwoStepABCObstruction.log_radical_gate' depends on axioms: [propext, Classical.choice, Quot.sound]
'TwoStepABCObstruction.additive_pairwise' depends on axioms: [propext, Quot.sound]
'TwoStepABCObstruction.not_abc_of_unbounded_two_norm_gate' depends on axioms: [propext, Classical.choice, Quot.sound]

'IUTThreeClosures.four_mul_oddDivisionExponent' depends on axioms: [propext]
'IUTThreeClosures.divisionExponent_oddMiddle' depends on axioms: [propext]
'IUTThreeClosures.divisionExponent_evenMiddle' depends on axioms: [propext]
'IUTThreeClosures.divisionSignParity_oddMiddle' depends on axioms: [propext, Quot.sound]
'IUTThreeClosures.divisionSignParity_evenMiddle' depends on axioms: [propext, Quot.sound]
'IUTThreeClosures.oddDivisionExponent_target' does not depend on any axioms
'RadicalTransport.transform_addition' depends on axioms: [propext]
'RadicalTransport.norm_coprime_boundary' depends on axioms: [propext, Classical.choice, Quot.sound]
'RadicalTransport.transform_coprime' depends on axioms: [propext, Classical.choice, Quot.sound]
'RadicalTransport.radical_product_le' depends on axioms: [propext, Classical.choice, Quot.sound]
'RadicalTransport.compressed_radical_le' depends on axioms: [propext, Classical.choice, Quot.sound]
'RadicalTransport.one_step_radical' depends on axioms: [propext, Classical.choice, Quot.sound]
'RadicalTransport.two_step_addition' depends on axioms: [propext]
'RadicalTransport.two_step_radical' depends on axioms: [propext, Classical.choice, Quot.sound]
'RadicalTransport.two_step_radical_gate' depends on axioms: [propext, Classical.choice, Quot.sound]
'TwoStepABCObstruction.repository_radical_eq' depends on axioms: [propext, Classical.choice, Quot.sound]
'TwoStepABCObstruction.log_radical_gate' depends on axioms: [propext, Classical.choice, Quot.sound]
'TwoStepABCObstruction.additive_pairwise' depends on axioms: [propext, Quot.sound]
'TwoStepABCObstruction.not_abc_of_unbounded_two_norm_gate' depends on axioms: [propext, Classical.choice, Quot.sound]
