WORKDIR: E:\AImath\abc猜想\Lean
COMMAND: C:\Users\Admin\.elan\bin\lake.EXE env lean IUTThreeClosures/AffineTwoArmCRTPacket20260901.lean
'IUTThreeClosures.AffineTwoArmCRTPacket20260901.squarefree_dvd_powerfulPart_of_square_dvd' depends on axioms: [propext,
 Classical.choice,
 Quot.sound]
'IUTThreeClosures.AffineTwoArmCRTPacket20260901.joint_long_arm_carrier' depends on axioms: [propext,
 Classical.choice,
 Quot.sound]
'IUTThreeClosures.AffineTwoArmCRTPacket20260901.simultaneous_affine_roots' depends on axioms: [propext,
 Classical.choice,
 Quot.sound]
'IUTThreeClosures.AffineTwoArmCRTPacket20260901.diagonal_crt_excess_packet' depends on axioms: [propext,
 Classical.choice,
 Quot.sound]
'IUTThreeClosures.AffineTwoArmCRTPacket20260901.packet_two_arm_gate' depends on axioms: [propext,
 Classical.choice,
 Quot.sound]
'IUTThreeClosures.AffineTwoArmCRTPacket20260901.packet_in_upper_half_iff' depends on axioms: [propext,
 Classical.choice,
 Quot.sound]
'IUTThreeClosures.AffineTwoArmCRTPacket20260901.packet_index_count' depends on axioms: [propext,
 Classical.choice,
 Quot.sound]
'IUTThreeClosures.AffineTwoArmCRTPacket20260901.canonicalPacket_card' depends on axioms: [propext,
 Classical.choice,
 Quot.sound]
'IUTThreeClosures.AffineTwoArmCRTPacket20260901.counterexample_full_data' depends on axioms: [propext,
 Classical.choice,
 Quot.sound]
'IUTThreeClosures.AffineTwoArmCRTPacket20260901.prime_dvd_powerfulPart_of_square_dvd' depends on axioms: [propext,
 Classical.choice,
 Quot.sound]
'IUTThreeClosures.AffineTwoArmCRTPacket20260901.seed_radical_1_242_243' depends on axioms: [propext,
 Classical.choice,
 Quot.sound]
'IUTThreeClosures.AffineTwoArmCRTPacket20260901.exists_local_root' depends on axioms: [propext,
 Classical.choice,
 Quot.sound]
'IUTThreeClosures.AffineTwoArmCRTPacket20260901.diagonal_admissible' depends on axioms: [propext, Quot.sound]
'IUTThreeClosures.AffineTwoArmCRTPacket20260901.diagonal_equation' depends on axioms: [propext]
'IUTThreeClosures.AffineTwoArmCRTPacket20260901.diagonal_crt_packet' depends on axioms: [propext,
 Classical.choice,
 Quot.sound]
'IUTThreeClosures.AffineTwoArmCRTPacket20260901.packet_identities' depends on axioms: [propext]
'IUTThreeClosures.AffineTwoArmCRTPacket20260901.packet_square_divisors' depends on axioms: [propext]
'IUTThreeClosures.AffineTwoArmCRTPacket20260901.powerfulPart_pos' depends on axioms: [propext,
 Classical.choice,
 Quot.sound]
'IUTThreeClosures.AffineTwoArmCRTPacket20260901.squarefree_carrier_le_powerfulPart' depends on axioms: [propext,
 Classical.choice,
 Quot.sound]
'IUTThreeClosures.AffineTwoArmCRTPacket20260901.packet_two_arm_excess' depends on axioms: [propext,
 Classical.choice,
 Quot.sound]
'IUTThreeClosures.AffineTwoArmCRTPacket20260901.packet_in_upper_half' depends on axioms: [propext,
 Classical.choice,
 Quot.sound]
'IUTThreeClosures.AffineTwoArmCRTPacket20260901.packetK_injective' depends on axioms: [propext, Quot.sound]
'IUTThreeClosures.AffineTwoArmCRTPacket20260901.short_carrier_squarefree' depends on axioms: [propext,
 Classical.choice,
 Quot.sound]
'IUTThreeClosures.AffineTwoArmCRTPacket20260901.short_carrier_dvd_counterexample' depends on axioms: [propext,
 Classical.choice,
 Quot.sound]
'IUTThreeClosures.AffineTwoArmCRTPacket20260901.squarefree_dvd_abcRadical' depends on axioms: [propext,
 Classical.choice,
 Quot.sound]
'IUTThreeClosures.AffineTwoArmCRTPacket20260901.counterexample_not_threeQuarter' depends on axioms: [propext,
 Classical.choice,
 Quot.sound]
EXIT_CODE: 0
