WORKDIR: E:\AImath\abc猜想\Lean
COMMAND: C:\Users\Admin\.elan\bin\lake.EXE env lean IUTThreeClosures/CarellaGlobalOmegaHypothesis20260901.lean
'IUTThreeClosures.CarellaGlobalOmegaHypothesis20260901.mul_right_injective_of_pos' does not depend on any axioms
'IUTThreeClosures.CarellaGlobalOmegaHypothesis20260901.positiveMultiplesUpTo_card' depends on axioms: [propext,
 Classical.choice,
 Quot.sound]
'IUTThreeClosures.CarellaGlobalOmegaHypothesis20260901.primeFactors_card_le_mul' depends on axioms: [propext,
 Classical.choice,
 Quot.sound]
'IUTThreeClosures.CarellaGlobalOmegaHypothesis20260901.highOmegaUpTo_card_lower' depends on axioms: [propext,
 Classical.choice,
 Quot.sound]
'IUTThreeClosures.CarellaGlobalOmegaHypothesis20260901.threeFifths_target_lt_one' depends on axioms: [propext,
 Classical.choice,
 Quot.sound]
'IUTThreeClosures.CarellaGlobalOmegaHypothesis20260901.exists_positive_epsilon_scaled_lt_one' depends on axioms: [propext,
 Classical.choice,
 Quot.sound]
'IUTThreeClosures.CarellaGlobalOmegaHypothesis20260901.exists_epsilon_of_threeFifths_radical_target' depends on axioms: [propext,
 Classical.choice,
 Quot.sound]
'IUTThreeClosures.CarellaGlobalOmegaHypothesis20260901.threeFifths_density_threshold_iff' depends on axioms: [propext,
 Classical.choice,
 Quot.sound]
'IUTThreeClosures.CarellaGlobalOmegaHypothesis20260901.oneFifth_radical_slope_feasible_of_exponent_at_least_six' depends on axioms: [propext,
 Classical.choice,
 Quot.sound]
'IUTThreeClosures.CarellaGlobalOmegaHypothesis20260901.exists_epsilon_for_oneFifth_radical_slope_of_exponent_at_least_six' depends on axioms: [propext,
 Classical.choice,
 Quot.sound]
'IUTThreeClosures.CarellaGlobalOmegaHypothesis20260901.not_abcConjecture_of_threeFifths_radical_target' depends on axioms: [propext,
 Classical.choice,
 Quot.sound]
EXIT_CODE: 0
