WORKDIR: E:\AImath\abc猜想\Lean
COMMAND: C:\Users\Admin\.elan\bin\lake.EXE env lean IUTThreeClosures/IUTPrimeUnitLabelVectorBridge20260901.lean
'IUTThreeClosures.IUTPrimeUnitLabelVectorBridge20260901.localUnit_valuation_zero' depends on axioms: [propext,
 Classical.choice,
 Quot.sound]
'IUTThreeClosures.IUTPrimeUnitLabelVectorBridge20260901.padicLocalUnit_valuation_zero' depends on axioms: [propext,
 Classical.choice,
 Quot.sound]
'IUTThreeClosures.IUTPrimeUnitLabelVectorBridge20260901.padic_reconstruct_primeUnit' depends on axioms: [propext,
 Classical.choice,
 Quot.sound]
'IUTThreeClosures.IUTPrimeUnitLabelVectorBridge20260901.padic_eq_of_primeUnit_eq' depends on axioms: [propext,
 Classical.choice,
 Quot.sound]
'IUTThreeClosures.IUTPrimeUnitLabelVectorBridge20260901.fieldScaleUnit_ne_zero' depends on axioms: [propext,
 Classical.choice,
 Quot.sound]
'IUTThreeClosures.IUTPrimeUnitLabelVectorBridge20260901.fieldScale_reconstruct' depends on axioms: [propext,
 Classical.choice,
 Quot.sound]
'IUTThreeClosures.IUTPrimeUnitLabelVectorBridge20260901.fieldScaleCoordinate_injective' depends on axioms: [propext,
 Classical.choice,
 Quot.sound]
'IUTThreeClosures.IUTPrimeUnitLabelVectorBridge20260901.fieldScaleFingerprint' depends on axioms: [propext,
 Classical.choice,
 Quot.sound]
'IUTThreeClosures.IUTPrimeUnitLabelVectorBridge20260901.reconstruct_primeUnitCoordinate' depends on axioms: [propext,
 Classical.choice,
 Quot.sound]
'IUTThreeClosures.IUTPrimeUnitLabelVectorBridge20260901.primeUnitCoordinate_injective' depends on axioms: [propext,
 Classical.choice,
 Quot.sound]
'IUTThreeClosures.IUTPrimeUnitLabelVectorBridge20260901.labelledSignature_injective' depends on axioms: [Quot.sound]
'IUTThreeClosures.IUTPrimeUnitLabelVectorBridge20260901.region_subset_of_labelledSignature_image_subset' depends on axioms: [Quot.sound]
'IUTThreeClosures.IUTPrimeUnitLabelVectorBridge20260901.region_eq_of_labelledSignature_image_eq' depends on axioms: [propext,
 Classical.choice,
 Quot.sound]
'IUTThreeClosures.IUTPrimeUnitLabelVectorBridge20260901.region_bound_of_labelledSignature_image_subset' depends on axioms: [propext,
 Classical.choice,
 Quot.sound]
'IUTThreeClosures.IUTPrimeUnitLabelVectorBridge20260901.bound_of_labelledSignature_eq' depends on axioms: [propext,
 Classical.choice,
 Quot.sound]
'IUTThreeClosures.IUTPrimeUnitLabelVectorBridge20260901.reconstruct_under_relabeling' depends on axioms: [Quot.sound]
'IUTThreeClosures.IUTPrimeUnitLabelVectorBridge20260901.rational_labelledSignature_injective' depends on axioms: [propext,
 Classical.choice,
 Quot.sound]
'IUTThreeClosures.IUTPrimeUnitLabelVectorBridge20260901.padic_labelledSignature_injective' depends on axioms: [propext,
 Classical.choice,
 Quot.sound]
'IUTThreeClosures.IUTPrimeUnitLabelVectorBridge20260901.rational_packet_eq_of_local_coordinates' depends on axioms: [propext,
 Classical.choice,
 Quot.sound]
'IUTThreeClosures.IUTPrimeUnitLabelVectorBridge20260901.weightedObservable_eq_of_signature_eq' depends on axioms: [propext,
 Classical.choice,
 Quot.sound]
'IUTThreeClosures.IUTPrimeUnitLabelVectorBridge20260901.positiveNormalizedObservable_eq_of_signature_eq' depends on axioms: [propext,
 Classical.choice,
 Quot.sound]
'IUTThreeClosures.IUTPrimeUnitLabelVectorBridge20260901.PrimeUnitVectorTransport.comp' depends on axioms: [propext,
 Classical.choice,
 Quot.sound]
'IUTThreeClosures.IUTPrimeUnitLabelVectorBridge20260901.PrimeUnitVectorTransport.unitTwist_ne_zero' depends on axioms: [propext,
 Classical.choice,
 Quot.sound]
'IUTThreeClosures.IUTPrimeUnitLabelVectorBridge20260901.PrimeUnitVectorTransport.unitTwist_valuation_zero' depends on axioms: [propext,
 Classical.choice,
 Quot.sound]
'IUTThreeClosures.IUTPrimeUnitLabelVectorBridge20260901.PrimeUnitVectorTransport.vectorHolonomy_eq_identity_of_closed' depends on axioms: [propext,
 Classical.choice,
 Quot.sound]
'IUTThreeClosures.IUTPrimeUnitLabelVectorBridge20260901.exponentOnly_labelled_counterexample' depends on axioms: [propext,
 Classical.choice,
 Quot.sound]
'IUTThreeClosures.IUTPrimeUnitLabelVectorBridge20260901.residueUnit_counterexample' depends on axioms: [propext,
 Classical.choice,
 Quot.sound]
'IUTThreeClosures.IUTPrimeUnitLabelVectorBridge20260901.unlabelled_coordinates_match_after_swap' depends on axioms: [propext,
 Classical.choice,
 Quot.sound]
'IUTThreeClosures.IUTPrimeUnitLabelVectorBridge20260901.swappedPacket_vectorTransport' depends on axioms: [propext,
 Classical.choice,
 Quot.sound]
'IUTThreeClosures.IUTPrimeUnitLabelVectorBridge20260901.unlabelled_exact_coordinate_counterexample' depends on axioms: [propext,
 Classical.choice,
 Quot.sound]
'IUTThreeClosures.IUTPrimeUnitLabelVectorBridge20260901.localUnit_ne_zero' depends on axioms: [propext,
 Classical.choice,
 Quot.sound]
'IUTThreeClosures.IUTPrimeUnitLabelVectorBridge20260901.PrimeUnitVectorTransport.exponentShift_eq_zero_of_closed' depends on axioms: [propext,
 Classical.choice,
 Quot.sound]
'IUTThreeClosures.IUTPrimeUnitLabelVectorBridge20260901.PrimeUnitVectorTransport.unitTwist_eq_one_of_closed' depends on axioms: [propext,
 Classical.choice,
 Quot.sound]
'IUTThreeClosures.IUTPrimeUnitLabelVectorBridge20260901.localExponent_five_one' depends on axioms: [propext,
 Classical.choice,
 Quot.sound]
'IUTThreeClosures.IUTPrimeUnitLabelVectorBridge20260901.localExponent_five_two' depends on axioms: [propext,
 Classical.choice,
 Quot.sound]
'IUTThreeClosures.IUTPrimeUnitLabelVectorBridge20260901.localExponent_five_six' depends on axioms: [propext,
 Classical.choice,
 Quot.sound]
'IUTThreeClosures.IUTPrimeUnitLabelVectorBridge20260901.localUnit_five_one' depends on axioms: [propext,
 Classical.choice,
 Quot.sound]
'IUTThreeClosures.IUTPrimeUnitLabelVectorBridge20260901.localUnit_five_two' depends on axioms: [propext,
 Classical.choice,
 Quot.sound]
'IUTThreeClosures.IUTPrimeUnitLabelVectorBridge20260901.localUnit_five_six' depends on axioms: [propext,
 Classical.choice,
 Quot.sound]
'IUTThreeClosures.IUTPrimeUnitLabelVectorBridge20260901.exponentOnly_counterexample_unit_parts_differ' depends on axioms: [propext,
 Classical.choice,
 Quot.sound]
'IUTThreeClosures.IUTPrimeUnitLabelVectorBridge20260901.swapped_packets_ne' depends on axioms: [propext,
 Classical.choice,
 Quot.sound]
'IUTThreeClosures.IUTPrimeUnitLabelVectorBridge20260901.swappedPacket_unitTwist_product_one' depends on axioms: [propext,
 Classical.choice,
 Quot.sound]
'IUTThreeClosures.IUTPrimeUnitLabelVectorBridge20260901.swappedPacket_nontrivial_labelwise_unitTwist' depends on axioms: [propext,
 Classical.choice,
 Quot.sound]
EXIT_CODE: 0
