WORKDIR: E:\AImath\abc猜想\Lean
COMMAND: C:\Users\Admin\.elan\bin\lake.EXE env lean IUTThreeClosures/MersenneWieferichTailReduction20260901.lean
'IUTThreeClosures.MersenneWieferichTailReduction20260901.logMass_decomposition_of_excess_eq_support_mul_deep' depends on axioms: [propext,
 Classical.choice,
 Quot.sound]
'IUTThreeClosures.MersenneWieferichTailReduction20260901.primePower_excess_le_powerful_le_square' depends on axioms: [propext,
 Classical.choice,
 Quot.sound]
'IUTThreeClosures.MersenneWieferichTailReduction20260901.finitePowerfulExcess_le_part_le_square' depends on axioms: [propext,
 Classical.choice,
 Quot.sound]
'IUTThreeClosures.MersenneWieferichTailReduction20260901.logMass_comparison_of_excess_powerful_bounds' depends on axioms: [propext,
 Classical.choice,
 Quot.sound]
'IUTThreeClosures.MersenneWieferichTailReduction20260901.finitePowerful_logMass_comparison' depends on axioms: [propext,
 Classical.choice,
 Quot.sound]
'IUTThreeClosures.MersenneWieferichTailReduction20260901.deep_or_large_of_small_control' depends on axioms: [propext,
 Classical.choice,
 Quot.sound]
'IUTThreeClosures.MersenneWieferichTailReduction20260901.deep_or_transition_or_extreme_of_small_control' depends on axioms: [propext,
 Classical.choice,
 Quot.sound]
'IUTThreeClosures.MersenneWieferichTailReduction20260901.transitionMass_le_card_mul_cap' depends on axioms: [propext,
 Classical.choice,
 Quot.sound]
'IUTThreeClosures.MersenneWieferichTailReduction20260901.transitionCard_lowerBound_of_mass' depends on axioms: [propext,
 Classical.choice,
 Quot.sound]
'IUTThreeClosures.MersenneWieferichTailReduction20260901.transitionCard_lowerBound_of_log_bound' depends on axioms: [propext,
 Classical.choice,
 Quot.sound]
'IUTThreeClosures.MersenneWieferichTailReduction20260901.repeatedSupport_card_log_budget' depends on axioms: [propext,
 Classical.choice,
 Quot.sound]
'IUTThreeClosures.MersenneWieferichTailReduction20260901.transitionCard_fixedFraction_of_squareBudget' depends on axioms: [propext,
 Classical.choice,
 Quot.sound]
'IUTThreeClosures.MersenneWieferichTailReduction20260901.transitionCard_fixedFraction_of_ambientSquareBudget' depends on axioms: [propext,
 Classical.choice,
 Quot.sound]
EXIT_CODE: 0
