'ABCEisenstein20260905.mul_comm' depends on axioms: [propext, Classical.choice, Quot.sound]
'ABCEisenstein20260905.mul_assoc' depends on axioms: [propext, Classical.choice, Quot.sound]
'ABCEisenstein20260905.mul_one' depends on axioms: [propext]
'ABCEisenstein20260905.norm_mul' depends on axioms: [propext, Classical.choice, Quot.sound]
'ABCEisenstein20260905.conjugate_product' depends on axioms: [propext, Classical.choice, Quot.sound]
'ABCEisenstein20260905.rotate_boundary' depends on axioms: [propext, Classical.choice, Quot.sound]
'ABCEisenstein20260905.rotate_norm' depends on axioms: [propext, Classical.choice, Quot.sound]
'ABCEisenstein20260905.norm_height_identity' depends on axioms: [propext, Classical.choice, Quot.sound]
'ABCEisenstein20260905.inverse_numerators' depends on axioms: [propext, Classical.choice, Quot.sound]
'ABCEisenstein20260905.boundary_remainder_x' depends on axioms: [propext, Classical.choice, Quot.sound]
'ABCEisenstein20260905.boundary_remainder_y' depends on axioms: [propext, Classical.choice, Quot.sound]
'ABCEisenstein20260905.boundary_remainder_sum' depends on axioms: [propext, Classical.choice, Quot.sound]
'ABCEisenstein20260905.step_is_mul' depends on axioms: [propext, Classical.choice, Quot.sound]
'ABCEisenstein20260905.step_norm' depends on axioms: [propext, Classical.choice, Quot.sound]
'ABCEisenstein20260905.orbit_norm' depends on axioms: [propext, Classical.choice, Quot.sound]
'ABCEisenstein20260905.orbit_add' depends on axioms: [propext, Classical.choice, Quot.sound]
'ABCEisenstein20260905.orbit_six' does not depend on any axioms
'ABCEisenstein20260905.orbit_six_shift' depends on axioms: [propext, Classical.choice, Quot.sound]
'ABCEisenstein20260905.orbit_mod_four' depends on axioms: [propext, Classical.choice, Quot.sound]
'ABCEisenstein20260905.orbit_mod_seven' depends on axioms: [propext, Classical.choice, Quot.sound]
'ABCEisenstein20260905.cubic_coordinate' depends on axioms: [propext, Classical.choice, Quot.sound]
'ABCEisenstein20260905.boundary_step_recurrence' depends on axioms: [propext, Classical.choice, Quot.sound]
'ABCEisenstein20260905.orbit_boundary_recurrence' depends on axioms: [propext, Classical.choice, Quot.sound]
'ABCEisenstein20260905.orbit_boundary_lucas' depends on axioms: [propext, Classical.choice, Quot.sound]
'ABCEisenstein20260905.cubic_difference' depends on axioms: [propext, Classical.choice, Quot.sound]
'ABCEisenstein20260905.orbit_cubic_difference' depends on axioms: [propext, Classical.choice, Quot.sound]
'ABCEisenstein20260905.exact_small_orbits' does not depend on any axioms
'ABCEisenstein20260905.boundary_factor_certificates' does not depend on any axioms
'ABCEisenstein20260905.defect_ratio_increases' depends on axioms: [propext, Quot.sound]

'ABCGramRigidity20260907.actual_norm_nonnegative' depends on axioms: [propext, Classical.choice, Quot.sound]
'ABCGramRigidity20260907.actual_gram_identity' depends on axioms: [propext, Quot.sound]
'ABCGramRigidity20260907.actual_determinant_square_bound' depends on axioms: [propext, Classical.choice, Quot.sound]
'ABCGramRigidity20260907.actual_determinant_zero_of_modulus' depends on axioms: [propext, Classical.choice, Quot.sound]

'ABCActualSignedProducts20260907.private_signed_valuation' depends on axioms: [propext, Classical.choice, Quot.sound]
'ABCActualSignedProducts20260907.private_signed_coordinates_equal' depends on axioms: [propext,
 Classical.choice,
 Quot.sound]
'ABCActualSignedProducts20260907.private_signed_product_injective' depends on axioms: [propext,
 Classical.choice,
 Quot.sound]
'ABCActualSignedProducts20260907.actual_unit_normalized_injective' depends on axioms: [propext,
 Classical.choice,
 Quot.sound]
'ABCActualSignedProducts20260907.actual_finite_signed_capacity' depends on axioms: [propext,
 Classical.choice,
 Quot.sound]
'ABCActualSignedProducts20260907.actual_diamond_card' depends on axioms: [propext, Classical.choice, Quot.sound]
'ABCActualSignedProducts20260907.actual_diamond_coordinates_injective' depends on axioms: [propext, Quot.sound]
'ABCActualSignedProducts20260907.absolute_sum_le_of_four_corners' depends on axioms: [propext]
'ABCActualSignedProducts20260907.actual_diamond_radius' depends on axioms: [propext, Quot.sound]
'ABCActualSignedProducts20260907.actual_pair_vector_injective' depends on axioms: [propext]
'ABCActualSignedProducts20260907.actual_private_diamond_injective' depends on axioms: [propext,
 Classical.choice,
 Quot.sound]
'ABCActualSignedProducts20260907.actual_diamond_target_capacity' depends on axioms: [propext,
 Classical.choice,
 Quot.sound]

'ABCJointPhasePackets20260907.actual_phase_addition' depends on axioms: [propext, Quot.sound]
'ABCJointPhasePackets20260907.actual_phase_norm' depends on axioms: [propext, Quot.sound]
'ABCJointPhasePackets20260907.cubic_discriminant_identity' depends on axioms: [propext, Quot.sound]
'ABCJointPhasePackets20260907.actual_phase_product_square_bound' depends on axioms: [propext,
 Classical.choice,
 Quot.sound]
'ABCJointPhasePackets20260907.actual_phase_zero_of_modulus' depends on axioms: [propext, Classical.choice, Quot.sound]
'ABCJointPhasePackets20260907.phase_divisor_dvd_product' depends on axioms: [propext]
'ABCJointPhasePackets20260907.coprime_phase_moduli_dvd' depends on axioms: [propext, Classical.choice, Quot.sound]
'ABCJointPhasePackets20260907.joint_phase_injective' depends on axioms: [propext, Classical.choice, Quot.sound]
'ABCJointPhasePackets20260907.joint_phase_capacity' depends on axioms: [propext, Classical.choice, Quot.sound]
'ABCJointPhasePackets20260907.private_independence_through_cube_kernel' depends on axioms: [propext,
 Classical.choice,
 Quot.sound]

'ABCQuotientCurveArithmetic20260907.actual_cubic_symmetry' depends on axioms: [propext, Quot.sound]
'ABCQuotientCurveArithmetic20260907.actual_mobius_cube' depends on axioms: [propext]
'ABCQuotientCurveArithmetic20260907.actual_cubic_difference' depends on axioms: [propext, Quot.sound]
'ABCQuotientCurveArithmetic20260907.h2_five_base' depends on axioms: [propext, Classical.choice, Quot.sound]
'ABCQuotientCurveArithmetic20260907.h3_five_base' depends on axioms: [propext, Classical.choice, Quot.sound]
'ABCQuotientCurveArithmetic20260907.h2_five_quadratic' depends on axioms: [propext, Classical.choice, Quot.sound]
'ABCQuotientCurveArithmetic20260907.h3_five_quadratic' depends on axioms: [propext, Classical.choice, Quot.sound]
'ABCQuotientCurveArithmetic20260907.h2_seven_base' depends on axioms: [propext, Classical.choice, Quot.sound]
'ABCQuotientCurveArithmetic20260907.h3_seven_base' depends on axioms: [propext, Classical.choice, Quot.sound]
'ABCQuotientCurveArithmetic20260907.h2_seven_quadratic' depends on axioms: [propext, Classical.choice, Quot.sound]
'ABCQuotientCurveArithmetic20260907.h3_seven_quadratic' depends on axioms: [propext, Classical.choice, Quot.sound]
'ABCQuotientCurveArithmetic20260907.five_not_integer_square' depends on axioms: [propext, Classical.choice, Quot.sound]
'ABCQuotientCurveArithmetic20260907.seventeen_not_integer_square' depends on axioms: [propext,
 Classical.choice,
 Quot.sound]
'ABCQuotientCurveArithmetic20260907.h2_trace_factor_obstruction' depends on axioms: [propext,
 Classical.choice,
 Quot.sound]
'ABCQuotientCurveArithmetic20260907.h3_trace_factor_obstruction' depends on axioms: [propext,
 Classical.choice,
 Quot.sound]
'ABCQuotientCurveArithmetic20260907.actual_frobenius_arithmetic' depends on axioms: [propext, Quot.sound]
'ABCQuotientCurveArithmetic20260907.actual_torsion_divisor_obstructions' depends on axioms: [propext]
