ℹ [2/7] Built EisensteinDescent (4.5s)
info: EisensteinDescent.lean:197:0: 'ABCEisenstein20260905.mul_comm' depends on axioms: [propext, Classical.choice, Quot.sound]
info: EisensteinDescent.lean:198:0: 'ABCEisenstein20260905.mul_assoc' depends on axioms: [propext, Classical.choice, Quot.sound]
info: EisensteinDescent.lean:199:0: 'ABCEisenstein20260905.mul_one' depends on axioms: [propext]
info: EisensteinDescent.lean:200:0: 'ABCEisenstein20260905.norm_mul' depends on axioms: [propext, Classical.choice, Quot.sound]
info: EisensteinDescent.lean:201:0: 'ABCEisenstein20260905.conjugate_product' depends on axioms: [propext, Classical.choice, Quot.sound]
info: EisensteinDescent.lean:202:0: 'ABCEisenstein20260905.rotate_boundary' depends on axioms: [propext, Classical.choice, Quot.sound]
info: EisensteinDescent.lean:203:0: 'ABCEisenstein20260905.rotate_norm' depends on axioms: [propext, Classical.choice, Quot.sound]
info: EisensteinDescent.lean:204:0: 'ABCEisenstein20260905.norm_height_identity' depends on axioms: [propext, Classical.choice, Quot.sound]
info: EisensteinDescent.lean:205:0: 'ABCEisenstein20260905.inverse_numerators' depends on axioms: [propext, Classical.choice, Quot.sound]
info: EisensteinDescent.lean:206:0: 'ABCEisenstein20260905.boundary_remainder_x' depends on axioms: [propext, Classical.choice, Quot.sound]
info: EisensteinDescent.lean:207:0: 'ABCEisenstein20260905.boundary_remainder_y' depends on axioms: [propext, Classical.choice, Quot.sound]
info: EisensteinDescent.lean:208:0: 'ABCEisenstein20260905.boundary_remainder_sum' depends on axioms: [propext, Classical.choice, Quot.sound]
info: EisensteinDescent.lean:209:0: 'ABCEisenstein20260905.step_is_mul' depends on axioms: [propext, Classical.choice, Quot.sound]
info: EisensteinDescent.lean:210:0: 'ABCEisenstein20260905.step_norm' depends on axioms: [propext, Classical.choice, Quot.sound]
info: EisensteinDescent.lean:211:0: 'ABCEisenstein20260905.orbit_norm' depends on axioms: [propext, Classical.choice, Quot.sound]
info: EisensteinDescent.lean:212:0: 'ABCEisenstein20260905.orbit_add' depends on axioms: [propext, Classical.choice, Quot.sound]
info: EisensteinDescent.lean:213:0: 'ABCEisenstein20260905.orbit_six' does not depend on any axioms
info: EisensteinDescent.lean:214:0: 'ABCEisenstein20260905.orbit_six_shift' depends on axioms: [propext, Classical.choice, Quot.sound]
info: EisensteinDescent.lean:215:0: 'ABCEisenstein20260905.orbit_mod_four' depends on axioms: [propext, Classical.choice, Quot.sound]
info: EisensteinDescent.lean:216:0: 'ABCEisenstein20260905.orbit_mod_seven' depends on axioms: [propext, Classical.choice, Quot.sound]
info: EisensteinDescent.lean:217:0: 'ABCEisenstein20260905.cubic_coordinate' depends on axioms: [propext, Classical.choice, Quot.sound]
info: EisensteinDescent.lean:218:0: 'ABCEisenstein20260905.boundary_step_recurrence' depends on axioms: [propext, Classical.choice, Quot.sound]
info: EisensteinDescent.lean:219:0: 'ABCEisenstein20260905.orbit_boundary_recurrence' depends on axioms: [propext, Classical.choice, Quot.sound]
info: EisensteinDescent.lean:220:0: 'ABCEisenstein20260905.orbit_boundary_lucas' depends on axioms: [propext, Classical.choice, Quot.sound]
info: EisensteinDescent.lean:221:0: 'ABCEisenstein20260905.cubic_difference' depends on axioms: [propext, Classical.choice, Quot.sound]
info: EisensteinDescent.lean:222:0: 'ABCEisenstein20260905.orbit_cubic_difference' depends on axioms: [propext, Classical.choice, Quot.sound]
info: EisensteinDescent.lean:223:0: 'ABCEisenstein20260905.exact_small_orbits' does not depend on any axioms
info: EisensteinDescent.lean:224:0: 'ABCEisenstein20260905.boundary_factor_certificates' does not depend on any axioms
info: EisensteinDescent.lean:225:0: 'ABCEisenstein20260905.defect_ratio_increases' depends on axioms: [propext, Quot.sound]
ℹ [3/7] Built QuarticTwistArithmetic (4.9s)
info: QuarticTwistArithmetic.lean:129:0: 'ABCQuarticTwistArithmetic20260907.square_residue_table' does not depend on any axioms
info: QuarticTwistArithmetic.lean:130:0: 'ABCQuarticTwistArithmetic20260907.dual_parity_tables' does not depend on any axioms
info: QuarticTwistArithmetic.lean:131:0: 'ABCQuarticTwistArithmetic20260907.quartic_mod' depends on axioms: [propext]
info: QuarticTwistArithmetic.lean:132:0: 'ABCQuarticTwistArithmetic20260907.primitive_not_both_zero_mod' depends on axioms: [propext, Quot.sound]
info: QuarticTwistArithmetic.lean:133:0: 'ABCQuarticTwistArithmetic20260907.integer_square_not_bad16' depends on axioms: [propext, Quot.sound]
info: QuarticTwistArithmetic.lean:134:0: 'ABCQuarticTwistArithmetic20260907.primitive_dual_rhs_bad16' depends on axioms: [propext, Classical.choice, Quot.sound]
info: QuarticTwistArithmetic.lean:135:0: 'ABCQuarticTwistArithmetic20260907.three_dual_class_exclusions' depends on axioms: [propext,
 Classical.choice,
 Quot.sound]
info: QuarticTwistArithmetic.lean:136:0: 'ABCQuarticTwistArithmetic20260907.mod_three_table' does not depend on any axioms
info: QuarticTwistArithmetic.lean:137:0: 'ABCQuarticTwistArithmetic20260907.square_zero_mod_three' depends on axioms: [propext, Quot.sound]
info: QuarticTwistArithmetic.lean:138:0: 'ABCQuarticTwistArithmetic20260907.dual_three_class_exclusion' depends on axioms: [propext,
 Classical.choice,
 Quot.sound]
info: QuarticTwistArithmetic.lean:139:0: 'ABCQuarticTwistArithmetic20260907.reciprocal_twist_identity' depends on axioms: [propext, Classical.choice, Quot.sound]
info: QuarticTwistArithmetic.lean:140:0: 'ABCQuarticTwistArithmetic20260907.actual_square_second_norm' does not depend on any axioms
ℹ [4/7] Built BoundaryGcd (2.3s)
info: BoundaryGcd.lean:155:0: 'ABCEisenstein20260905.nat_gcd_product' depends on axioms: [propext, Quot.sound]
info: BoundaryGcd.lean:156:0: 'ABCEisenstein20260905.int_gcd_product' depends on axioms: [propext, Quot.sound]
info: BoundaryGcd.lean:157:0: 'ABCEisenstein20260905.int_gcd_cancel' depends on axioms: [propext, Quot.sound]
info: BoundaryGcd.lean:158:0: 'ABCEisenstein20260905.int_gcd_cancel_cube' depends on axioms: [propext, Quot.sound]
info: BoundaryGcd.lean:159:0: 'ABCEisenstein20260905.gcd_of_remainder' depends on axioms: [propext, Quot.sound]
info: BoundaryGcd.lean:160:0: 'ABCEisenstein20260905.boundary_gcd' depends on axioms: [propext, Classical.choice, Quot.sound]
info: BoundaryGcd.lean:161:0: 'ABCEisenstein20260905.gcd_seven_of_nonzero_residue' depends on axioms: [propext, Quot.sound]
info: BoundaryGcd.lean:162:0: 'ABCEisenstein20260905.orbit_primitive' depends on axioms: [propext, Classical.choice, Quot.sound]
info: BoundaryGcd.lean:163:0: 'ABCEisenstein20260905.mass_gcd_add' depends on axioms: [propext, Classical.choice, Quot.sound]
info: BoundaryGcd.lean:164:0: 'ABCEisenstein20260905.mass_gcd_multiple' depends on axioms: [propext, Classical.choice, Quot.sound]
info: BoundaryGcd.lean:165:0: 'ABCEisenstein20260905.mass_strong_divisibility' depends on axioms: [propext, Classical.choice, Quot.sound]
ℹ [5/7] Built MovingSupport (2.6s)
info: MovingSupport.lean:166:0: 'ABCMovingSupport20260906.gcd_square' depends on axioms: [propext, Quot.sound]
info: MovingSupport.lean:167:0: 'ABCMovingSupport20260906.norm_boundary_coprime' depends on axioms: [propext, Classical.choice, Quot.sound]
info: MovingSupport.lean:168:0: 'ABCMovingSupport20260906.cubic_boundary_identity' depends on axioms: [propext, Classical.choice, Quot.sound]
info: MovingSupport.lean:169:0: 'ABCMovingSupport20260906.cubic_boundary_upper' depends on axioms: [propext, Classical.choice, Quot.sound]
info: MovingSupport.lean:170:0: 'ABCMovingSupport20260906.cubic_conjugate_coordinates' depends on axioms: [propext, Classical.choice, Quot.sound]
info: MovingSupport.lean:171:0: 'ABCMovingSupport20260906.truncation_exponents' depends on axioms: [propext, Quot.sound]
info: MovingSupport.lean:172:0: 'ABCMovingSupport20260906.single_compensated_identity' depends on axioms: [propext, Quot.sound]
info: MovingSupport.lean:173:0: 'ABCMovingSupport20260906.compensated_identity' depends on axioms: [propext, Classical.choice, Quot.sound]
info: MovingSupport.lean:174:0: 'ABCMovingSupport20260906.credit_positive' depends on axioms: [propext, Quot.sound]
info: MovingSupport.lean:175:0: 'ABCMovingSupport20260906.truncated_bound' depends on axioms: [propext, Classical.choice, Quot.sound]
info: MovingSupport.lean:176:0: 'ABCMovingSupport20260906.cubic_height_bridge' depends on axioms: [propext]
info: MovingSupport.lean:177:0: 'ABCMovingSupport20260906.exact_balance_bridge' depends on axioms: [propext, Classical.choice, Quot.sound]
ℹ [6/7] Built ResidualCollisions (2.7s)
info: ResidualCollisions.lean:173:0: 'ABCResidualCollisions20260907.boundary_scalar' depends on axioms: [propext, Classical.choice, Quot.sound]
info: ResidualCollisions.lean:174:0: 'ABCResidualCollisions20260907.cross_product' depends on axioms: [propext, Classical.choice, Quot.sound]
info: ResidualCollisions.lean:175:0: 'ABCResidualCollisions20260907.residual_norm_boundary_coprime' depends on axioms: [propext,
 Classical.choice,
 Quot.sound]
info: ResidualCollisions.lean:176:0: 'ABCResidualCollisions20260907.cross_residual_boundary_gcd' depends on axioms: [propext, Classical.choice, Quot.sound]
info: ResidualCollisions.lean:177:0: 'ABCResidualCollisions20260907.gram_identity' depends on axioms: [propext, Classical.choice, Quot.sound]
info: ResidualCollisions.lean:178:0: 'ABCResidualCollisions20260907.determinant_mul' depends on axioms: [propext, Classical.choice, Quot.sound]
info: ResidualCollisions.lean:179:0: 'ABCResidualCollisions20260907.norm_linear_factor_identities' depends on axioms: [propext, Classical.choice, Quot.sound]
info: ResidualCollisions.lean:180:0: 'ABCResidualCollisions20260907.integer_square_nonnegative' depends on axioms: [propext, Classical.choice, Quot.sound]
info: ResidualCollisions.lean:181:0: 'ABCResidualCollisions20260907.norm_linear_factor_bounds' depends on axioms: [propext, Classical.choice, Quot.sound]
info: ResidualCollisions.lean:182:0: 'ABCResidualCollisions20260907.gram_bound' depends on axioms: [propext, Classical.choice, Quot.sound]
info: ResidualCollisions.lean:183:0: 'ABCResidualCollisions20260907.nonzero_divisor_square' depends on axioms: [propext, Classical.choice, Quot.sound]
info: ResidualCollisions.lean:184:0: 'ABCResidualCollisions20260907.independent_lattice_norm_bound' depends on axioms: [propext,
 Classical.choice,
 Quot.sound]
info: ResidualCollisions.lean:185:0: 'ABCResidualCollisions20260907.same_arm_determinant_dvd' depends on axioms: [propext, Classical.choice, Quot.sound]
info: ResidualCollisions.lean:186:0: 'ABCResidualCollisions20260907.multiplied_same_arm_determinant_dvd' depends on axioms: [propext,
 Classical.choice,
 Quot.sound]
info: ResidualCollisions.lean:187:0: 'ABCResidualCollisions20260907.annotated_prime_power_norm_bound' depends on axioms: [propext,
 Classical.choice,
 Quot.sound]
Build completed successfully (7 jobs).
info: ABCResidualCollisionAudit: no previous manifest, creating one from scratch
info: toolchain not updated; already up-to-date
