'IUTThreeClosures.PellLucasFactorQuotientProjectiveCoupling20260902.tripleCarrier_coefficients' depends on axioms: [propext]
'IUTThreeClosures.PellLucasFactorQuotientProjectiveCoupling20260902.positiveCarrier_minimal_coefficients' depends on axioms: [propext]
'IUTThreeClosures.PellLucasFactorQuotientProjectiveCoupling20260902.negativeCarrier_minimal_coefficients' depends on axioms: [propext,
 Quot.sound]
'IUTThreeClosures.PellLucasFactorQuotientProjectiveCoupling20260902.companionJets_difference_exact' depends on axioms: [propext,
 Quot.sound]
'IUTThreeClosures.PellLucasFactorQuotientProjectiveCoupling20260902.companionJets_modEq_of_completeThirdOrderLedger' depends on axioms: [propext,
 Quot.sound]
'IUTThreeClosures.PellLucasFactorQuotientProjectiveCoupling20260902.completeThirdOrderLedger_modEllCube_of_companionJets' depends on axioms: [propext,
 Classical.choice,
 Quot.sound]
'IUTThreeClosures.PellLucasFactorQuotientProjectiveCoupling20260902.jetEquality_losesEight_counterexample' depends on axioms: [propext,
 Classical.choice,
 Quot.sound]
'IUTThreeClosures.PellLucasFactorQuotientProjectiveCoupling20260902.companionAJet_modEq' depends on axioms: [propext,
 Classical.choice,
 Quot.sound]
'IUTThreeClosures.PellLucasFactorQuotientProjectiveCoupling20260902.companionBJet_modEq' depends on axioms: [propext,
 Classical.choice,
 Quot.sound]
'IUTThreeClosures.PellLucasFactorQuotientProjectiveCoupling20260902.companionAJet_of_factorProduct' depends on axioms: [propext,
 Classical.choice,
 Quot.sound]
'IUTThreeClosures.PellLucasFactorQuotientProjectiveCoupling20260902.companionBJet_of_factorProduct' depends on axioms: [propext,
 Classical.choice,
 Quot.sound]
'IUTThreeClosures.PellLucasFactorQuotientProjectiveCoupling20260902.twoChannel_companionJets' depends on axioms: [propext,
 Classical.choice,
 Quot.sound]
'IUTThreeClosures.PellLucasFactorQuotientProjectiveCoupling20260902.endpointProjectiveCurvature_exact' depends on axioms: [propext,
 Quot.sound]
'IUTThreeClosures.PellLucasFactorQuotientProjectiveCoupling20260902.endpointCurvature_modEq_of_companion' depends on axioms: [propext,
 Classical.choice,
 Quot.sound]
'IUTThreeClosures.PellLucasFactorQuotientProjectiveCoupling20260902.normIdentity_gives_companion_coprime' depends on axioms: [propext,
 Quot.sound]
'IUTThreeClosures.PellLucasFactorQuotientProjectiveCoupling20260902.endpointCurvature_coprime' depends on axioms: [propext,
 Classical.choice,
 Quot.sound]
'IUTThreeClosures.PellLucasFactorQuotientProjectiveCoupling20260902.endpointProjectiveModulus_sharp' depends on axioms: [propext,
 Classical.choice,
 Quot.sound]
'IUTThreeClosures.PellLucasFactorQuotientProjectiveCoupling20260902.endpointProjectiveCurvature_and_sharpness' depends on axioms: [propext,
 Classical.choice,
 Quot.sound]
'IUTThreeClosures.PellLucasFactorQuotientProjectiveCoupling20260902.localLedgerCounterexample_arithmetic' depends on axioms: [propext,
 Classical.choice,
 Quot.sound]
'IUTThreeClosures.PellLucasFactorQuotientProjectiveCoupling20260902.localLedgerCounterexample_characterPowers' depends on axioms: [propext,
 Quot.sound]
'IUTThreeClosures.PellLucasFactorQuotientProjectiveCoupling20260902.indexSeven_factorQuotientTriples' depends on axioms: [propext,
 Quot.sound]
'IUTThreeClosures.PellLucasFactorQuotientProjectiveCoupling20260902.indexSeven_companionAndCurvatureJets' depends on axioms: [propext,
 Classical.choice,
 Quot.sound]
'IUTThreeClosures.PellLucasFactorQuotientProjectiveCoupling20260902.indexSeven_endpointDeterminant' depends on axioms: [propext]
'IUTThreeClosures.PellLucasFactorQuotientProjectiveCoupling20260902.indexSeven_refutes_endpointCubeDivisibility' depends on axioms: [propext,
 Quot.sound]
