'IUTThreeClosures.PellPolynomialHenselSpecialization20260902.pow_succ_dvd_scaled_iff' depends on axioms: [propext,
 Classical.choice,
 Quot.sound]
'IUTThreeClosures.PellPolynomialHenselSpecialization20260902.linearized_hensel_dvd_iff' depends on axioms: [propext,
 Classical.choice,
 Quot.sound]
'IUTThreeClosures.PellPolynomialHenselSpecialization20260902.hensel_digit_dvd_iff' depends on axioms: [propext,
 Classical.choice,
 Quot.sound]
'IUTThreeClosures.PellPolynomialHenselSpecialization20260902.fixed_representative_persists_iff' depends on axioms: [propext,
 Classical.choice,
 Quot.sound]
'IUTThreeClosures.PellPolynomialHenselSpecialization20260902.hensel_digit_unique_mod' depends on axioms: [propext,
 Quot.sound]
'IUTThreeClosures.PellPolynomialHenselSpecialization20260902.fibonacci_derivative_transverse' depends on axioms: [propext]
'IUTThreeClosures.PellPolynomialHenselSpecialization20260902.lucas_derivative_transverse' depends on axioms: [propext]
'IUTThreeClosures.PellPolynomialHenselSpecialization20260902.F3_taylor_mod_square' depends on axioms: [propext,
 Quot.sound]
'IUTThreeClosures.PellPolynomialHenselSpecialization20260902.L3_taylor_mod_square' depends on axioms: [propext,
 Quot.sound]
'IUTThreeClosures.PellPolynomialHenselSpecialization20260902.index_three_base_and_digits' depends on axioms: [propext]
'IUTThreeClosures.PellPolynomialHenselSpecialization20260902.index_three_crt_residue' depends on axioms: [propext]
'IUTThreeClosures.PellPolynomialHenselSpecialization20260902.index_three_global_moving_counterexample' depends on axioms: [propext]
'IUTThreeClosures.PellPolynomialHenselSpecialization20260902.index_three_moving_point_not_full_packet' depends on axioms: [propext,
 Quot.sound]
'IUTThreeClosures.PellPolynomialHenselSpecialization20260902.moving_coefficient_large_factor_prime' depends on axioms: [propext,
 Classical.choice,
 Quot.sound]
'IUTThreeClosures.PellPolynomialHenselSpecialization20260902.moving_coefficient_squarefree' depends on axioms: [propext,
 Classical.choice,
 Quot.sound]
'IUTThreeClosures.PellPolynomialHenselSpecialization20260902.not_indexThreeMovingExclusion' depends on axioms: [propext]
'IUTThreeClosures.PellPolynomialHenselSpecialization20260902.index_seven_transverse_collision' depends on axioms: [propext,
 Quot.sound]
'IUTThreeClosures.PellPolynomialHenselSpecialization20260902.index_seven_next_hensel_digit' depends on axioms: [propext,
 Quot.sound]
'IUTThreeClosures.PellPolynomialHenselSpecialization20260902.index_three_bounded_single_channel_squarefull' depends on axioms: [propext,
 Quot.sound]
'IUTThreeClosures.PellPolynomialHenselSpecialization20260902.index_three_bounded_coefficient_squarefree' depends on axioms: [propext,
 Classical.choice,
 Quot.sound]
'IUTThreeClosures.PellPolynomialHenselSpecialization20260902.not_indexSevenSimpleRootForcesNoSquare' depends on axioms: [propext,
 Quot.sound]
