'IUTThreeClosures.MersenneFareyQuantitativeSwarm20260903.log_lcmUpto_lower' depends on axioms: [propext,
 Classical.choice,
 Quot.sound]
'IUTThreeClosures.MersenneFareyQuantitativeSwarm20260903.log_lcmUpto_upper' depends on axioms: [propext,
 Classical.choice,
 Quot.sound]
'IUTThreeClosures.MersenneFareyQuantitativeSwarm20260903.harmonicPrefix_eq_harmonic' depends on axioms: [propext,
 Classical.choice,
 Quot.sound]
'IUTThreeClosures.MersenneFareyQuantitativeSwarm20260903.harmonicPrefix_le_one_add_log' depends on axioms: [propext,
 Classical.choice,
 Quot.sound]
'IUTThreeClosures.MersenneFareyQuantitativeSwarm20260903.triangularCapacity_le_square' depends on axioms: [propext,
 Classical.choice,
 Quot.sound]
'IUTThreeClosures.MersenneFareyQuantitativeSwarm20260903.triangularCapacity_nonneg' depends on axioms: [propext,
 Classical.choice,
 Quot.sound]
'IUTThreeClosures.MersenneFareyQuantitativeSwarm20260903.prefixFareyEnergy_le_square_mul_one_add_log' depends on axioms: [propext,
 Classical.choice,
 Quot.sound]
'IUTThreeClosures.MersenneFareyQuantitativeSwarm20260903.quantitativeSwarm_cleared' depends on axioms: [propext,
 Classical.choice,
 Quot.sound]
'IUTThreeClosures.MersenneFareyQuantitativeSwarm20260903.quantitativeSwarm_count_lower' depends on axioms: [propext,
 Classical.choice,
 Quot.sound]
'IUTThreeClosures.MersenneFareyQuantitativeSwarm20260903.superWieferichPrimesUpTo' depends on axioms: [propext,
 Classical.choice,
 Quot.sound]
'IUTThreeClosures.MersenneFareyQuantitativeSwarm20260903.mem_superWieferichPrimesUpTo' depends on axioms: [propext,
 Classical.choice,
 Quot.sound]
'IUTThreeClosures.MersenneFareyQuantitativeSwarm20260903.endpointPrime_mem_superWieferichPrimesUpTo' depends on axioms: [propext,
 Classical.choice,
 Quot.sound]
'IUTThreeClosures.MersenneFareyQuantitativeSwarm20260903.endpointRows_card_le_superWieferichPrimesUpTo' depends on axioms: [propext,
 Classical.choice,
 Quot.sound]
'IUTThreeClosures.MersenneFareyQuantitativeSwarm20260903.fullNumeratorRows' depends on axioms: [propext,
 Classical.choice,
 Quot.sound]
'IUTThreeClosures.MersenneFareyQuantitativeSwarm20260903.fullNumeratorRows_prefix_eq' depends on axioms: [propext,
 Classical.choice,
 Quot.sound]
'IUTThreeClosures.MersenneFareyQuantitativeSwarm20260903.UniformStrictPrefixImprovement' depends on axioms: [propext,
 Classical.choice,
 Quot.sound]
'IUTThreeClosures.MersenneFareyQuantitativeSwarm20260903.not_uniformStrictPrefixImprovement' depends on axioms: [propext,
 Classical.choice,
 Quot.sound]
'IUTThreeClosures.MersenneFareyQuantitativeSwarm20260903.not_isLittleO_iff_exists_frequently_gt' depends on axioms: [propext,
 Classical.choice,
 Quot.sound]
'IUTThreeClosures.MersenneFareyQuantitativeSwarm20260903.frequent_quantitativeSwarm_cleared' depends on axioms: [propext,
 Classical.choice,
 Quot.sound]
'IUTThreeClosures.MersenneFareyQuantitativeSwarm20260903.notLittleO_forces_frequentSwarm_of_negligiblePrefix' depends on axioms: [propext,
 Classical.choice,
 Quot.sound]
'IUTThreeClosures.AlternativeQualityPackingBridge20260903.PackingIdentity' depends on axioms: [propext,
 Classical.choice,
 Quot.sound]
'IUTThreeClosures.AlternativeQualityPackingBridge20260903.packing_bound_iff' depends on axioms: [propext,
 Classical.choice,
 Quot.sound]
'IUTThreeClosures.AlternativeQualityPackingBridge20260903.standard_nonneg_and_le_dgm' depends on axioms: [propext,
 Classical.choice,
 Quot.sound]
'IUTThreeClosures.AlternativeQualityPackingBridge20260903.clustered_efficiency_lower' depends on axioms: [propext,
 Classical.choice,
 Quot.sound]
'IUTThreeClosures.AlternativeQualityPackingBridge20260903.dgmWitness' depends on axioms: [propext,
 Classical.choice,
 Quot.sound]
'IUTThreeClosures.AlternativeQualityPackingBridge20260903.efficiencyWitness' depends on axioms: [propext,
 Classical.choice,
 Quot.sound]
'IUTThreeClosures.AlternativeQualityPackingBridge20260903.standardWitness' depends on axioms: [propext,
 Classical.choice,
 Quot.sound]
'IUTThreeClosures.AlternativeQualityPackingBridge20260903.witness_packing_identity' depends on axioms: [propext,
 Classical.choice,
 Quot.sound]
'IUTThreeClosures.AlternativeQualityPackingBridge20260903.witness_efficiency_pos' depends on axioms: [propext,
 Classical.choice,
 Quot.sound]
'IUTThreeClosures.AlternativeQualityPackingBridge20260903.witness_efficiency_le_one' depends on axioms: [propext,
 Classical.choice,
 Quot.sound]
'IUTThreeClosures.AlternativeQualityPackingBridge20260903.witness_dgm_pos' depends on axioms: [propext,
 Classical.choice,
 Quot.sound]
'IUTThreeClosures.AlternativeQualityPackingBridge20260903.witness_dgm_unbounded' depends on axioms: [propext,
 Classical.choice,
 Quot.sound]
'IUTThreeClosures.AlternativeQualityPackingBridge20260903.exists_unboundedDGM_constantStandard' depends on axioms: [propext,
 Classical.choice,
 Quot.sound]
'IUTThreeClosures.PellFixedTwoTransversality20260903.stepMatrix' depends on axioms: [propext, Quot.sound]
'IUTThreeClosures.PellFixedTwoTransversality20260903.sqrtMatrix' depends on axioms: [propext, Quot.sound]
'IUTThreeClosures.PellFixedTwoTransversality20260903.step_eq_one_add' depends on axioms: [propext,
 Classical.choice,
 Quot.sound]
'IUTThreeClosures.PellFixedTwoTransversality20260903.sqrt_sq' depends on axioms: [propext, Classical.choice, Quot.sound]
'IUTThreeClosures.PellFixedTwoTransversality20260903.two_matrix' depends on axioms: [propext,
 Classical.choice,
 Quot.sound]
'IUTThreeClosures.PellFixedTwoTransversality20260903.sqrt_pow_odd' depends on axioms: [propext,
 Classical.choice,
 Quot.sound]
'IUTThreeClosures.PellFixedTwoTransversality20260903.two_matrix_pow' depends on axioms: [propext,
 Classical.choice,
 Quot.sound]
'IUTThreeClosures.PellFixedTwoTransversality20260903.sqrt_pow_odd_explicit' depends on axioms: [propext,
 Classical.choice,
 Quot.sound]
'IUTThreeClosures.PellFixedTwoTransversality20260903.sqrt_pow_odd_first_col' depends on axioms: [propext,
 Classical.choice,
 Quot.sound]
'IUTThreeClosures.PellFixedTwoTransversality20260903.freshman_remainder_first_col' depends on axioms: [propext,
 Classical.choice,
 Quot.sound]
'IUTThreeClosures.PellFixedTwoTransversality20260903.step_mul_first_col' depends on axioms: [propext,
 Classical.choice,
 Quot.sound]
'IUTThreeClosures.PellFixedTwoTransversality20260903.step_pow_first_col' depends on axioms: [propext,
 Classical.choice,
 Quot.sound]
'IUTThreeClosures.PellFixedTwoTransversality20260903.prime_index_coordinate_expansion' depends on axioms: [propext,
 Classical.choice,
 Quot.sound]
'IUTThreeClosures.PellFixedTwoTransversality20260903.prime_index_not_dvd_coordinates' depends on axioms: [propext,
 Classical.choice,
 Quot.sound]
'IUTThreeClosures.PellFixedTwoTransversality20260903.sqrtTwoOrbit_mod_two' depends on axioms: [propext, Quot.sound]
'IUTThreeClosures.PellFixedTwoTransversality20260903.odd_index_coordinates_odd' depends on axioms: [propext,
 Classical.choice,
 Quot.sound]
'IUTThreeClosures.PellFixedTwoTransversality20260903.sqrtTwoOrbit_fst_add_two' depends on axioms: [propext, Quot.sound]
'IUTThreeClosures.PellFixedTwoTransversality20260903.sqrtTwoOrbit_snd_add_two' depends on axioms: [propext, Quot.sound]
'IUTThreeClosures.PellFixedTwoTransversality20260903.pellFValue_two_eq_sqrtTwoOrbit_snd' depends on axioms: [propext,
 Classical.choice,
 Quot.sound]
'IUTThreeClosures.PellFixedTwoTransversality20260903.pellLValue_two_eq_two_mul_sqrtTwoOrbit_fst' depends on axioms: [propext,
 Classical.choice,
 Quot.sound]
'IUTThreeClosures.PellFixedTwoTransversality20260903.fixed_two_lucas_all_support_transverse' depends on axioms: [propext,
 Classical.choice,
 Quot.sound]
'IUTThreeClosures.PellFixedTwoTransversality20260903.fixed_two_fibonacci_all_support_transverse' depends on axioms: [propext,
 Classical.choice,
 Quot.sound]
'IUTThreeClosures.PellFixedTwoTransversality20260903.fixed_two_lucas_support_scale_unit' depends on axioms: [propext,
 Classical.choice,
 Quot.sound]
'IUTThreeClosures.PellFixedTwoTransversality20260903.FixedPrimeIndexAllZeroDisplacements' depends on axioms: [propext,
 Classical.choice,
 Quot.sound]
'IUTThreeClosures.PellFixedTwoTransversality20260903.fixed_two_squarefull_iff_all_zero_displacements' depends on axioms: [propext,
 Classical.choice,
 Quot.sound]
'IUTThreeClosures.PellFixedTwoTransversality20260903.FixedPrimeIndexZeroDisplacementExclusion' depends on axioms: [propext,
 Classical.choice,
 Quot.sound]
'IUTThreeClosures.PellFixedTwoTransversality20260903.FixedPrimeIndexSquarefullExclusion' depends on axioms: [propext]
'IUTThreeClosures.PellFixedTwoTransversality20260903.fixed_zero_displacement_exclusion_iff_squarefull_exclusion' depends on axioms: [propext,
 Classical.choice,
 Quot.sound]
'IUTThreeClosures.PellFixedTwoTransversality20260903.FixedNoIndividualZeroDisplacement' depends on axioms: [propext,
 Classical.choice,
 Quot.sound]
'IUTThreeClosures.PellFixedTwoTransversality20260903.index_seven_fibonacci_zero_displacement' depends on axioms: [propext,
 Classical.choice,
 Quot.sound]
'IUTThreeClosures.PellFixedTwoTransversality20260903.not_fixedNoIndividualZeroDisplacement' depends on axioms: [propext,
 Classical.choice,
 Quot.sound]
'IUTThreeClosures.SteinbergFiveTermBoundaryBridge20260903.DivisorSymbol' depends on axioms: [propext, Quot.sound]
'IUTThreeClosures.SteinbergFiveTermBoundaryBridge20260903.DivisorSymbol.ext' depends on axioms: [propext, Quot.sound]
'IUTThreeClosures.SteinbergFiveTermBoundaryBridge20260903.DivisorSymbolChain' depends on axioms: [propext, Quot.sound]
'IUTThreeClosures.SteinbergFiveTermBoundaryBridge20260903.symbolBoundary' depends on axioms: [propext,
 Classical.choice,
 Quot.sound]
'IUTThreeClosures.SteinbergFiveTermBoundaryBridge20260903.chainBoundary' depends on axioms: [propext,
 Classical.choice,
 Quot.sound]
'IUTThreeClosures.SteinbergFiveTermBoundaryBridge20260903.chainAugmentation' depends on axioms: [propext,
 Classical.choice,
 Quot.sound]
'IUTThreeClosures.SteinbergFiveTermBoundaryBridge20260903.chainBoundary_single' depends on axioms: [propext,
 Classical.choice,
 Quot.sound]
'IUTThreeClosures.SteinbergFiveTermBoundaryBridge20260903.chainAugmentation_single' depends on axioms: [propext,
 Classical.choice,
 Quot.sound]
'IUTThreeClosures.SteinbergFiveTermBoundaryBridge20260903.fiveTermChain' depends on axioms: [propext,
 Classical.choice,
 Quot.sound]
'IUTThreeClosures.SteinbergFiveTermBoundaryBridge20260903.fiveTermChain_augmentation' depends on axioms: [propext,
 Classical.choice,
 Quot.sound]
'IUTThreeClosures.SteinbergFiveTermBoundaryBridge20260903.fiveTermChain_ne_zero' depends on axioms: [propext,
 Classical.choice,
 Quot.sound]
'IUTThreeClosures.SteinbergFiveTermBoundaryBridge20260903.fiveTermChain_boundary' depends on axioms: [propext,
 Classical.choice,
 Quot.sound]
'IUTThreeClosures.SteinbergFiveTermBoundaryBridge20260903.fiveTermGenerators' depends on axioms: [propext,
 Classical.choice,
 Quot.sound]
'IUTThreeClosures.SteinbergFiveTermBoundaryBridge20260903.fiveTermRelation' depends on axioms: [propext,
 Classical.choice,
 Quot.sound]
'IUTThreeClosures.SteinbergFiveTermBoundaryBridge20260903.fiveTermGenerator_mem' depends on axioms: [propext,
 Classical.choice,
 Quot.sound]
'IUTThreeClosures.SteinbergFiveTermBoundaryBridge20260903.fiveTermRelation_ne_bot' depends on axioms: [propext,
 Classical.choice,
 Quot.sound]
'IUTThreeClosures.SteinbergFiveTermBoundaryBridge20260903.fiveTermRelation_le_ker' depends on axioms: [propext,
 Classical.choice,
 Quot.sound]
'IUTThreeClosures.SteinbergFiveTermBoundaryBridge20260903.FiveTermEquivalent' depends on axioms: [propext,
 Classical.choice,
 Quot.sound]
'IUTThreeClosures.SteinbergFiveTermBoundaryBridge20260903.fiveTermEquivalent_refl' depends on axioms: [propext,
 Classical.choice,
 Quot.sound]
'IUTThreeClosures.SteinbergFiveTermBoundaryBridge20260903.fiveTermEquivalent_symm' depends on axioms: [propext,
 Classical.choice,
 Quot.sound]
'IUTThreeClosures.SteinbergFiveTermBoundaryBridge20260903.fiveTermEquivalent_trans' depends on axioms: [propext,
 Classical.choice,
 Quot.sound]
'IUTThreeClosures.SteinbergFiveTermBoundaryBridge20260903.chainBoundary_eq_of_fiveTermEquivalent' depends on axioms: [propext,
 Classical.choice,
 Quot.sound]
'IUTThreeClosures.SteinbergFiveTermBoundaryBridge20260903.cellSymbol' depends on axioms: [propext,
 Classical.choice,
 Quot.sound]
'IUTThreeClosures.SteinbergFiveTermBoundaryBridge20260903.cellChain' depends on axioms: [propext,
 Classical.choice,
 Quot.sound]
'IUTThreeClosures.SteinbergFiveTermBoundaryBridge20260903.chainBoundary_cellChain' depends on axioms: [propext,
 Classical.choice,
 Quot.sound]
'IUTThreeClosures.SteinbergFiveTermBoundaryBridge20260903.encodedCellSum' depends on axioms: [propext,
 Classical.choice,
 Quot.sound]
'IUTThreeClosures.SteinbergFiveTermBoundaryBridge20260903.chainBoundary_encodedCellSum' depends on axioms: [propext,
 Classical.choice,
 Quot.sound]
'IUTThreeClosures.SteinbergFiveTermBoundaryBridge20260903.AlgebraicallyGeneratedRationalFilling' depends on axioms: [propext,
 Classical.choice,
 Quot.sound]
'IUTThreeClosures.SteinbergFiveTermBoundaryBridge20260903.AlgebraicallyGeneratedRationalFilling.boundary' depends on axioms: [propext,
 Classical.choice,
 Quot.sound]
'IUTThreeClosures.SteinbergFiveTermBoundaryBridge20260903.AlgebraicallyGeneratedRationalFilling.toFiniteRationalCellChain' depends on axioms: [propext,
 Classical.choice,
 Quot.sound]
'IUTThreeClosures.SteinbergFiveTermBoundaryBridge20260903.AlgebraicallyGeneratedRationalFilling.boundary_le_calibratedCost' depends on axioms: [propext,
 Classical.choice,
 Quot.sound]
'IUTThreeClosures.SteinbergFiveTermBoundaryBridge20260903.PositiveFiveTermRealization' depends on axioms: [propext,
 Classical.choice,
 Quot.sound]
'IUTThreeClosures.SteinbergFiveTermBoundaryBridge20260903.PositiveFiveTermRealization.realizedChain' depends on axioms: [propext,
 Classical.choice,
 Quot.sound]
'IUTThreeClosures.SteinbergFiveTermBoundaryBridge20260903.PositiveFiveTermRealization.realizedChain_eq_fiveTermChain' depends on axioms: [propext,
 Classical.choice,
 Quot.sound]
'IUTThreeClosures.SteinbergFiveTermBoundaryBridge20260903.PositiveFiveTermRealization.realizedChain_mem_fiveTermRelation' depends on axioms: [propext,
 Classical.choice,
 Quot.sound]
'IUTThreeClosures.SteinbergFiveTermBoundaryBridge20260903.PositiveFiveTermRealization.realized_surface_boundary' depends on axioms: [propext,
 Classical.choice,
 Quot.sound]
'IUTThreeClosures.SteinbergFiveTermBoundaryBridge20260903.PositiveFiveTermRealization.fillerCell' depends on axioms: [propext,
 Classical.choice,
 Quot.sound]
'IUTThreeClosures.SteinbergFiveTermBoundaryBridge20260903.PositiveFiveTermRealization.fillerCoefficient' depends on axioms: [propext,
 Classical.choice,
 Quot.sound]
'IUTThreeClosures.SteinbergFiveTermBoundaryBridge20260903.PositiveFiveTermRealization.encodedFiller_eq' depends on axioms: [propext,
 Classical.choice,
 Quot.sound]
'IUTThreeClosures.SteinbergFiveTermBoundaryBridge20260903.PositiveFiveTermRealization.toAlgebraicallyGeneratedRationalFilling' depends on axioms: [propext,
 Classical.choice,
 Quot.sound]
'IUTThreeClosures.SteinbergFiveTermBoundaryBridge20260903.PositiveFiveTermRealization.generatedFilling_boundary' depends on axioms: [propext,
 Classical.choice,
 Quot.sound]
'IUTThreeClosures.SteinbergFiveTermBoundaryBridge20260903.positiveFiveTermGenerators' depends on axioms: [propext,
 Classical.choice,
 Quot.sound]
'IUTThreeClosures.SteinbergFiveTermBoundaryBridge20260903.positiveFiveTermRelation' depends on axioms: [propext,
 Classical.choice,
 Quot.sound]
'IUTThreeClosures.SteinbergFiveTermBoundaryBridge20260903.positiveFiveTermGenerator_mem' depends on axioms: [propext,
 Classical.choice,
 Quot.sound]
'IUTThreeClosures.SteinbergFiveTermBoundaryBridge20260903.positiveFiveTermRelation_le_algebraic' depends on axioms: [propext,
 Classical.choice,
 Quot.sound]
'IUTThreeClosures.SteinbergFiveTermBoundaryBridge20260903.positiveFiveTermRelation_le_ker' depends on axioms: [propext,
 Classical.choice,
 Quot.sound]
'IUTThreeClosures.SteinbergFiveTermBoundaryBridge20260903.PositiveFiveTermEquivalent' depends on axioms: [propext,
 Classical.choice,
 Quot.sound]
'IUTThreeClosures.SteinbergFiveTermBoundaryBridge20260903.chainBoundary_eq_of_positiveFiveTermEquivalent' depends on axioms: [propext,
 Classical.choice,
 Quot.sound]
'IUTThreeClosures.SteinbergFiveTermBoundaryBridge20260903.PositivelyGeneratedRationalFilling' depends on axioms: [propext,
 Classical.choice,
 Quot.sound]
'IUTThreeClosures.SteinbergFiveTermBoundaryBridge20260903.PositivelyGeneratedRationalFilling.boundary' depends on axioms: [propext,
 Classical.choice,
 Quot.sound]
'IUTThreeClosures.SteinbergFiveTermBoundaryBridge20260903.PositivelyGeneratedRationalFilling.toFiniteRationalCellChain' depends on axioms: [propext,
 Classical.choice,
 Quot.sound]
'IUTThreeClosures.SteinbergFiveTermBoundaryBridge20260903.PositivelyGeneratedRationalFilling.boundary_le_calibratedCost' depends on axioms: [propext,
 Classical.choice,
 Quot.sound]
'IUTThreeClosures.SteinbergFiveTermBoundaryBridge20260903.PositiveFiveTermRealization.toPositivelyGeneratedRationalFilling' depends on axioms: [propext,
 Classical.choice,
 Quot.sound]
'IUTThreeClosures.SteinbergFiveTermBoundaryBridge20260903.finiteValuationDivisor_one' depends on axioms: [propext,
 Classical.choice,
 Quot.sound]
'IUTThreeClosures.SteinbergFiveTermBoundaryBridge20260903.finiteValuationDivisor_mul' depends on axioms: [propext,
 Classical.choice,
 Quot.sound]
'IUTThreeClosures.SteinbergFiveTermBoundaryBridge20260903.CommonDenominatorFiveTermData' does not depend on any axioms
'IUTThreeClosures.SteinbergFiveTermBoundaryBridge20260903.CommonDenominatorFiveTermData.a_pos' does not depend on any axioms
'IUTThreeClosures.SteinbergFiveTermBoundaryBridge20260903.CommonDenominatorFiveTermData.c_pos' does not depend on any axioms
'IUTThreeClosures.SteinbergFiveTermBoundaryBridge20260903.CommonDenominatorFiveTermData.b_lt_c' does not depend on any axioms
'IUTThreeClosures.SteinbergFiveTermBoundaryBridge20260903.CommonDenominatorFiveTermData.c_sub_a_pos' depends on axioms: [propext]
'IUTThreeClosures.SteinbergFiveTermBoundaryBridge20260903.CommonDenominatorFiveTermData.c_sub_b_pos' depends on axioms: [propext]
'IUTThreeClosures.SteinbergFiveTermBoundaryBridge20260903.CommonDenominatorFiveTermData.a_sub_b_pos' depends on axioms: [propext]
'IUTThreeClosures.SteinbergFiveTermBoundaryBridge20260903.CommonDenominatorFiveTermData.firstCell' depends on axioms: [propext]
'IUTThreeClosures.SteinbergFiveTermBoundaryBridge20260903.CommonDenominatorFiveTermData.secondCell' depends on axioms: [propext]
'IUTThreeClosures.SteinbergFiveTermBoundaryBridge20260903.CommonDenominatorFiveTermData.thirdCell' depends on axioms: [propext]
'IUTThreeClosures.SteinbergFiveTermBoundaryBridge20260903.CommonDenominatorFiveTermData.fourth_sum' depends on axioms: [propext,
 Classical.choice,
 Quot.sound]
'IUTThreeClosures.SteinbergFiveTermBoundaryBridge20260903.CommonDenominatorFiveTermData.fourthCell' depends on axioms: [propext,
 Classical.choice,
 Quot.sound]
'IUTThreeClosures.SteinbergFiveTermBoundaryBridge20260903.CommonDenominatorFiveTermData.fifth_sum' depends on axioms: [propext,
 Quot.sound]
'IUTThreeClosures.SteinbergFiveTermBoundaryBridge20260903.CommonDenominatorFiveTermData.fifthCell' depends on axioms: [propext,
 Quot.sound]
'IUTThreeClosures.SteinbergFiveTermBoundaryBridge20260903.CommonDenominatorFiveTermData.xDivisor' depends on axioms: [propext,
 Classical.choice,
 Quot.sound]
'IUTThreeClosures.SteinbergFiveTermBoundaryBridge20260903.CommonDenominatorFiveTermData.oneSubXDivisor' depends on axioms: [propext,
 Classical.choice,
 Quot.sound]
'IUTThreeClosures.SteinbergFiveTermBoundaryBridge20260903.CommonDenominatorFiveTermData.yDivisor' depends on axioms: [propext,
 Classical.choice,
 Quot.sound]
'IUTThreeClosures.SteinbergFiveTermBoundaryBridge20260903.CommonDenominatorFiveTermData.oneSubYDivisor' depends on axioms: [propext,
 Classical.choice,
 Quot.sound]
'IUTThreeClosures.SteinbergFiveTermBoundaryBridge20260903.CommonDenominatorFiveTermData.xSubYDivisor' depends on axioms: [propext,
 Classical.choice,
 Quot.sound]
'IUTThreeClosures.SteinbergFiveTermBoundaryBridge20260903.CommonDenominatorFiveTermData.firstCell_symbol' depends on axioms: [propext,
 Classical.choice,
 Quot.sound]
'IUTThreeClosures.SteinbergFiveTermBoundaryBridge20260903.CommonDenominatorFiveTermData.secondCell_symbol' depends on axioms: [propext,
 Classical.choice,
 Quot.sound]
'IUTThreeClosures.SteinbergFiveTermBoundaryBridge20260903.CommonDenominatorFiveTermData.thirdCell_symbol' depends on axioms: [propext,
 Classical.choice,
 Quot.sound]
'IUTThreeClosures.SteinbergFiveTermBoundaryBridge20260903.CommonDenominatorFiveTermData.fourthCell_symbol' depends on axioms: [propext,
 Classical.choice,
 Quot.sound]
'IUTThreeClosures.SteinbergFiveTermBoundaryBridge20260903.CommonDenominatorFiveTermData.fifthCell_symbol' depends on axioms: [propext,
 Classical.choice,
 Quot.sound]
'IUTThreeClosures.SteinbergFiveTermBoundaryBridge20260903.CommonDenominatorFiveTermData.toPositiveFiveTermRealization' depends on axioms: [propext,
 Classical.choice,
 Quot.sound]
'IUTThreeClosures.SteinbergFiveTermBoundaryBridge20260903.CommonDenominatorFiveTermData.actual_fiveTerm_surface_boundary' depends on axioms: [propext,
 Classical.choice,
 Quot.sound]
'IUTThreeClosures.SteinbergFiveTermBoundaryBridge20260903.CommonDenominatorFiveTermData.toAlgebraicallyGeneratedRationalFilling' depends on axioms: [propext,
 Classical.choice,
 Quot.sound]
'IUTThreeClosures.SteinbergFiveTermBoundaryBridge20260903.CommonDenominatorFiveTermData.toPositivelyGeneratedRationalFilling' depends on axioms: [propext,
 Classical.choice,
 Quot.sound]
'IUTThreeClosures.SteinbergFiveTermBoundaryBridge20260903.oddDenominatorFiveTermData' depends on axioms: [propext,
 Classical.choice,
 Quot.sound]
'IUTThreeClosures.SteinbergFiveTermBoundaryBridge20260903.oddDenominator_actual_fiveTerm_surface_boundary' depends on axioms: [propext,
 Classical.choice,
 Quot.sound]
'IUTThreeClosures.SteinbergFiveTermBoundaryBridge20260903.oneHalfCell' depends on axioms: [propext,
 Classical.choice,
 Quot.sound]
'IUTThreeClosures.SteinbergFiveTermBoundaryBridge20260903.oneSixthCell' depends on axioms: [propext,
 Classical.choice,
 Quot.sound]
'IUTThreeClosures.SteinbergFiveTermBoundaryBridge20260903.oneThirdCell' depends on axioms: [propext,
 Classical.choice,
 Quot.sound]
'IUTThreeClosures.SteinbergFiveTermBoundaryBridge20260903.oneFifthCell' depends on axioms: [propext,
 Classical.choice,
 Quot.sound]
'IUTThreeClosures.SteinbergFiveTermBoundaryBridge20260903.threeFifthsCell' depends on axioms: [propext,
 Classical.choice,
 Quot.sound]
'IUTThreeClosures.SteinbergFiveTermBoundaryBridge20260903.cellSymbol_oneHalf' depends on axioms: [propext,
 Classical.choice,
 Quot.sound]
'IUTThreeClosures.SteinbergFiveTermBoundaryBridge20260903.cellSymbol_oneSixth' depends on axioms: [propext,
 Classical.choice,
 Quot.sound]
'IUTThreeClosures.SteinbergFiveTermBoundaryBridge20260903.cellSymbol_oneThird' depends on axioms: [propext,
 Classical.choice,
 Quot.sound]
'IUTThreeClosures.SteinbergFiveTermBoundaryBridge20260903.cellSymbol_oneFifth' depends on axioms: [propext,
 Classical.choice,
 Quot.sound]
'IUTThreeClosures.SteinbergFiveTermBoundaryBridge20260903.cellSymbol_threeFifths' depends on axioms: [propext,
 Classical.choice,
 Quot.sound]
'IUTThreeClosures.SteinbergFiveTermBoundaryBridge20260903.halfSixthRealization' depends on axioms: [propext,
 Classical.choice,
 Quot.sound]
'IUTThreeClosures.SteinbergFiveTermBoundaryBridge20260903.halfSixth_surface_boundary' depends on axioms: [propext,
 Classical.choice,
 Quot.sound]
'IUTThreeClosures.SteinbergFiveTermBoundaryBridge20260903.cellSymbol_oneHalf_ne_oneSixth' depends on axioms: [propext,
 Classical.choice,
 Quot.sound]
'IUTThreeClosures.SteinbergFiveTermBoundaryBridge20260903.cellSymbol_oneHalf_ne_oneThird' depends on axioms: [propext,
 Classical.choice,
 Quot.sound]
'IUTThreeClosures.SteinbergFiveTermBoundaryBridge20260903.cellSymbol_oneHalf_ne_oneFifth' depends on axioms: [propext,
 Classical.choice,
 Quot.sound]
'IUTThreeClosures.SteinbergFiveTermBoundaryBridge20260903.cellSymbol_oneHalf_ne_threeFifths' depends on axioms: [propext,
 Classical.choice,
 Quot.sound]
'IUTThreeClosures.SteinbergFiveTermBoundaryBridge20260903.halfSixth_realizedChain_apply_oneHalf' depends on axioms: [propext,
 Classical.choice,
 Quot.sound]
'IUTThreeClosures.SteinbergFiveTermBoundaryBridge20260903.halfSixth_realizedChain_ne_zero' depends on axioms: [propext,
 Classical.choice,
 Quot.sound]
'IUTThreeClosures.SteinbergFiveTermBoundaryBridge20260903.positive_realizedChain_not_always_zero' depends on axioms: [propext,
 Classical.choice,
 Quot.sound]
'IUTThreeClosures.SteinbergFiveTermBoundaryBridge20260903.halfSixth_realizedChain_mem_positiveFiveTermRelation' depends on axioms: [propext,
 Classical.choice,
 Quot.sound]
'IUTThreeClosures.SteinbergFiveTermBoundaryBridge20260903.positiveFiveTermRelation_ne_bot' depends on axioms: [propext,
 Classical.choice,
 Quot.sound]
'IUTThreeClosures.SteinbergFiveTermBoundaryBridge20260903.zeroSymbol' depends on axioms: [propext, Quot.sound]
'IUTThreeClosures.SteinbergFiveTermBoundaryBridge20260903.fiveTermChain_all_zero_eq_single' depends on axioms: [propext,
 Classical.choice,
 Quot.sound]
'IUTThreeClosures.SteinbergFiveTermBoundaryBridge20260903.fiveTermChain_all_zero_ne_zero' depends on axioms: [propext,
 Classical.choice,
 Quot.sound]
'IUTThreeClosures.SteinbergFiveTermBoundaryBridge20260903.not_all_fiveTermChains_eq_zero' depends on axioms: [propext,
 Classical.choice,
 Quot.sound]
'IUTThreeClosures.SteinbergFiveTermBoundaryBridge20260903.fiveTermChain_all_zero_equivalent_zero' depends on axioms: [propext,
 Classical.choice,
 Quot.sound]
'IUTThreeClosures.SteinbergFiveTermBoundaryBridge20260903.fiveTermEquivalent_does_not_imply_chain_equality' depends on axioms: [propext,
 Classical.choice,
 Quot.sound]
'IUTThreeClosures.SteinbergFiveTermBoundaryBridge20260903.chainBoundary_not_injective' depends on axioms: [propext,
 Classical.choice,
 Quot.sound]
'IUTThreeClosures.ABCSynchronizedDivisorPackets20260903.PrimitiveABC' does not depend on any axioms
'IUTThreeClosures.ABCSynchronizedDivisorPackets20260903.PrimitiveABC.coprime_ac' depends on axioms: [propext,
 Quot.sound]
'IUTThreeClosures.ABCSynchronizedDivisorPackets20260903.PrimitiveABC.coprime_bc' depends on axioms: [propext,
 Quot.sound]
'IUTThreeClosures.ABCSynchronizedDivisorPackets20260903.PrimitiveABC.c_pos' depends on axioms: [propext, Quot.sound]
'IUTThreeClosures.ABCSynchronizedDivisorPackets20260903.PrimitiveABC.a_lt_c' depends on axioms: [propext, Quot.sound]
'IUTThreeClosures.ABCSynchronizedDivisorPackets20260903.PrimitiveABC.b_lt_c' depends on axioms: [propext, Quot.sound]
'IUTThreeClosures.ABCSynchronizedDivisorPackets20260903.PrimitiveABC.c_lt_mul_ab' depends on axioms: [propext,
 Quot.sound]
'IUTThreeClosures.ABCSynchronizedDivisorPackets20260903.squareGap' depends on axioms: [propext]
'IUTThreeClosures.ABCSynchronizedDivisorPackets20260903.squareGap_comm' depends on axioms: [propext]
'IUTThreeClosures.ABCSynchronizedDivisorPackets20260903.squareGap_pos' depends on axioms: [propext]
'IUTThreeClosures.ABCSynchronizedDivisorPackets20260903.squareGap_le_max_sq' depends on axioms: [propext]
'IUTThreeClosures.ABCSynchronizedDivisorPackets20260903.squareGap_of_le' depends on axioms: [propext]
'IUTThreeClosures.ABCSynchronizedDivisorPackets20260903.SynchronizedPacket' depends on axioms: [propext]
'IUTThreeClosures.ABCSynchronizedDivisorPackets20260903.SynchronizedPacket.ext' depends on axioms: [propext]
'IUTThreeClosures.ABCSynchronizedDivisorPackets20260903.SynchronizedPacket.coprime_xy' depends on axioms: [propext,
 Quot.sound]
'IUTThreeClosures.ABCSynchronizedDivisorPackets20260903.SynchronizedPacket.coprime_xz' depends on axioms: [propext,
 Quot.sound]
'IUTThreeClosures.ABCSynchronizedDivisorPackets20260903.SynchronizedPacket.coprime_yz' depends on axioms: [propext,
 Quot.sound]
'IUTThreeClosures.ABCSynchronizedDivisorPackets20260903.SynchronizedPacket.x_ne_y' depends on axioms: [propext,
 Quot.sound]
'IUTThreeClosures.ABCSynchronizedDivisorPackets20260903.SynchronizedPacket.x_ne_z' depends on axioms: [propext,
 Quot.sound]
'IUTThreeClosures.ABCSynchronizedDivisorPackets20260903.SynchronizedPacket.y_ne_z' depends on axioms: [propext,
 Quot.sound]
'IUTThreeClosures.ABCSynchronizedDivisorPackets20260903.SynchronizedPacket.gapProduct' depends on axioms: [propext]
'IUTThreeClosures.ABCSynchronizedDivisorPackets20260903.SynchronizedPacket.pairMaxBound' depends on axioms: [propext]
'IUTThreeClosures.ABCSynchronizedDivisorPackets20260903.SynchronizedPacket.height' depends on axioms: [propext]
'IUTThreeClosures.ABCSynchronizedDivisorPackets20260903.SynchronizedPacket.modulusProduct_dvd_gapProduct' depends on axioms: [propext]
'IUTThreeClosures.ABCSynchronizedDivisorPackets20260903.SynchronizedPacket.gapProduct_pos' depends on axioms: [propext,
 Quot.sound]
'IUTThreeClosures.ABCSynchronizedDivisorPackets20260903.SynchronizedPacket.modulusProduct_le_gapProduct' depends on axioms: [propext,
 Quot.sound]
'IUTThreeClosures.ABCSynchronizedDivisorPackets20260903.SynchronizedPacket.gapProduct_le_pairMaxBound' depends on axioms: [propext]
'IUTThreeClosures.ABCSynchronizedDivisorPackets20260903.SynchronizedPacket.pairMax_le_height' depends on axioms: [propext]
'IUTThreeClosures.ABCSynchronizedDivisorPackets20260903.SynchronizedPacket.pairMaxBound_le_height_pow_six' depends on axioms: [propext]
'IUTThreeClosures.ABCSynchronizedDivisorPackets20260903.SynchronizedPacket.modulusProduct_le_pairMaxBound' depends on axioms: [propext,
 Quot.sound]
'IUTThreeClosures.ABCSynchronizedDivisorPackets20260903.SynchronizedPacket.modulusProduct_le_height_pow_six' depends on axioms: [propext,
 Quot.sound]
'IUTThreeClosures.ABCSynchronizedDivisorPackets20260903.SynchronizedPacket.synchronizationIndex' depends on axioms: [propext]
'IUTThreeClosures.ABCSynchronizedDivisorPackets20260903.SynchronizedPacket.synchronizationIndex_pos' depends on axioms: [propext,
 Quot.sound]
'IUTThreeClosures.ABCSynchronizedDivisorPackets20260903.SynchronizedPacket.modulusProduct_mul_synchronizationIndex' depends on axioms: [propext]
'IUTThreeClosures.ABCSynchronizedDivisorPackets20260903.SynchronizedPacket.synchronizationIndex_eq_one_iff' depends on axioms: [propext,
 Quot.sound]
'IUTThreeClosures.ABCSynchronizedDivisorPackets20260903.SynchronizedPacket.exactGaps_of_synchronizationIndex_eq_one' depends on axioms: [propext,
 Quot.sound]
'IUTThreeClosures.ABCSynchronizedDivisorPackets20260903.SynchronizedPacket.synchronizationIndex_eq_one_of_exactGaps' depends on axioms: [propext,
 Quot.sound]
'IUTThreeClosures.ABCSynchronizedDivisorPackets20260903.SynchronizedPacket.synchronizationIndex_eq_one_iff_exactGaps' depends on axioms: [propext,
 Quot.sound]
'IUTThreeClosures.ABCSynchronizedDivisorPackets20260903.SynchronizedPacket.CanonicallyOriented' depends on axioms: [propext]
'IUTThreeClosures.ABCSynchronizedDivisorPackets20260903.SynchronizedPacket.coordinate_bounds' depends on axioms: [propext,
 Quot.sound]
'IUTThreeClosures.ABCSynchronizedDivisorPackets20260903.SynchronizedPacket.canonicalOrientation_rigid' depends on axioms: [propext,
 Classical.choice,
 Quot.sound]
'IUTThreeClosures.ABCSynchronizedDivisorPackets20260903.SynchronizedPacket.finiteCoordinates' depends on axioms: [propext,
 Quot.sound]
'IUTThreeClosures.ABCSynchronizedDivisorPackets20260903.SynchronizedPacket.finiteCoordinates_injective' depends on axioms: [propext,
 Quot.sound]
'IUTThreeClosures.ABCSynchronizedDivisorPackets20260903.synchronizedPacketFintype' depends on axioms: [propext,
 Classical.choice,
 Quot.sound]
'IUTThreeClosures.ABCSynchronizedDivisorPackets20260903.finite_synchronizedPacket' depends on axioms: [propext,
 Classical.choice,
 Quot.sound]
'IUTThreeClosures.ABCSynchronizedDivisorPackets20260903.fullPacket' depends on axioms: [propext,
 Classical.choice,
 Quot.sound]
'IUTThreeClosures.ABCSynchronizedDivisorPackets20260903.fullPacket_canonicallyOriented' depends on axioms: [propext,
 Classical.choice,
 Quot.sound]
'IUTThreeClosures.ABCSynchronizedDivisorPackets20260903.synchronizedPacketNonempty' depends on axioms: [propext,
 Classical.choice,
 Quot.sound]
'IUTThreeClosures.ABCSynchronizedDivisorPackets20260903.abcRadical' depends on axioms: [propext,
 Classical.choice,
 Quot.sound]
'IUTThreeClosures.ABCSynchronizedDivisorPackets20260903.abcRadical_gt_one' depends on axioms: [propext,
 Classical.choice,
 Quot.sound]
'IUTThreeClosures.ABCSynchronizedDivisorPackets20260903.standardQuality' depends on axioms: [propext,
 Classical.choice,
 Quot.sound]
'IUTThreeClosures.ABCSynchronizedDivisorPackets20260903.packetEnergy' depends on axioms: [propext,
 Classical.choice,
 Quot.sound]
'IUTThreeClosures.ABCSynchronizedDivisorPackets20260903.standardQuality_le_packetEnergy' depends on axioms: [propext,
 Classical.choice,
 Quot.sound]
'IUTThreeClosures.ABCSynchronizedDivisorPackets20260903.minimumPacketEnergy' depends on axioms: [propext,
 Classical.choice,
 Quot.sound]
'IUTThreeClosures.ABCSynchronizedDivisorPackets20260903.standardQuality_le_minimumPacketEnergy' depends on axioms: [propext,
 Classical.choice,
 Quot.sound]
'IUTThreeClosures.ABCSynchronizedDivisorPackets20260903.primePower_orientation_channel' depends on axioms: [propext,
 Classical.choice,
 Quot.sound]
'IUTThreeClosures.ABCSynchronizedDivisorPackets20260903.coprime_channel_allocation' depends on axioms: [propext,
 Classical.choice,
 Quot.sound]
'IUTThreeClosures.ABCSynchronizedDivisorPackets20260903.familyA' does not depend on any axioms
'IUTThreeClosures.ABCSynchronizedDivisorPackets20260903.familyB' does not depend on any axioms
'IUTThreeClosures.ABCSynchronizedDivisorPackets20260903.familyC' does not depend on any axioms
'IUTThreeClosures.ABCSynchronizedDivisorPackets20260903.family_sum' depends on axioms: [propext]
'IUTThreeClosures.ABCSynchronizedDivisorPackets20260903.family_coprime' depends on axioms: [propext, Quot.sound]
'IUTThreeClosures.ABCSynchronizedDivisorPackets20260903.family_exact_gaps' depends on axioms: [propext, Quot.sound]
'IUTThreeClosures.ABCSynchronizedDivisorPackets20260903.familyDatum' depends on axioms: [propext, Quot.sound]
'IUTThreeClosures.ABCSynchronizedDivisorPackets20260903.familyPacket' depends on axioms: [propext, Quot.sound]
'IUTThreeClosures.ABCSynchronizedDivisorPackets20260903.familyPacket_y_ne_full' depends on axioms: [propext, Quot.sound]
'IUTThreeClosures.ABCSynchronizedDivisorPackets20260903.cornerCounterexampleDatum' depends on axioms: [propext,
 Classical.choice,
 Quot.sound]
'IUTThreeClosures.ABCSynchronizedDivisorPackets20260903.cornerCounterexamplePacket' depends on axioms: [propext,
 Classical.choice,
 Quot.sound]
'IUTThreeClosures.ABCSynchronizedDivisorPackets20260903.cornerCounterexamplePacket_ne_full' depends on axioms: [propext,
 Classical.choice,
 Quot.sound]
'IUTThreeClosures.ABCSynchronizedDivisorPackets20260903.cubicCounterexampleDatum' depends on axioms: [propext,
 Classical.choice,
 Quot.sound]
'IUTThreeClosures.ABCSynchronizedDivisorPackets20260903.cubicCounterexamplePacket' depends on axioms: [propext,
 Classical.choice,
 Quot.sound]
'IUTThreeClosures.ABCSynchronizedDivisorPackets20260903.cubicCounterexamplePacket_fails_height_pow_three' depends on axioms: [propext,
 Classical.choice,
 Quot.sound]
'IUTThreeClosures.ABCSynchronizedDivisorPackets20260903.quarticCounterexampleDatum' depends on axioms: [propext,
 Classical.choice,
 Quot.sound]
'IUTThreeClosures.ABCSynchronizedDivisorPackets20260903.quarticCounterexamplePacket' depends on axioms: [propext,
 Classical.choice,
 Quot.sound]
'IUTThreeClosures.ABCSynchronizedDivisorPackets20260903.quarticCounterexamplePacket_exactGaps' depends on axioms: [propext,
 Classical.choice,
 Quot.sound]
'IUTThreeClosures.ABCSynchronizedDivisorPackets20260903.quarticCounterexamplePacket_fails_height_pow_four' depends on axioms: [propext,
 Classical.choice,
 Quot.sound]
'IUTThreeClosures.ABCSynchronizedDivisorPackets20260903.quarticCounterexamplePacket_fails_coordinateProduct_sq' depends on axioms: [propext,
 Classical.choice,
 Quot.sound]
'IUTThreeClosures.ABCSynchronizedDivisorPackets20260903.quinticCounterexampleDatum' depends on axioms: [propext,
 Classical.choice,
 Quot.sound]
'IUTThreeClosures.ABCSynchronizedDivisorPackets20260903.quinticCounterexamplePacket' depends on axioms: [propext,
 Classical.choice,
 Quot.sound]
'IUTThreeClosures.ABCSynchronizedDivisorPackets20260903.quinticCounterexamplePacket_exactGaps' depends on axioms: [propext,
 Classical.choice,
 Quot.sound]
'IUTThreeClosures.ABCSynchronizedDivisorPackets20260903.quinticCounterexamplePacket_fails_height_pow_five' depends on axioms: [propext,
 Classical.choice,
 Quot.sound]
