'IUTThreeClosures.SteinbergFiveTermBoundaryBridge20260903.DivisorSymbol.ext' depends on axioms: [propext, Quot.sound]
'IUTThreeClosures.SteinbergFiveTermBoundaryBridge20260903.chainBoundary_single' depends on axioms: [propext,
 Classical.choice,
 Quot.sound]
'IUTThreeClosures.SteinbergFiveTermBoundaryBridge20260903.chainAugmentation_single' depends on axioms: [propext,
 Classical.choice,
 Quot.sound]
'IUTThreeClosures.SteinbergFiveTermBoundaryBridge20260903.fiveTermChain_augmentation' depends on axioms: [propext,
 Classical.choice,
 Quot.sound]
'IUTThreeClosures.SteinbergFiveTermBoundaryBridge20260903.fiveTermChain_ne_zero' depends on axioms: [propext,
 Classical.choice,
 Quot.sound]
'IUTThreeClosures.SteinbergFiveTermBoundaryBridge20260903.fiveTermChain_boundary' depends on axioms: [propext,
 Classical.choice,
 Quot.sound]
'IUTThreeClosures.SteinbergFiveTermBoundaryBridge20260903.fiveTermGenerator_mem' depends on axioms: [propext,
 Classical.choice,
 Quot.sound]
'IUTThreeClosures.SteinbergFiveTermBoundaryBridge20260903.fiveTermRelation_ne_bot' depends on axioms: [propext,
 Classical.choice,
 Quot.sound]
'IUTThreeClosures.SteinbergFiveTermBoundaryBridge20260903.fiveTermRelation_le_ker' depends on axioms: [propext,
 Classical.choice,
 Quot.sound]
'IUTThreeClosures.SteinbergFiveTermBoundaryBridge20260903.fiveTermEquivalent_refl' depends on axioms: [propext,
 Classical.choice,
 Quot.sound]
'IUTThreeClosures.SteinbergFiveTermBoundaryBridge20260903.fiveTermEquivalent_symm' depends on axioms: [propext,
 Classical.choice,
 Quot.sound]
'IUTThreeClosures.SteinbergFiveTermBoundaryBridge20260903.fiveTermEquivalent_trans' depends on axioms: [propext,
 Classical.choice,
 Quot.sound]
'IUTThreeClosures.SteinbergFiveTermBoundaryBridge20260903.chainBoundary_eq_of_fiveTermEquivalent' depends on axioms: [propext,
 Classical.choice,
 Quot.sound]
'IUTThreeClosures.SteinbergFiveTermBoundaryBridge20260903.chainBoundary_cellChain' depends on axioms: [propext,
 Classical.choice,
 Quot.sound]
'IUTThreeClosures.SteinbergFiveTermBoundaryBridge20260903.chainBoundary_encodedCellSum' depends on axioms: [propext,
 Classical.choice,
 Quot.sound]
'IUTThreeClosures.SteinbergFiveTermBoundaryBridge20260903.AlgebraicallyGeneratedRationalFilling.boundary' depends on axioms: [propext,
 Classical.choice,
 Quot.sound]
'IUTThreeClosures.SteinbergFiveTermBoundaryBridge20260903.AlgebraicallyGeneratedRationalFilling.boundary_le_calibratedCost' depends on axioms: [propext,
 Classical.choice,
 Quot.sound]
'IUTThreeClosures.SteinbergFiveTermBoundaryBridge20260903.PositiveFiveTermRealization.realizedChain_eq_fiveTermChain' depends on axioms: [propext,
 Classical.choice,
 Quot.sound]
'IUTThreeClosures.SteinbergFiveTermBoundaryBridge20260903.PositiveFiveTermRealization.realizedChain_mem_fiveTermRelation' depends on axioms: [propext,
 Classical.choice,
 Quot.sound]
'IUTThreeClosures.SteinbergFiveTermBoundaryBridge20260903.PositiveFiveTermRealization.realized_surface_boundary' depends on axioms: [propext,
 Classical.choice,
 Quot.sound]
'IUTThreeClosures.SteinbergFiveTermBoundaryBridge20260903.PositiveFiveTermRealization.encodedFiller_eq' depends on axioms: [propext,
 Classical.choice,
 Quot.sound]
'IUTThreeClosures.SteinbergFiveTermBoundaryBridge20260903.PositiveFiveTermRealization.generatedFilling_boundary' depends on axioms: [propext,
 Classical.choice,
 Quot.sound]
'IUTThreeClosures.SteinbergFiveTermBoundaryBridge20260903.positiveFiveTermGenerator_mem' depends on axioms: [propext,
 Classical.choice,
 Quot.sound]
'IUTThreeClosures.SteinbergFiveTermBoundaryBridge20260903.positiveFiveTermRelation_le_algebraic' depends on axioms: [propext,
 Classical.choice,
 Quot.sound]
'IUTThreeClosures.SteinbergFiveTermBoundaryBridge20260903.positiveFiveTermRelation_le_ker' depends on axioms: [propext,
 Classical.choice,
 Quot.sound]
'IUTThreeClosures.SteinbergFiveTermBoundaryBridge20260903.chainBoundary_eq_of_positiveFiveTermEquivalent' depends on axioms: [propext,
 Classical.choice,
 Quot.sound]
'IUTThreeClosures.SteinbergFiveTermBoundaryBridge20260903.PositivelyGeneratedRationalFilling.boundary' depends on axioms: [propext,
 Classical.choice,
 Quot.sound]
'IUTThreeClosures.SteinbergFiveTermBoundaryBridge20260903.PositivelyGeneratedRationalFilling.boundary_le_calibratedCost' depends on axioms: [propext,
 Classical.choice,
 Quot.sound]
'IUTThreeClosures.SteinbergFiveTermBoundaryBridge20260903.finiteValuationDivisor_one' depends on axioms: [propext,
 Classical.choice,
 Quot.sound]
'IUTThreeClosures.SteinbergFiveTermBoundaryBridge20260903.finiteValuationDivisor_mul' depends on axioms: [propext,
 Classical.choice,
 Quot.sound]
'IUTThreeClosures.SteinbergFiveTermBoundaryBridge20260903.CommonDenominatorFiveTermData.a_pos' does not depend on any axioms
'IUTThreeClosures.SteinbergFiveTermBoundaryBridge20260903.CommonDenominatorFiveTermData.c_pos' does not depend on any axioms
'IUTThreeClosures.SteinbergFiveTermBoundaryBridge20260903.CommonDenominatorFiveTermData.b_lt_c' does not depend on any axioms
'IUTThreeClosures.SteinbergFiveTermBoundaryBridge20260903.CommonDenominatorFiveTermData.c_sub_a_pos' depends on axioms: [propext]
'IUTThreeClosures.SteinbergFiveTermBoundaryBridge20260903.CommonDenominatorFiveTermData.c_sub_b_pos' depends on axioms: [propext]
'IUTThreeClosures.SteinbergFiveTermBoundaryBridge20260903.CommonDenominatorFiveTermData.a_sub_b_pos' depends on axioms: [propext]
'IUTThreeClosures.SteinbergFiveTermBoundaryBridge20260903.CommonDenominatorFiveTermData.fourth_sum' depends on axioms: [propext,
 Classical.choice,
 Quot.sound]
'IUTThreeClosures.SteinbergFiveTermBoundaryBridge20260903.CommonDenominatorFiveTermData.fifth_sum' depends on axioms: [propext,
 Quot.sound]
'IUTThreeClosures.SteinbergFiveTermBoundaryBridge20260903.CommonDenominatorFiveTermData.firstCell_symbol' depends on axioms: [propext,
 Classical.choice,
 Quot.sound]
'IUTThreeClosures.SteinbergFiveTermBoundaryBridge20260903.CommonDenominatorFiveTermData.secondCell_symbol' depends on axioms: [propext,
 Classical.choice,
 Quot.sound]
'IUTThreeClosures.SteinbergFiveTermBoundaryBridge20260903.CommonDenominatorFiveTermData.thirdCell_symbol' depends on axioms: [propext,
 Classical.choice,
 Quot.sound]
'IUTThreeClosures.SteinbergFiveTermBoundaryBridge20260903.CommonDenominatorFiveTermData.fourthCell_symbol' depends on axioms: [propext,
 Classical.choice,
 Quot.sound]
'IUTThreeClosures.SteinbergFiveTermBoundaryBridge20260903.CommonDenominatorFiveTermData.fifthCell_symbol' depends on axioms: [propext,
 Classical.choice,
 Quot.sound]
'IUTThreeClosures.SteinbergFiveTermBoundaryBridge20260903.CommonDenominatorFiveTermData.actual_fiveTerm_surface_boundary' depends on axioms: [propext,
 Classical.choice,
 Quot.sound]
'IUTThreeClosures.SteinbergFiveTermBoundaryBridge20260903.oddDenominator_actual_fiveTerm_surface_boundary' depends on axioms: [propext,
 Classical.choice,
 Quot.sound]
'IUTThreeClosures.SteinbergFiveTermBoundaryBridge20260903.cellSymbol_oneHalf' depends on axioms: [propext,
 Classical.choice,
 Quot.sound]
'IUTThreeClosures.SteinbergFiveTermBoundaryBridge20260903.cellSymbol_oneSixth' depends on axioms: [propext,
 Classical.choice,
 Quot.sound]
'IUTThreeClosures.SteinbergFiveTermBoundaryBridge20260903.cellSymbol_oneThird' depends on axioms: [propext,
 Classical.choice,
 Quot.sound]
'IUTThreeClosures.SteinbergFiveTermBoundaryBridge20260903.cellSymbol_oneFifth' depends on axioms: [propext,
 Classical.choice,
 Quot.sound]
'IUTThreeClosures.SteinbergFiveTermBoundaryBridge20260903.cellSymbol_threeFifths' depends on axioms: [propext,
 Classical.choice,
 Quot.sound]
'IUTThreeClosures.SteinbergFiveTermBoundaryBridge20260903.halfSixth_surface_boundary' depends on axioms: [propext,
 Classical.choice,
 Quot.sound]
'IUTThreeClosures.SteinbergFiveTermBoundaryBridge20260903.cellSymbol_oneHalf_ne_oneSixth' depends on axioms: [propext,
 Classical.choice,
 Quot.sound]
'IUTThreeClosures.SteinbergFiveTermBoundaryBridge20260903.cellSymbol_oneHalf_ne_oneThird' depends on axioms: [propext,
 Classical.choice,
 Quot.sound]
'IUTThreeClosures.SteinbergFiveTermBoundaryBridge20260903.cellSymbol_oneHalf_ne_oneFifth' depends on axioms: [propext,
 Classical.choice,
 Quot.sound]
'IUTThreeClosures.SteinbergFiveTermBoundaryBridge20260903.cellSymbol_oneHalf_ne_threeFifths' depends on axioms: [propext,
 Classical.choice,
 Quot.sound]
'IUTThreeClosures.SteinbergFiveTermBoundaryBridge20260903.halfSixth_realizedChain_apply_oneHalf' depends on axioms: [propext,
 Classical.choice,
 Quot.sound]
'IUTThreeClosures.SteinbergFiveTermBoundaryBridge20260903.halfSixth_realizedChain_ne_zero' depends on axioms: [propext,
 Classical.choice,
 Quot.sound]
'IUTThreeClosures.SteinbergFiveTermBoundaryBridge20260903.positive_realizedChain_not_always_zero' depends on axioms: [propext,
 Classical.choice,
 Quot.sound]
'IUTThreeClosures.SteinbergFiveTermBoundaryBridge20260903.halfSixth_realizedChain_mem_positiveFiveTermRelation' depends on axioms: [propext,
 Classical.choice,
 Quot.sound]
'IUTThreeClosures.SteinbergFiveTermBoundaryBridge20260903.positiveFiveTermRelation_ne_bot' depends on axioms: [propext,
 Classical.choice,
 Quot.sound]
'IUTThreeClosures.SteinbergFiveTermBoundaryBridge20260903.fiveTermChain_all_zero_eq_single' depends on axioms: [propext,
 Classical.choice,
 Quot.sound]
'IUTThreeClosures.SteinbergFiveTermBoundaryBridge20260903.fiveTermChain_all_zero_ne_zero' depends on axioms: [propext,
 Classical.choice,
 Quot.sound]
'IUTThreeClosures.SteinbergFiveTermBoundaryBridge20260903.not_all_fiveTermChains_eq_zero' depends on axioms: [propext,
 Classical.choice,
 Quot.sound]
'IUTThreeClosures.SteinbergFiveTermBoundaryBridge20260903.fiveTermChain_all_zero_equivalent_zero' depends on axioms: [propext,
 Classical.choice,
 Quot.sound]
'IUTThreeClosures.SteinbergFiveTermBoundaryBridge20260903.fiveTermEquivalent_does_not_imply_chain_equality' depends on axioms: [propext,
 Classical.choice,
 Quot.sound]
'IUTThreeClosures.SteinbergFiveTermBoundaryBridge20260903.chainBoundary_not_injective' depends on axioms: [propext,
 Classical.choice,
 Quot.sound]
