'IUTThreeClosures.AlternativeQualityPackingBridge20260903.packing_bound_iff' depends on axioms: [propext,
 Classical.choice,
 Quot.sound]
'IUTThreeClosures.AlternativeQualityPackingBridge20260903.standard_nonneg_and_le_dgm' depends on axioms: [propext,
 Classical.choice,
 Quot.sound]
'IUTThreeClosures.AlternativeQualityPackingBridge20260903.clustered_efficiency_lower' depends on axioms: [propext,
 Classical.choice,
 Quot.sound]
'IUTThreeClosures.AlternativeQualityPackingBridge20260903.witness_packing_identity' depends on axioms: [propext,
 Classical.choice,
 Quot.sound]
'IUTThreeClosures.AlternativeQualityPackingBridge20260903.witness_efficiency_pos' depends on axioms: [propext,
 Classical.choice,
 Quot.sound]
'IUTThreeClosures.AlternativeQualityPackingBridge20260903.witness_efficiency_le_one' depends on axioms: [propext,
 Classical.choice,
 Quot.sound]
'IUTThreeClosures.AlternativeQualityPackingBridge20260903.witness_dgm_pos' depends on axioms: [propext,
 Classical.choice,
 Quot.sound]
'IUTThreeClosures.AlternativeQualityPackingBridge20260903.witness_dgm_unbounded' depends on axioms: [propext,
 Classical.choice,
 Quot.sound]
'IUTThreeClosures.AlternativeQualityPackingBridge20260903.exists_unboundedDGM_constantStandard' depends on axioms: [propext,
 Classical.choice,
 Quot.sound]
