'IUTThreeClosures.PellFixedTwoTransversality20260903.stepMatrix' depends on axioms: [propext, Quot.sound]
'IUTThreeClosures.PellFixedTwoTransversality20260903.sqrtMatrix' depends on axioms: [propext, Quot.sound]
'IUTThreeClosures.PellFixedTwoTransversality20260903.step_eq_one_add' depends on axioms: [propext,
 Classical.choice,
 Quot.sound]
'IUTThreeClosures.PellFixedTwoTransversality20260903.sqrt_sq' depends on axioms: [propext, Classical.choice, Quot.sound]
'IUTThreeClosures.PellFixedTwoTransversality20260903.two_matrix' depends on axioms: [propext,
 Classical.choice,
 Quot.sound]
'IUTThreeClosures.PellFixedTwoTransversality20260903.sqrt_pow_odd' depends on axioms: [propext,
 Classical.choice,
 Quot.sound]
'IUTThreeClosures.PellFixedTwoTransversality20260903.two_matrix_pow' depends on axioms: [propext,
 Classical.choice,
 Quot.sound]
'IUTThreeClosures.PellFixedTwoTransversality20260903.sqrt_pow_odd_explicit' depends on axioms: [propext,
 Classical.choice,
 Quot.sound]
'IUTThreeClosures.PellFixedTwoTransversality20260903.sqrt_pow_odd_first_col' depends on axioms: [propext,
 Classical.choice,
 Quot.sound]
'IUTThreeClosures.PellFixedTwoTransversality20260903.freshman_remainder_first_col' depends on axioms: [propext,
 Classical.choice,
 Quot.sound]
'IUTThreeClosures.PellFixedTwoTransversality20260903.step_mul_first_col' depends on axioms: [propext,
 Classical.choice,
 Quot.sound]
'IUTThreeClosures.PellFixedTwoTransversality20260903.step_pow_first_col' depends on axioms: [propext,
 Classical.choice,
 Quot.sound]
'IUTThreeClosures.PellFixedTwoTransversality20260903.prime_index_coordinate_expansion' depends on axioms: [propext,
 Classical.choice,
 Quot.sound]
'IUTThreeClosures.PellFixedTwoTransversality20260903.prime_index_not_dvd_coordinates' depends on axioms: [propext,
 Classical.choice,
 Quot.sound]
'IUTThreeClosures.PellFixedTwoTransversality20260903.sqrtTwoOrbit_mod_two' depends on axioms: [propext, Quot.sound]
'IUTThreeClosures.PellFixedTwoTransversality20260903.odd_index_coordinates_odd' depends on axioms: [propext,
 Classical.choice,
 Quot.sound]
'IUTThreeClosures.PellFixedTwoTransversality20260903.sqrtTwoOrbit_fst_add_two' depends on axioms: [propext, Quot.sound]
'IUTThreeClosures.PellFixedTwoTransversality20260903.sqrtTwoOrbit_snd_add_two' depends on axioms: [propext, Quot.sound]
'IUTThreeClosures.PellFixedTwoTransversality20260903.pellFValue_two_eq_sqrtTwoOrbit_snd' depends on axioms: [propext,
 Classical.choice,
 Quot.sound]
'IUTThreeClosures.PellFixedTwoTransversality20260903.pellLValue_two_eq_two_mul_sqrtTwoOrbit_fst' depends on axioms: [propext,
 Classical.choice,
 Quot.sound]
'IUTThreeClosures.PellFixedTwoTransversality20260903.fixed_two_lucas_all_support_transverse' depends on axioms: [propext,
 Classical.choice,
 Quot.sound]
'IUTThreeClosures.PellFixedTwoTransversality20260903.fixed_two_fibonacci_all_support_transverse' depends on axioms: [propext,
 Classical.choice,
 Quot.sound]
'IUTThreeClosures.PellFixedTwoTransversality20260903.fixed_two_lucas_support_scale_unit' depends on axioms: [propext,
 Classical.choice,
 Quot.sound]
'IUTThreeClosures.PellFixedTwoTransversality20260903.FixedPrimeIndexAllZeroDisplacements' depends on axioms: [propext,
 Classical.choice,
 Quot.sound]
'IUTThreeClosures.PellFixedTwoTransversality20260903.fixed_two_squarefull_iff_all_zero_displacements' depends on axioms: [propext,
 Classical.choice,
 Quot.sound]
'IUTThreeClosures.PellFixedTwoTransversality20260903.FixedPrimeIndexZeroDisplacementExclusion' depends on axioms: [propext,
 Classical.choice,
 Quot.sound]
'IUTThreeClosures.PellFixedTwoTransversality20260903.FixedPrimeIndexSquarefullExclusion' depends on axioms: [propext]
'IUTThreeClosures.PellFixedTwoTransversality20260903.fixed_zero_displacement_exclusion_iff_squarefull_exclusion' depends on axioms: [propext,
 Classical.choice,
 Quot.sound]
'IUTThreeClosures.PellFixedTwoTransversality20260903.FixedNoIndividualZeroDisplacement' depends on axioms: [propext,
 Classical.choice,
 Quot.sound]
'IUTThreeClosures.PellFixedTwoTransversality20260903.index_seven_fibonacci_zero_displacement' depends on axioms: [propext,
 Classical.choice,
 Quot.sound]
'IUTThreeClosures.PellFixedTwoTransversality20260903.not_fixedNoIndividualZeroDisplacement' depends on axioms: [propext,
 Classical.choice,
 Quot.sound]
